Archive member included to satisfy reference by file (symbol)

C:/ST/STM32CubeIDE_1.17.0/STM32CubeIDE/plugins/com.st.stm32cube.ide.mcu.externaltools.gnu-tools-for-stm32.12.3.rel1.win32_1.1.0.202410251130/tools/bin/../lib/gcc/arm-none-eabi/12.3.1/../../../../arm-none-eabi/lib/thumb/v7e-m+dp/hard\libc_nano.a(libc_a-exit.o)
                              C:/ST/STM32CubeIDE_1.17.0/STM32CubeIDE/plugins/com.st.stm32cube.ide.mcu.externaltools.gnu-tools-for-stm32.12.3.rel1.win32_1.1.0.202410251130/tools/bin/../lib/gcc/arm-none-eabi/12.3.1/../../../../arm-none-eabi/lib/thumb/v7e-m+dp/hard/crt0.o (exit)
C:/ST/STM32CubeIDE_1.17.0/STM32CubeIDE/plugins/com.st.stm32cube.ide.mcu.externaltools.gnu-tools-for-stm32.12.3.rel1.win32_1.1.0.202410251130/tools/bin/../lib/gcc/arm-none-eabi/12.3.1/../../../../arm-none-eabi/lib/thumb/v7e-m+dp/hard\libc_nano.a(libc_a-findfp.o)
                              C:/ST/STM32CubeIDE_1.17.0/STM32CubeIDE/plugins/com.st.stm32cube.ide.mcu.externaltools.gnu-tools-for-stm32.12.3.rel1.win32_1.1.0.202410251130/tools/bin/../lib/gcc/arm-none-eabi/12.3.1/../../../../arm-none-eabi/lib/thumb/v7e-m+dp/hard\libc_nano.a(libc_a-exit.o) (__stdio_exit_handler)
C:/ST/STM32CubeIDE_1.17.0/STM32CubeIDE/plugins/com.st.stm32cube.ide.mcu.externaltools.gnu-tools-for-stm32.12.3.rel1.win32_1.1.0.202410251130/tools/bin/../lib/gcc/arm-none-eabi/12.3.1/../../../../arm-none-eabi/lib/thumb/v7e-m+dp/hard\libc_nano.a(libc_a-fwalk.o)
                              C:/ST/STM32CubeIDE_1.17.0/STM32CubeIDE/plugins/com.st.stm32cube.ide.mcu.externaltools.gnu-tools-for-stm32.12.3.rel1.win32_1.1.0.202410251130/tools/bin/../lib/gcc/arm-none-eabi/12.3.1/../../../../arm-none-eabi/lib/thumb/v7e-m+dp/hard\libc_nano.a(libc_a-findfp.o) (_fwalk_sglue)
C:/ST/STM32CubeIDE_1.17.0/STM32CubeIDE/plugins/com.st.stm32cube.ide.mcu.externaltools.gnu-tools-for-stm32.12.3.rel1.win32_1.1.0.202410251130/tools/bin/../lib/gcc/arm-none-eabi/12.3.1/../../../../arm-none-eabi/lib/thumb/v7e-m+dp/hard\libc_nano.a(libc_a-stdio.o)
                              C:/ST/STM32CubeIDE_1.17.0/STM32CubeIDE/plugins/com.st.stm32cube.ide.mcu.externaltools.gnu-tools-for-stm32.12.3.rel1.win32_1.1.0.202410251130/tools/bin/../lib/gcc/arm-none-eabi/12.3.1/../../../../arm-none-eabi/lib/thumb/v7e-m+dp/hard\libc_nano.a(libc_a-findfp.o) (__sread)
C:/ST/STM32CubeIDE_1.17.0/STM32CubeIDE/plugins/com.st.stm32cube.ide.mcu.externaltools.gnu-tools-for-stm32.12.3.rel1.win32_1.1.0.202410251130/tools/bin/../lib/gcc/arm-none-eabi/12.3.1/../../../../arm-none-eabi/lib/thumb/v7e-m+dp/hard\libc_nano.a(libc_a-memset.o)
                              C:/ST/STM32CubeIDE_1.17.0/STM32CubeIDE/plugins/com.st.stm32cube.ide.mcu.externaltools.gnu-tools-for-stm32.12.3.rel1.win32_1.1.0.202410251130/tools/bin/../lib/gcc/arm-none-eabi/12.3.1/../../../../arm-none-eabi/lib/thumb/v7e-m+dp/hard/crt0.o (memset)
C:/ST/STM32CubeIDE_1.17.0/STM32CubeIDE/plugins/com.st.stm32cube.ide.mcu.externaltools.gnu-tools-for-stm32.12.3.rel1.win32_1.1.0.202410251130/tools/bin/../lib/gcc/arm-none-eabi/12.3.1/../../../../arm-none-eabi/lib/thumb/v7e-m+dp/hard\libc_nano.a(libc_a-closer.o)
                              C:/ST/STM32CubeIDE_1.17.0/STM32CubeIDE/plugins/com.st.stm32cube.ide.mcu.externaltools.gnu-tools-for-stm32.12.3.rel1.win32_1.1.0.202410251130/tools/bin/../lib/gcc/arm-none-eabi/12.3.1/../../../../arm-none-eabi/lib/thumb/v7e-m+dp/hard\libc_nano.a(libc_a-stdio.o) (_close_r)
C:/ST/STM32CubeIDE_1.17.0/STM32CubeIDE/plugins/com.st.stm32cube.ide.mcu.externaltools.gnu-tools-for-stm32.12.3.rel1.win32_1.1.0.202410251130/tools/bin/../lib/gcc/arm-none-eabi/12.3.1/../../../../arm-none-eabi/lib/thumb/v7e-m+dp/hard\libc_nano.a(libc_a-reent.o)
                              C:/ST/STM32CubeIDE_1.17.0/STM32CubeIDE/plugins/com.st.stm32cube.ide.mcu.externaltools.gnu-tools-for-stm32.12.3.rel1.win32_1.1.0.202410251130/tools/bin/../lib/gcc/arm-none-eabi/12.3.1/../../../../arm-none-eabi/lib/thumb/v7e-m+dp/hard\libc_nano.a(libc_a-closer.o) (errno)
C:/ST/STM32CubeIDE_1.17.0/STM32CubeIDE/plugins/com.st.stm32cube.ide.mcu.externaltools.gnu-tools-for-stm32.12.3.rel1.win32_1.1.0.202410251130/tools/bin/../lib/gcc/arm-none-eabi/12.3.1/../../../../arm-none-eabi/lib/thumb/v7e-m+dp/hard\libc_nano.a(libc_a-impure.o)
                              C:/ST/STM32CubeIDE_1.17.0/STM32CubeIDE/plugins/com.st.stm32cube.ide.mcu.externaltools.gnu-tools-for-stm32.12.3.rel1.win32_1.1.0.202410251130/tools/bin/../lib/gcc/arm-none-eabi/12.3.1/../../../../arm-none-eabi/lib/thumb/v7e-m+dp/hard\libc_nano.a(libc_a-reent.o) (_impure_ptr)
C:/ST/STM32CubeIDE_1.17.0/STM32CubeIDE/plugins/com.st.stm32cube.ide.mcu.externaltools.gnu-tools-for-stm32.12.3.rel1.win32_1.1.0.202410251130/tools/bin/../lib/gcc/arm-none-eabi/12.3.1/../../../../arm-none-eabi/lib/thumb/v7e-m+dp/hard\libc_nano.a(libc_a-lseekr.o)
[...]
Memory Configuration

Name             Origin             Length             Attributes
FLASH            0x08000000         0x00200000         xr
DTCMRAM          0x20000000         0x00020000         xrw
RAM_D1           0x24000000         0x00080000         xrw
RAM_D2           0x30000000         0x00048000         xrw
RAM_D3           0x38000000         0x00010000         xrw
ITCMRAM          0x00000000         0x00010000         xrw
*default*        0x00000000         0xffffffff

Linker script and memory map

LOAD C:/ST/STM32CubeIDE_1.17.0/STM32CubeIDE/plugins/com.st.stm32cube.ide.mcu.externaltools.gnu-tools-for-stm32.12.3.rel1.win32_1.1.0.202410251130/tools/bin/../lib/gcc/arm-none-eabi/12.3.1/thumb/v7e-m+dp/hard/crti.o
LOAD C:/ST/STM32CubeIDE_1.17.0/STM32CubeIDE/plugins/com.st.stm32cube.ide.mcu.externaltools.gnu-tools-for-stm32.12.3.rel1.win32_1.1.0.202410251130/tools/bin/../lib/gcc/arm-none-eabi/12.3.1/thumb/v7e-m+dp/hard/crtbegin.o
LOAD C:/ST/STM32CubeIDE_1.17.0/STM32CubeIDE/plugins/com.st.stm32cube.ide.mcu.externaltools.gnu-tools-for-stm32.12.3.rel1.win32_1.1.0.202410251130/tools/bin/../lib/gcc/arm-none-eabi/12.3.1/../../../../arm-none-eabi/lib/thumb/v7e-m+dp/hard/crt0.o
LOAD ./Core/Src/dma.o
LOAD ./Core/Src/gpio.o
LOAD ./Core/Src/main.o
LOAD ./Core/Src/memorymap.o
LOAD ./Core/Src/stm32h7xx_hal_msp.o
LOAD ./Core/Src/stm32h7xx_it.o
LOAD ./Core/Src/syscalls.o
LOAD ./Core/Src/sysmem.o
LOAD ./Core/Src/system_stm32h7xx.o
LOAD ./Core/Src/tim.o
LOAD ./Core/Startup/startup_stm32h753zitx.o
LOAD ./Drivers/BSP/STM32H7xx_Nucleo/stm32h7xx_nucleo.o
LOAD ./Drivers/STM32H7xx_HAL_Driver/Src/stm32h7xx_hal.o
LOAD ./Drivers/STM32H7xx_HAL_Driver/Src/stm32h7xx_hal_cortex.o
LOAD ./Drivers/STM32H7xx_HAL_Driver/Src/stm32h7xx_hal_dma.o
LOAD ./Drivers/STM32H7xx_HAL_Driver/Src/stm32h7xx_hal_dma_ex.o
LOAD ./Drivers/STM32H7xx_HAL_Driver/Src/stm32h7xx_hal_exti.o
LOAD ./Drivers/STM32H7xx_HAL_Driver/Src/stm32h7xx_hal_flash.o
LOAD ./Drivers/STM32H7xx_HAL_Driver/Src/stm32h7xx_hal_flash_ex.o
LOAD ./Drivers/STM32H7xx_HAL_Driver/Src/stm32h7xx_hal_gpio.o
LOAD ./Drivers/STM32H7xx_HAL_Driver/Src/stm32h7xx_hal_hsem.o
LOAD ./Drivers/STM32H7xx_HAL_Driver/Src/stm32h7xx_hal_i2c.o
LOAD ./Drivers/STM32H7xx_HAL_Driver/Src/stm32h7xx_hal_i2c_ex.o
LOAD ./Drivers/STM32H7xx_HAL_Driver/Src/stm32h7xx_hal_mdma.o
LOAD ./Drivers/STM32H7xx_HAL_Driver/Src/stm32h7xx_hal_pwr.o
LOAD ./Drivers/STM32H7xx_HAL_Driver/Src/stm32h7xx_hal_pwr_ex.o
LOAD ./Drivers/STM32H7xx_HAL_Driver/Src/stm32h7xx_hal_rcc.o
LOAD ./Drivers/STM32H7xx_HAL_Driver/Src/stm32h7xx_hal_rcc_ex.o
LOAD ./Drivers/STM32H7xx_HAL_Driver/Src/stm32h7xx_hal_tim.o
LOAD ./Drivers/STM32H7xx_HAL_Driver/Src/stm32h7xx_hal_tim_ex.o
LOAD ./Drivers/STM32H7xx_HAL_Driver/Src/stm32h7xx_hal_uart.o
LOAD ./Drivers/STM32H7xx_HAL_Driver/Src/stm32h7xx_hal_uart_ex.o
LOAD ./Drivers/STM32H7xx_HAL_Driver/Src/stm32h7xx_hal_usart.o
LOAD ./Drivers/STM32H7xx_HAL_Driver/Src/stm32h7xx_hal_usart_ex.o
START GROUP
LOAD C:/ST/STM32CubeIDE_1.17.0/STM32CubeIDE/plugins/com.st.stm32cube.ide.mcu.externaltools.gnu-tools-for-stm32.12.3.rel1.win32_1.1.0.202410251130/tools/bin/../lib/gcc/arm-none-eabi/12.3.1/../../../../arm-none-eabi/lib/thumb/v7e-m+dp/hard\libc_nano.a
LOAD C:/ST/STM32CubeIDE_1.17.0/STM32CubeIDE/plugins/com.st.stm32cube.ide.mcu.externaltools.gnu-tools-for-stm32.12.3.rel1.win32_1.1.0.202410251130/tools/bin/../lib/gcc/arm-none-eabi/12.3.1/../../../../arm-none-eabi/lib/thumb/v7e-m+dp/hard\libm.a
END GROUP
START GROUP
LOAD C:/ST/STM32CubeIDE_1.17.0/STM32CubeIDE/plugins/com.st.stm32cube.ide.mcu.externaltools.gnu-tools-for-stm32.12.3.rel1.win32_1.1.0.202410251130/tools/bin/../lib/gcc/arm-none-eabi/12.3.1/thumb/v7e-m+dp/hard\libgcc.a
LOAD C:/ST/STM32CubeIDE_1.17.0/STM32CubeIDE/plugins/com.st.stm32cube.ide.mcu.externaltools.gnu-tools-for-stm32.12.3.rel1.win32_1.1.0.202410251130/tools/bin/../lib/gcc/arm-none-eabi/12.3.1/../../../../arm-none-eabi/lib/thumb/v7e-m+dp/hard\libc_nano.a
END GROUP
START GROUP
LOAD C:/ST/STM32CubeIDE_1.17.0/STM32CubeIDE/plugins/com.st.stm32cube.ide.mcu.externaltools.gnu-tools-for-stm32.12.3.rel1.win32_1.1.0.202410251130/tools/bin/../lib/gcc/arm-none-eabi/12.3.1/thumb/v7e-m+dp/hard\libgcc.a
LOAD C:/ST/STM32CubeIDE_1.17.0/STM32CubeIDE/plugins/com.st.stm32cube.ide.mcu.externaltools.gnu-tools-for-stm32.12.3.rel1.win32_1.1.0.202410251130/tools/bin/../lib/gcc/arm-none-eabi/12.3.1/../../../../arm-none-eabi/lib/thumb/v7e-m+dp/hard\libc_nano.a
LOAD C:/ST/STM32CubeIDE_1.17.0/STM32CubeIDE/plugins/com.st.stm32cube.ide.mcu.externaltools.gnu-tools-for-stm32.12.3.rel1.win32_1.1.0.202410251130/tools/bin/../lib/gcc/arm-none-eabi/12.3.1/../../../../arm-none-eabi/lib/thumb/v7e-m+dp/hard\libnosys.a
END GROUP
START GROUP
LOAD C:/ST/STM32CubeIDE_1.17.0/STM32CubeIDE/plugins/com.st.stm32cube.ide.mcu.externaltools.gnu-tools-for-stm32.12.3.rel1.win32_1.1.0.202410251130/tools/bin/../lib/gcc/arm-none-eabi/12.3.1/thumb/v7e-m+dp/hard\libgcc.a
LOAD C:/ST/STM32CubeIDE_1.17.0/STM32CubeIDE/plugins/com.st.stm32cube.ide.mcu.externaltools.gnu-tools-for-stm32.12.3.rel1.win32_1.1.0.202410251130/tools/bin/../lib/gcc/arm-none-eabi/12.3.1/../../../../arm-none-eabi/lib/thumb/v7e-m+dp/hard\libc_nano.a
LOAD C:/ST/STM32CubeIDE_1.17.0/STM32CubeIDE/plugins/com.st.stm32cube.ide.mcu.externaltools.gnu-tools-for-stm32.12.3.rel1.win32_1.1.0.202410251130/tools/bin/../lib/gcc/arm-none-eabi/12.3.1/../../../../arm-none-eabi/lib/thumb/v7e-m+dp/hard\libnosys.a
END GROUP
LOAD C:/ST/STM32CubeIDE_1.17.0/STM32CubeIDE/plugins/com.st.stm32cube.ide.mcu.externaltools.gnu-tools-for-stm32.12.3.rel1.win32_1.1.0.202410251130/tools/bin/../lib/gcc/arm-none-eabi/12.3.1/thumb/v7e-m+dp/hard/crtend.o
LOAD C:/ST/STM32CubeIDE_1.17.0/STM32CubeIDE/plugins/com.st.stm32cube.ide.mcu.externaltools.gnu-tools-for-stm32.12.3.rel1.win32_1.1.0.202410251130/tools/bin/../lib/gcc/arm-none-eabi/12.3.1/thumb/v7e-m+dp/hard/crtn.o
                0x24080000                        _estack = (ORIGIN (RAM_D1) + LENGTH (RAM_D1))
                0x00000200                        _Min_Heap_Size = 0x200
                0x00000400                        _Min_Stack_Size = 0x400

.isr_vector     0x08000000      0x298
                0x08000000                        . = ALIGN (0x4)
 *(.isr_vector)
 .isr_vector    0x08000000      0x298 ./Core/Startup/startup_stm32h753zitx.o
                0x08000000                g_pfnVectors
                0x08000298                        . = ALIGN (0x4)

.text           0x08000298     0x5ed0
                0x08000298                        . = ALIGN (0x4)
 *(.text)
 .text          0x08000298       0x40 C:/ST/STM32CubeIDE_1.17.0/STM32CubeIDE/plugins/com.st.stm32cube.ide.mcu.externaltools.gnu-tools-for-stm32.12.3.rel1.win32_1.1.0.202410251130/tools/bin/../lib/gcc/arm-none-eabi/12.3.1/thumb/v7e-m+dp/hard/crtbegin.o
 *(.text*)
 .text.MX_DMA_Init
                0x080002d8       0x40 ./Core/Src/dma.o
                0x080002d8                MX_DMA_Init
 .text.MX_GPIO_Init
                0x08000318       0xf4 ./Core/Src/gpio.o
                0x08000318                MX_GPIO_Init
 *fill*         0x0800040c        0x4 
 .text.gammaCorrect
                0x08000410       0x64 ./Core/Src/main.o
                0x08000410                gammaCorrect
 .text.WS2812_SetColor
                0x08000474       0x7c ./Core/Src/main.o
                0x08000474                WS2812_SetColor
 .text.WS2812_Refresh
                0x080004f0       0xbc ./Core/Src/main.o
                0x080004f0                WS2812_Refresh
 .text.main     0x080005ac       0x72 ./Core/Src/main.o
                0x080005ac                main
 *fill*         0x0800061e        0x2 
 .text.SystemClock_Config
                0x08000620       0xd4 ./Core/Src/main.o
                0x08000620                SystemClock_Config
 .text.Error_Handler
                0x080006f4        0x8 ./Core/Src/main.o
                0x080006f4                Error_Handler
 .text.HAL_MspInit
                0x080006fc       0x34 ./Core/Src/stm32h7xx_hal_msp.o
                0x080006fc                HAL_MspInit
 .text.NMI_Handler
                0x08000730        0x8 ./Core/Src/stm32h7xx_it.o
                0x08000730                NMI_Handler
 .text.HardFault_Handler
                0x08000738        0x8 ./Core/Src/stm32h7xx_it.o
                0x08000738                HardFault_Handler
 .text.MemManage_Handler
                0x08000740        0x8 ./Core/Src/stm32h7xx_it.o
                0x08000740                MemManage_Handler
 .text.BusFault_Handler
                0x08000748        0x8 ./Core/Src/stm32h7xx_it.o
                0x08000748                BusFault_Handler
 .text.UsageFault_Handler
                0x08000750        0x8 ./Core/Src/stm32h7xx_it.o
                0x08000750                UsageFault_Handler
 .text.SVC_Handler
                0x08000758        0xe ./Core/Src/stm32h7xx_it.o
                0x08000758                SVC_Handler
 .text.DebugMon_Handler
                0x08000766        0xe ./Core/Src/stm32h7xx_it.o
                0x08000766                DebugMon_Handler
 .text.PendSV_Handler
                0x08000774        0xe ./Core/Src/stm32h7xx_it.o
                0x08000774                PendSV_Handler
 .text.SysTick_Handler
                0x08000782        0xc ./Core/Src/stm32h7xx_it.o
                0x08000782                SysTick_Handler
 *fill*         0x0800078e        0x2 
 .text.DMA1_Stream0_IRQHandler
                0x08000790       0x14 ./Core/Src/stm32h7xx_it.o
                0x08000790                DMA1_Stream0_IRQHandler
 .text.EXTI15_10_IRQHandler
                0x080007a4        0xe ./Core/Src/stm32h7xx_it.o
                0x080007a4                EXTI15_10_IRQHandler
 *fill*         0x080007b2        0x2 
 .text.SystemInit
                0x080007b4      0x110 ./Core/Src/system_stm32h7xx.o
                0x080007b4                SystemInit
 .text.ExitRun0Mode
                0x080008c4       0x30 ./Core/Src/system_stm32h7xx.o
                0x080008c4                ExitRun0Mode
 .text.MX_TIM3_Init
                0x080008f4       0xec ./Core/Src/tim.o
                0x080008f4                MX_TIM3_Init
 .text.HAL_TIM_Base_MspInit
                0x080009e0       0xa8 ./Core/Src/tim.o
                0x080009e0                HAL_TIM_Base_MspInit
 .text.HAL_TIM_MspPostInit
                0x08000a88       0x74 ./Core/Src/tim.o
                0x08000a88                HAL_TIM_MspPostInit
 .text.Reset_Handler
                0x08000afc       0x54 ./Core/Startup/startup_stm32h753zitx.o
                0x08000afc                Reset_Handler
 .text.Default_Handler
                0x08000b50        0x2 ./Core/Startup/startup_stm32h753zitx.o
                0x08000b50                RTC_Alarm_IRQHandler
                0x08000b50                HASH_RNG_IRQHandler
                0x08000b50                EXTI2_IRQHandler
                0x08000b50                TIM8_CC_IRQHandler
                0x08000b50                HRTIM1_Master_IRQHandler
                0x08000b50                UART8_IRQHandler
                0x08000b50                SPI4_IRQHandler
                0x08000b50                TIM1_CC_IRQHandler
                0x08000b50                BDMA_Channel6_IRQHandler
                0x08000b50                DMA2_Stream5_IRQHandler
                0x08000b50                HRTIM1_FLT_IRQHandler
                0x08000b50                JPEG_IRQHandler
                0x08000b50                DMA1_Stream5_IRQHandler
                0x08000b50                BDMA_Channel1_IRQHandler
                0x08000b50                HRTIM1_TIMD_IRQHandler
                0x08000b50                TAMP_STAMP_IRQHandler
                0x08000b50                EXTI3_IRQHandler
                0x08000b50                LPTIM4_IRQHandler
                0x08000b50                TIM8_TRG_COM_TIM14_IRQHandler
                0x08000b50                LPTIM2_IRQHandler
                0x08000b50                DFSDM1_FLT1_IRQHandler
                0x08000b50                DMAMUX2_OVR_IRQHandler
                0x08000b50                TIM8_UP_TIM13_IRQHandler
                0x08000b50                I2C3_ER_IRQHandler
                0x08000b50                DFSDM1_FLT2_IRQHandler
                0x08000b50                MDMA_IRQHandler
                0x08000b50                LPTIM3_IRQHandler
                0x08000b50                HSEM1_IRQHandler
                0x08000b50                EXTI0_IRQHandler
                0x08000b50                I2C2_EV_IRQHandler
                0x08000b50                DMA1_Stream2_IRQHandler
                0x08000b50                FPU_IRQHandler
                0x08000b50                OTG_HS_WKUP_IRQHandler
                0x08000b50                FDCAN1_IT1_IRQHandler
                0x08000b50                LTDC_ER_IRQHandler
                0x08000b50                DMA2_Stream2_IRQHandler
                0x08000b50                HRTIM1_TIME_IRQHandler
                0x08000b50                SPI1_IRQHandler
                0x08000b50                TIM6_DAC_IRQHandler
                0x08000b50                DCMI_IRQHandler
                0x08000b50                HRTIM1_TIMC_IRQHandler
                0x08000b50                DMA2_Stream3_IRQHandler
                0x08000b50                SAI2_IRQHandler
                0x08000b50                DFSDM1_FLT3_IRQHandler
                0x08000b50                USART6_IRQHandler
                0x08000b50                TIM17_IRQHandler
                0x08000b50                USART3_IRQHandler
                0x08000b50                BDMA_Channel7_IRQHandler
                0x08000b50                CRYP_IRQHandler
                0x08000b50                LPTIM5_IRQHandler
                0x08000b50                UART5_IRQHandler
                0x08000b50                ADC3_IRQHandler
                0x08000b50                DMA2_Stream0_IRQHandler
                0x08000b50                TIM4_IRQHandler
                0x08000b50                BDMA_Channel2_IRQHandler
                0x08000b50                QUADSPI_IRQHandler
                0x08000b50                I2C1_EV_IRQHandler
                0x08000b50                DMA1_Stream6_IRQHandler
                0x08000b50                DMAMUX1_OVR_IRQHandler
                0x08000b50                DMA1_Stream1_IRQHandler
                0x08000b50                TIM16_IRQHandler
                0x08000b50                UART4_IRQHandler
                0x08000b50                BDMA_Channel5_IRQHandler
                0x08000b50                TIM3_IRQHandler
                0x08000b50                RCC_IRQHandler
                0x08000b50                TIM8_BRK_TIM12_IRQHandler
                0x08000b50                TIM1_TRG_COM_IRQHandler
                0x08000b50                Default_Handler
                0x08000b50                ECC_IRQHandler
                0x08000b50                CEC_IRQHandler
                0x08000b50                BDMA_Channel0_IRQHandler
                0x08000b50                ADC_IRQHandler
                0x08000b50                DMA1_Stream7_IRQHandler
                0x08000b50                HRTIM1_TIMA_IRQHandler
                0x08000b50                SPI5_IRQHandler
                0x08000b50                TIM7_IRQHandler
                0x08000b50                SDMMC1_IRQHandler
                0x08000b50                TIM5_IRQHandler
                0x08000b50                DMA2_Stream7_IRQHandler
                0x08000b50                TIM15_IRQHandler
                0x08000b50                PVD_AVD_IRQHandler
                0x08000b50                I2C3_EV_IRQHandler
                0x08000b50                EXTI9_5_IRQHandler
                0x08000b50                RTC_WKUP_IRQHandler
                0x08000b50                LTDC_IRQHandler
                0x08000b50                SAI3_IRQHandler
                0x08000b50                ETH_WKUP_IRQHandler
                0x08000b50                SPDIF_RX_IRQHandler
                0x08000b50                SPI2_IRQHandler
                0x08000b50                OTG_HS_EP1_IN_IRQHandler
                0x08000b50                CRS_IRQHandler
                0x08000b50                EXTI4_IRQHandler
                0x08000b50                HRTIM1_TIMB_IRQHandler
                0x08000b50                FDCAN2_IT1_IRQHandler
                0x08000b50                ETH_IRQHandler
                0x08000b50                TIM1_UP_IRQHandler
                0x08000b50                BDMA_Channel4_IRQHandler
                0x08000b50                OTG_HS_EP1_OUT_IRQHandler
                0x08000b50                WWDG_IRQHandler
                0x08000b50                SPI6_IRQHandler
                0x08000b50                MDIOS_IRQHandler
                0x08000b50                I2C4_EV_IRQHandler
                0x08000b50                FDCAN2_IT0_IRQHandler
                0x08000b50                LPUART1_IRQHandler
                0x08000b50                FDCAN1_IT0_IRQHandler
                0x08000b50                TIM2_IRQHandler
                0x08000b50                OTG_FS_WKUP_IRQHandler
                0x08000b50                OTG_HS_IRQHandler
                0x08000b50                DMA2D_IRQHandler
                0x08000b50                TIM1_BRK_IRQHandler
                0x08000b50                EXTI1_IRQHandler
                0x08000b50                SDMMC2_IRQHandler
                0x08000b50                OTG_FS_EP1_OUT_IRQHandler
                0x08000b50                BDMA_Channel3_IRQHandler
                0x08000b50                UART7_IRQHandler
                0x08000b50                MDIOS_WKUP_IRQHandler
                0x08000b50                USART2_IRQHandler
                0x08000b50                DFSDM1_FLT0_IRQHandler
                0x08000b50                SAI4_IRQHandler
                0x08000b50                I2C2_ER_IRQHandler
                0x08000b50                DMA2_Stream1_IRQHandler
                0x08000b50                FLASH_IRQHandler
                0x08000b50                DMA2_Stream4_IRQHandler
                0x08000b50                USART1_IRQHandler
                0x08000b50                OTG_FS_IRQHandler
                0x08000b50                SPI3_IRQHandler
                0x08000b50                WAKEUP_PIN_IRQHandler
                0x08000b50                DMA1_Stream4_IRQHandler
                0x08000b50                OTG_FS_EP1_IN_IRQHandler
                0x08000b50                I2C1_ER_IRQHandler
                0x08000b50                FMC_IRQHandler
                0x08000b50                FDCAN_CAL_IRQHandler
                0x08000b50                SWPMI1_IRQHandler
                0x08000b50                COMP1_IRQHandler
                0x08000b50                LPTIM1_IRQHandler
                0x08000b50                I2C4_ER_IRQHandler
                0x08000b50                DMA2_Stream6_IRQHandler
                0x08000b50                SAI1_IRQHandler
                0x08000b50                DMA1_Stream3_IRQHandler
 *fill*         0x08000b52        0x2 
 .text.BSP_PB_Init
                0x08000b54       0xe4 ./Drivers/BSP/STM32H7xx_Nucleo/stm32h7xx_nucleo.o
                0x08000b54                BSP_PB_Init
 .text.BSP_PB_IRQHandler
                0x08000c38       0x24 ./Drivers/BSP/STM32H7xx_Nucleo/stm32h7xx_nucleo.o
                0x08000c38                BSP_PB_IRQHandler
 .text.BSP_PB_Callback
                0x08000c5c       0x16 ./Drivers/BSP/STM32H7xx_Nucleo/stm32h7xx_nucleo.o
                0x08000c5c                BSP_PB_Callback
 .text.BUTTON_USER_EXTI_Callback
                0x08000c72        0xe ./Drivers/BSP/STM32H7xx_Nucleo/stm32h7xx_nucleo.o
 .text.HAL_Init
                0x08000c80       0x78 ./Drivers/STM32H7xx_HAL_Driver/Src/stm32h7xx_hal.o
                0x08000c80                HAL_Init
 .text.HAL_InitTick
                0x08000cf8       0x6c ./Drivers/STM32H7xx_HAL_Driver/Src/stm32h7xx_hal.o
                0x08000cf8                HAL_InitTick
 .text.HAL_IncTick
                0x08000d64       0x28 ./Drivers/STM32H7xx_HAL_Driver/Src/stm32h7xx_hal.o
                0x08000d64                HAL_IncTick
 .text.HAL_GetTick
                0x08000d8c       0x18 ./Drivers/STM32H7xx_HAL_Driver/Src/stm32h7xx_hal.o
                0x08000d8c                HAL_GetTick
 .text.HAL_Delay
                0x08000da4       0x48 ./Drivers/STM32H7xx_HAL_Driver/Src/stm32h7xx_hal.o
                0x08000da4                HAL_Delay
 .text.HAL_GetREVID
                0x08000dec       0x18 ./Drivers/STM32H7xx_HAL_Driver/Src/stm32h7xx_hal.o
                0x08000dec                HAL_GetREVID
 .text.__NVIC_SetPriorityGrouping
                0x08000e04       0x48 ./Drivers/STM32H7xx_HAL_Driver/Src/stm32h7xx_hal_cortex.o
 .text.__NVIC_GetPriorityGrouping
                0x08000e4c       0x1c ./Drivers/STM32H7xx_HAL_Driver/Src/stm32h7xx_hal_cortex.o
 .text.__NVIC_EnableIRQ
                0x08000e68       0x3c ./Drivers/STM32H7xx_HAL_Driver/Src/stm32h7xx_hal_cortex.o
 .text.__NVIC_SetPriority
                0x08000ea4       0x54 ./Drivers/STM32H7xx_HAL_Driver/Src/stm32h7xx_hal_cortex.o
 .text.NVIC_EncodePriority
                0x08000ef8       0x66 ./Drivers/STM32H7xx_HAL_Driver/Src/stm32h7xx_hal_cortex.o
 *fill*         0x08000f5e        0x2 
 .text.SysTick_Config
                0x08000f60       0x44 ./Drivers/STM32H7xx_HAL_Driver/Src/stm32h7xx_hal_cortex.o
 .text.HAL_NVIC_SetPriorityGrouping
                0x08000fa4       0x16 ./Drivers/STM32H7xx_HAL_Driver/Src/stm32h7xx_hal_cortex.o
                0x08000fa4                HAL_NVIC_SetPriorityGrouping
 .text.HAL_NVIC_SetPriority
                0x08000fba       0x34 ./Drivers/STM32H7xx_HAL_Driver/Src/stm32h7xx_hal_cortex.o
                0x08000fba                HAL_NVIC_SetPriority
 .text.HAL_NVIC_EnableIRQ
                0x08000fee       0x1c ./Drivers/STM32H7xx_HAL_Driver/Src/stm32h7xx_hal_cortex.o
                0x08000fee                HAL_NVIC_EnableIRQ
 .text.HAL_SYSTICK_Config
                0x0800100a       0x18 ./Drivers/STM32H7xx_HAL_Driver/Src/stm32h7xx_hal_cortex.o
                0x0800100a                HAL_SYSTICK_Config
 *fill*         0x08001022        0x2 
 .text.HAL_DMA_Init
                0x08001024      0x6b8 ./Drivers/STM32H7xx_HAL_Driver/Src/stm32h7xx_hal_dma.o
                0x08001024                HAL_DMA_Init
 .text.HAL_DMA_Start_IT
                0x080016dc      0x4d4 ./Drivers/STM32H7xx_HAL_Driver/Src/stm32h7xx_hal_dma.o
                0x080016dc                HAL_DMA_Start_IT
 .text.HAL_DMA_IRQHandler
                0x08001bb0      0xe54 ./Drivers/STM32H7xx_HAL_Driver/Src/stm32h7xx_hal_dma.o
                0x08001bb0                HAL_DMA_IRQHandler
 .text.DMA_SetConfig
                0x08002a04      0x358 ./Drivers/STM32H7xx_HAL_Driver/Src/stm32h7xx_hal_dma.o
 .text.DMA_CalcBaseAndBitshift
                0x08002d5c      0x164 ./Drivers/STM32H7xx_HAL_Driver/Src/stm32h7xx_hal_dma.o
 .text.DMA_CheckFifoParam
                0x08002ec0       0xf8 ./Drivers/STM32H7xx_HAL_Driver/Src/stm32h7xx_hal_dma.o
 .text.DMA_CalcDMAMUXChannelBaseAndMask
                0x08002fb8      0x134 ./Drivers/STM32H7xx_HAL_Driver/Src/stm32h7xx_hal_dma.o
 .text.DMA_CalcDMAMUXRequestGenBaseAndMask
                0x080030ec       0xe8 ./Drivers/STM32H7xx_HAL_Driver/Src/stm32h7xx_hal_dma.o
 .text.HAL_EXTI_RegisterCallback
                0x080031d4       0x3e ./Drivers/STM32H7xx_HAL_Driver/Src/stm32h7xx_hal_exti.o
                0x080031d4                HAL_EXTI_RegisterCallback
 .text.HAL_EXTI_GetHandle
                0x08003212       0x28 ./Drivers/STM32H7xx_HAL_Driver/Src/stm32h7xx_hal_exti.o
                0x08003212                HAL_EXTI_GetHandle
 *fill*         0x0800323a        0x2 
 .text.HAL_EXTI_IRQHandler
                0x0800323c       0x60 ./Drivers/STM32H7xx_HAL_Driver/Src/stm32h7xx_hal_exti.o
                0x0800323c                HAL_EXTI_IRQHandler
 .text.HAL_GPIO_Init
                0x0800329c      0x360 ./Drivers/STM32H7xx_HAL_Driver/Src/stm32h7xx_hal_gpio.o
                0x0800329c                HAL_GPIO_Init
 .text.HAL_GPIO_WritePin
                0x080035fc       0x32 ./Drivers/STM32H7xx_HAL_Driver/Src/stm32h7xx_hal_gpio.o
                0x080035fc                HAL_GPIO_WritePin
 *fill*         0x0800362e        0x2 
 .text.HAL_PWREx_ConfigSupply
                0x08003630       0x74 ./Drivers/STM32H7xx_HAL_Driver/Src/stm32h7xx_hal_pwr_ex.o
                0x08003630                HAL_PWREx_ConfigSupply
 .text.HAL_RCC_OscConfig
                0x080036a4      0x8b4 ./Drivers/STM32H7xx_HAL_Driver/Src/stm32h7xx_hal_rcc.o
                0x080036a4                HAL_RCC_OscConfig
 .text.HAL_RCC_ClockConfig
                0x08003f58      0x36c ./Drivers/STM32H7xx_HAL_Driver/Src/stm32h7xx_hal_rcc.o
                0x08003f58                HAL_RCC_ClockConfig
 .text.HAL_RCC_GetSysClockFreq
                0x080042c4      0x2f4 ./Drivers/STM32H7xx_HAL_Driver/Src/stm32h7xx_hal_rcc.o
                0x080042c4                HAL_RCC_GetSysClockFreq
 .text.HAL_TIM_Base_Init
                0x080045b8       0xae ./Drivers/STM32H7xx_HAL_Driver/Src/stm32h7xx_hal_tim.o
                0x080045b8                HAL_TIM_Base_Init
 .text.HAL_TIM_PWM_Init
                0x08004666       0xae ./Drivers/STM32H7xx_HAL_Driver/Src/stm32h7xx_hal_tim.o
                0x08004666                HAL_TIM_PWM_Init
 .text.HAL_TIM_PWM_MspInit
                0x08004714       0x14 ./Drivers/STM32H7xx_HAL_Driver/Src/stm32h7xx_hal_tim.o
                0x08004714                HAL_TIM_PWM_MspInit
 .text.HAL_TIM_PWM_Start_DMA
                0x08004728      0x44c ./Drivers/STM32H7xx_HAL_Driver/Src/stm32h7xx_hal_tim.o
                0x08004728                HAL_TIM_PWM_Start_DMA
 .text.HAL_TIM_PWM_ConfigChannel
                0x08004b74      0x228 ./Drivers/STM32H7xx_HAL_Driver/Src/stm32h7xx_hal_tim.o
                0x08004b74                HAL_TIM_PWM_ConfigChannel
 .text.HAL_TIM_ConfigClockSource
                0x08004d9c      0x1f0 ./Drivers/STM32H7xx_HAL_Driver/Src/stm32h7xx_hal_tim.o
                0x08004d9c                HAL_TIM_ConfigClockSource
 .text.HAL_TIM_PWM_PulseFinishedCallback
                0x08004f8c       0x14 ./Drivers/STM32H7xx_HAL_Driver/Src/stm32h7xx_hal_tim.o
                0x08004f8c                HAL_TIM_PWM_PulseFinishedCallback
 .text.HAL_TIM_PWM_PulseFinishedHalfCpltCallback
                0x08004fa0       0x14 ./Drivers/STM32H7xx_HAL_Driver/Src/stm32h7xx_hal_tim.o
                0x08004fa0                HAL_TIM_PWM_PulseFinishedHalfCpltCallback
 .text.HAL_TIM_ErrorCallback
                0x08004fb4       0x14 ./Drivers/STM32H7xx_HAL_Driver/Src/stm32h7xx_hal_tim.o
                0x08004fb4                HAL_TIM_ErrorCallback
 .text.TIM_DMAError
                0x08004fc8       0x92 ./Drivers/STM32H7xx_HAL_Driver/Src/stm32h7xx_hal_tim.o
                0x08004fc8                TIM_DMAError
 .text.TIM_DMADelayPulseCplt
                0x0800505a       0xa8 ./Drivers/STM32H7xx_HAL_Driver/Src/stm32h7xx_hal_tim.o
 .text.TIM_DMADelayPulseHalfCplt
                0x08005102       0x68 ./Drivers/STM32H7xx_HAL_Driver/Src/stm32h7xx_hal_tim.o
                0x08005102                TIM_DMADelayPulseHalfCplt
 *fill*         0x0800516a        0x2 
 .text.TIM_Base_SetConfig
                0x0800516c      0x140 ./Drivers/STM32H7xx_HAL_Driver/Src/stm32h7xx_hal_tim.o
                0x0800516c                TIM_Base_SetConfig
 .text.TIM_OC1_SetConfig
                0x080052ac      0x120 ./Drivers/STM32H7xx_HAL_Driver/Src/stm32h7xx_hal_tim.o
 .text.TIM_OC2_SetConfig
                0x080053cc      0x114 ./Drivers/STM32H7xx_HAL_Driver/Src/stm32h7xx_hal_tim.o
                0x080053cc                TIM_OC2_SetConfig
 .text.TIM_OC3_SetConfig
                0x080054e0      0x110 ./Drivers/STM32H7xx_HAL_Driver/Src/stm32h7xx_hal_tim.o
 .text.TIM_OC4_SetConfig
                0x080055f0       0xd4 ./Drivers/STM32H7xx_HAL_Driver/Src/stm32h7xx_hal_tim.o
 .text.TIM_OC5_SetConfig
                0x080056c4       0xc8 ./Drivers/STM32H7xx_HAL_Driver/Src/stm32h7xx_hal_tim.o
 .text.TIM_OC6_SetConfig
                0x0800578c       0xcc ./Drivers/STM32H7xx_HAL_Driver/Src/stm32h7xx_hal_tim.o
 .text.TIM_TI1_ConfigInputStage
                0x08005858       0x5e ./Drivers/STM32H7xx_HAL_Driver/Src/stm32h7xx_hal_tim.o
 .text.TIM_TI2_ConfigInputStage
                0x080058b6       0x60 ./Drivers/STM32H7xx_HAL_Driver/Src/stm32h7xx_hal_tim.o
 *fill*         0x08005916        0x2 
 .text.TIM_ITRx_SetConfig
                0x08005918       0x3c ./Drivers/STM32H7xx_HAL_Driver/Src/stm32h7xx_hal_tim.o
 .text.TIM_ETR_SetConfig
                0x08005954       0x40 ./Drivers/STM32H7xx_HAL_Driver/Src/stm32h7xx_hal_tim.o
                0x08005954                TIM_ETR_SetConfig
 .text.TIM_CCxChannelCmd
                0x08005994       0x4a ./Drivers/STM32H7xx_HAL_Driver/Src/stm32h7xx_hal_tim.o
                0x08005994                TIM_CCxChannelCmd
 *fill*         0x080059de        0x2 
 .text.HAL_TIMEx_MasterConfigSynchronization
                0x080059e0      0x11c ./Drivers/STM32H7xx_HAL_Driver/Src/stm32h7xx_hal_tim_ex.o
                0x080059e0                HAL_TIMEx_MasterConfigSynchronization
 .text.memset   0x08005afc       0x10 C:/ST/STM32CubeIDE_1.17.0/STM32CubeIDE/plugins/com.st.stm32cube.ide.mcu.externaltools.gnu-tools-for-stm32.12.3.rel1.win32_1.1.0.202410251130/tools/bin/../lib/gcc/arm-none-eabi/12.3.1/../../../../arm-none-eabi/lib/thumb/v7e-m+dp/hard\libc_nano.a(libc_a-memset.o)
                0x08005afc                memset
 .text.__errno  0x08005b0c        0xc C:/ST/STM32CubeIDE_1.17.0/STM32CubeIDE/plugins/com.st.stm32cube.ide.mcu.externaltools.gnu-tools-for-stm32.12.3.rel1.win32_1.1.0.202410251130/tools/bin/../lib/gcc/arm-none-eabi/12.3.1/../../../../arm-none-eabi/lib/thumb/v7e-m+dp/hard\libc_nano.a(libc_a-errno.o)
                0x08005b0c                __errno
 .text.__libc_init_array
                0x08005b18       0x48 C:/ST/STM32CubeIDE_1.17.0/STM32CubeIDE/plugins/com.st.stm32cube.ide.mcu.externaltools.gnu-tools-for-stm32.12.3.rel1.win32_1.1.0.202410251130/tools/bin/../lib/gcc/arm-none-eabi/12.3.1/../../../../arm-none-eabi/lib/thumb/v7e-m+dp/hard\libc_nano.a(libc_a-init.o)
                0x08005b18                __libc_init_array
 .text.checkint
                0x08005b60       0x68 C:/ST/STM32CubeIDE_1.17.0/STM32CubeIDE/plugins/com.st.stm32cube.ide.mcu.externaltools.gnu-tools-for-stm32.12.3.rel1.win32_1.1.0.202410251130/tools/bin/../lib/gcc/arm-none-eabi/12.3.1/../../../../arm-none-eabi/lib/thumb/v7e-m+dp/hard\libm.a(libm_a-pow.o)
 .text.pow      0x08005bc8      0x4a0 C:/ST/STM32CubeIDE_1.17.0/STM32CubeIDE/plugins/com.st.stm32cube.ide.mcu.externaltools.gnu-tools-for-stm32.12.3.rel1.win32_1.1.0.202410251130/tools/bin/../lib/gcc/arm-none-eabi/12.3.1/../../../../arm-none-eabi/lib/thumb/v7e-m+dp/hard\libm.a(libm_a-pow.o)
                0x08005bc8                pow
 .text.with_errno
                0x08006068       0x1c C:/ST/STM32CubeIDE_1.17.0/STM32CubeIDE/plugins/com.st.stm32cube.ide.mcu.externaltools.gnu-tools-for-stm32.12.3.rel1.win32_1.1.0.202410251130/tools/bin/../lib/gcc/arm-none-eabi/12.3.1/../../../../arm-none-eabi/lib/thumb/v7e-m+dp/hard\libm.a(libm_a-math_err.o)
 .text.xflow    0x08006084       0x22 C:/ST/STM32CubeIDE_1.17.0/STM32CubeIDE/plugins/com.st.stm32cube.ide.mcu.externaltools.gnu-tools-for-stm32.12.3.rel1.win32_1.1.0.202410251130/tools/bin/../lib/gcc/arm-none-eabi/12.3.1/../../../../arm-none-eabi/lib/thumb/v7e-m+dp/hard\libm.a(libm_a-math_err.o)
 *fill*         0x080060a6        0x2 
 .text.__math_uflow
                0x080060a8       0x10 C:/ST/STM32CubeIDE_1.17.0/STM32CubeIDE/plugins/com.st.stm32cube.ide.mcu.externaltools.gnu-tools-for-stm32.12.3.rel1.win32_1.1.0.202410251130/tools/bin/../lib/gcc/arm-none-eabi/12.3.1/../../../../arm-none-eabi/lib/thumb/v7e-m+dp/hard\libm.a(libm_a-math_err.o)
                0x080060a8                __math_uflow
 .text.__math_oflow
                0x080060b8       0x10 C:/ST/STM32CubeIDE_1.17.0/STM32CubeIDE/plugins/com.st.stm32cube.ide.mcu.externaltools.gnu-tools-for-stm32.12.3.rel1.win32_1.1.0.202410251130/tools/bin/../lib/gcc/arm-none-eabi/12.3.1/../../../../arm-none-eabi/lib/thumb/v7e-m+dp/hard\libm.a(libm_a-math_err.o)
                0x080060b8                __math_oflow
 .text.__math_divzero
                0x080060c8       0x30 C:/ST/STM32CubeIDE_1.17.0/STM32CubeIDE/plugins/com.st.stm32cube.ide.mcu.externaltools.gnu-tools-for-stm32.12.3.rel1.win32_1.1.0.202410251130/tools/bin/../lib/gcc/arm-none-eabi/12.3.1/../../../../arm-none-eabi/lib/thumb/v7e-m+dp/hard\libm.a(libm_a-math_err.o)
                0x080060c8                __math_divzero
 .text.__math_invalid
                0x080060f8       0x1e C:/ST/STM32CubeIDE_1.17.0/STM32CubeIDE/plugins/com.st.stm32cube.ide.mcu.externaltools.gnu-tools-for-stm32.12.3.rel1.win32_1.1.0.202410251130/tools/bin/../lib/gcc/arm-none-eabi/12.3.1/../../../../arm-none-eabi/lib/thumb/v7e-m+dp/hard\libm.a(libm_a-math_err.o)
                0x080060f8                __math_invalid
 .text.__math_check_uflow
                0x08006116       0x12 C:/ST/STM32CubeIDE_1.17.0/STM32CubeIDE/plugins/com.st.stm32cube.ide.mcu.externaltools.gnu-tools-for-stm32.12.3.rel1.win32_1.1.0.202410251130/tools/bin/../lib/gcc/arm-none-eabi/12.3.1/../../../../arm-none-eabi/lib/thumb/v7e-m+dp/hard\libm.a(libm_a-math_err.o)
                0x08006116                __math_check_uflow
 .text.__math_check_oflow
                0x08006128       0x28 C:/ST/STM32CubeIDE_1.17.0/STM32CubeIDE/plugins/com.st.stm32cube.ide.mcu.externaltools.gnu-tools-for-stm32.12.3.rel1.win32_1.1.0.202410251130/tools/bin/../lib/gcc/arm-none-eabi/12.3.1/../../../../arm-none-eabi/lib/thumb/v7e-m+dp/hard\libm.a(libm_a-math_err.o)
                0x08006128                __math_check_oflow
 *(.glue_7)
 .glue_7        0x08006150        0x0 linker stubs
 *(.glue_7t)
 .glue_7t       0x08006150        0x0 linker stubs
 *(.eh_frame)
 .eh_frame      0x08006150        0x0 C:/ST/STM32CubeIDE_1.17.0/STM32CubeIDE/plugins/com.st.stm32cube.ide.mcu.externaltools.gnu-tools-for-stm32.12.3.rel1.win32_1.1.0.202410251130/tools/bin/../lib/gcc/arm-none-eabi/12.3.1/thumb/v7e-m+dp/hard/crtbegin.o
 *(.init)
 .init          0x08006150        0x4 C:/ST/STM32CubeIDE_1.17.0/STM32CubeIDE/plugins/com.st.stm32cube.ide.mcu.externaltools.gnu-tools-for-stm32.12.3.rel1.win32_1.1.0.202410251130/tools/bin/../lib/gcc/arm-none-eabi/12.3.1/thumb/v7e-m+dp/hard/crti.o
                0x08006150                _init
 .init          0x08006154        0x8 C:/ST/STM32CubeIDE_1.17.0/STM32CubeIDE/plugins/com.st.stm32cube.ide.mcu.externaltools.gnu-tools-for-stm32.12.3.rel1.win32_1.1.0.202410251130/tools/bin/../lib/gcc/arm-none-eabi/12.3.1/thumb/v7e-m+dp/hard/crtn.o
 *(.fini)
 .fini          0x0800615c        0x4 C:/ST/STM32CubeIDE_1.17.0/STM32CubeIDE/plugins/com.st.stm32cube.ide.mcu.externaltools.gnu-tools-for-stm32.12.3.rel1.win32_1.1.0.202410251130/tools/bin/../lib/gcc/arm-none-eabi/12.3.1/thumb/v7e-m+dp/hard/crti.o
                0x0800615c                _fini
 .fini          0x08006160        0x8 C:/ST/STM32CubeIDE_1.17.0/STM32CubeIDE/plugins/com.st.stm32cube.ide.mcu.externaltools.gnu-tools-for-stm32.12.3.rel1.win32_1.1.0.202410251130/tools/bin/../lib/gcc/arm-none-eabi/12.3.1/thumb/v7e-m+dp/hard/crtn.o
                0x08006168                        . = ALIGN (0x4)
                0x08006168                        _etext = .

.vfp11_veneer   0x08006168        0x0
 .vfp11_veneer  0x08006168        0x0 linker stubs

.v4_bx          0x08006168        0x0
 .v4_bx         0x08006168        0x0 linker stubs

.iplt           0x08006168        0x0
 .iplt          0x08006168        0x0 C:/ST/STM32CubeIDE_1.17.0/STM32CubeIDE/plugins/com.st.stm32cube.ide.mcu.externaltools.gnu-tools-for-stm32.12.3.rel1.win32_1.1.0.202410251130/tools/bin/../lib/gcc/arm-none-eabi/12.3.1/thumb/v7e-m+dp/hard/crtbegin.o

.rodata         0x08006168     0x18d8
                0x08006168                        . = ALIGN (0x4)
 *(.rodata)
 *(.rodata*)
 .rodata.D1CorePrescTable
                0x08006168       0x10 ./Core/Src/system_stm32h7xx.o
                0x08006168                D1CorePrescTable
 .rodata.BUTTON_EXTI_LINE.2
                0x08006178        0x4 ./Drivers/BSP/STM32H7xx_Nucleo/stm32h7xx_nucleo.o
 .rodata.flagBitshiftOffset.0
                0x0800617c        0x8 ./Drivers/STM32H7xx_HAL_Driver/Src/stm32h7xx_hal_dma.o
 *fill*         0x08006184        0x4 
 .rodata.__pow_log_data
                0x08006188     0x1048 C:/ST/STM32CubeIDE_1.17.0/STM32CubeIDE/plugins/com.st.stm32cube.ide.mcu.externaltools.gnu-tools-for-stm32.12.3.rel1.win32_1.1.0.202410251130/tools/bin/../lib/gcc/arm-none-eabi/12.3.1/../../../../arm-none-eabi/lib/thumb/v7e-m+dp/hard\libm.a(libm_a-pow_log_data.o)
                0x08006188                __pow_log_data
 .rodata.__exp_data
                0x080071d0      0x870 C:/ST/STM32CubeIDE_1.17.0/STM32CubeIDE/plugins/com.st.stm32cube.ide.mcu.externaltools.gnu-tools-for-stm32.12.3.rel1.win32_1.1.0.202410251130/tools/bin/../lib/gcc/arm-none-eabi/12.3.1/../../../../arm-none-eabi/lib/thumb/v7e-m+dp/hard\libm.a(libm_a-exp_data.o)
                0x080071d0                __exp_data
                0x08007a40                        . = ALIGN (0x4)

.ARM.extab
 *(.ARM.extab* .gnu.linkonce.armextab.*)

.ARM            0x08007a40        0x0
                0x08007a40                        __exidx_start = .
 *(.ARM.exidx*)
                0x08007a40                        __exidx_end = .

.preinit_array  0x08007a40        0x0
                0x08007a40                        PROVIDE (__preinit_array_start = .)
 *(.preinit_array*)
                0x08007a40                        PROVIDE (__preinit_array_end = .)

.init_array     0x08007a40        0x4
                0x08007a40                        PROVIDE (__init_array_start = .)
 *(SORT_BY_NAME(.init_array.*))
 *(.init_array*)
 .init_array    0x08007a40        0x4 C:/ST/STM32CubeIDE_1.17.0/STM32CubeIDE/plugins/com.st.stm32cube.ide.mcu.externaltools.gnu-tools-for-stm32.12.3.rel1.win32_1.1.0.202410251130/tools/bin/../lib/gcc/arm-none-eabi/12.3.1/thumb/v7e-m+dp/hard/crtbegin.o
                0x08007a44                        PROVIDE (__init_array_end = .)

.fini_array     0x08007a44        0x4
                [!provide]                        PROVIDE (__fini_array_start = .)
 *(SORT_BY_NAME(.fini_array.*))
 *(.fini_array*)
 .fini_array    0x08007a44        0x4 C:/ST/STM32CubeIDE_1.17.0/STM32CubeIDE/plugins/com.st.stm32cube.ide.mcu.externaltools.gnu-tools-for-stm32.12.3.rel1.win32_1.1.0.202410251130/tools/bin/../lib/gcc/arm-none-eabi/12.3.1/thumb/v7e-m+dp/hard/crtbegin.o
                [!provide]                        PROVIDE (__fini_array_end = .)
                0x08007a48                        _sidata = LOADADDR (.data)

.rel.dyn        0x08007a48        0x0
 .rel.iplt      0x08007a48        0x0 C:/ST/STM32CubeIDE_1.17.0/STM32CubeIDE/plugins/com.st.stm32cube.ide.mcu.externaltools.gnu-tools-for-stm32.12.3.rel1.win32_1.1.0.202410251130/tools/bin/../lib/gcc/arm-none-eabi/12.3.1/thumb/v7e-m+dp/hard/crtbegin.o

.data           0x24000000       0x6c load address 0x08007a48
                0x24000000                        . = ALIGN (0x4)
                0x24000000                        _sdata = .
 *(.data)
 *(.data*)
 .data.SystemCoreClock
                0x24000000        0x4 ./Core/Src/system_stm32h7xx.o
                0x24000000                SystemCoreClock
 .data.SystemD2Clock
                0x24000004        0x4 ./Core/Src/system_stm32h7xx.o
                0x24000004                SystemD2Clock
 .data.BUTTON_PORT
                0x24000008        0x4 ./Drivers/BSP/STM32H7xx_Nucleo/stm32h7xx_nucleo.o
 .data.ButtonCallback.1
                0x2400000c        0x4 ./Drivers/BSP/STM32H7xx_Nucleo/stm32h7xx_nucleo.o
 .data.BSP_BUTTON_PRIO.0
                0x24000010        0x4 ./Drivers/BSP/STM32H7xx_Nucleo/stm32h7xx_nucleo.o
 .data.uwTickPrio
                0x24000014        0x4 ./Drivers/STM32H7xx_HAL_Driver/Src/stm32h7xx_hal.o
                0x24000014                uwTickPrio
 .data.uwTickFreq
                0x24000018        0x1 ./Drivers/STM32H7xx_HAL_Driver/Src/stm32h7xx_hal.o
                0x24000018                uwTickFreq
 *fill*         0x24000019        0x3 
 .data._impure_ptr
                0x2400001c        0x4 C:/ST/STM32CubeIDE_1.17.0/STM32CubeIDE/plugins/com.st.stm32cube.ide.mcu.externaltools.gnu-tools-for-stm32.12.3.rel1.win32_1.1.0.202410251130/tools/bin/../lib/gcc/arm-none-eabi/12.3.1/../../../../arm-none-eabi/lib/thumb/v7e-m+dp/hard\libc_nano.a(libc_a-impure.o)
                0x2400001c                _impure_ptr
 .data._impure_data
                0x24000020       0x4c C:/ST/STM32CubeIDE_1.17.0/STM32CubeIDE/plugins/com.st.stm32cube.ide.mcu.externaltools.gnu-tools-for-stm32.12.3.rel1.win32_1.1.0.202410251130/tools/bin/../lib/gcc/arm-none-eabi/12.3.1/../../../../arm-none-eabi/lib/thumb/v7e-m+dp/hard\libc_nano.a(libc_a-impure.o)
                0x24000020                _impure_data
 *(.RamFunc)
 *(.RamFunc*)
                0x2400006c                        . = ALIGN (0x4)
                0x2400006c                        _edata = .

.igot.plt       0x2400006c        0x0 load address 0x08007ab4
 .igot.plt      0x2400006c        0x0 C:/ST/STM32CubeIDE_1.17.0/STM32CubeIDE/plugins/com.st.stm32cube.ide.mcu.externaltools.gnu-tools-for-stm32.12.3.rel1.win32_1.1.0.202410251130/tools/bin/../lib/gcc/arm-none-eabi/12.3.1/thumb/v7e-m+dp/hard/crtbegin.o
                0x2400006c                        . = ALIGN (0x4)

.bss            0x2400006c      0x5b8 load address 0x08007ab4
                0x2400006c                        _sbss = .
                0x2400006c                        __bss_start__ = _sbss
 *(.bss)
 .bss           0x2400006c       0x1c C:/ST/STM32CubeIDE_1.17.0/STM32CubeIDE/plugins/com.st.stm32cube.ide.mcu.externaltools.gnu-tools-for-stm32.12.3.rel1.win32_1.1.0.202410251130/tools/bin/../lib/gcc/arm-none-eabi/12.3.1/thumb/v7e-m+dp/hard/crtbegin.o
 *(.bss*)
 .bss.LEDBuffer
                0x24000088      0x364 ./Core/Src/main.o
 .bss.LED_Data  0x240003ec       0x30 ./Core/Src/main.o
 .bss.htim3     0x2400041c       0x4c ./Core/Src/tim.o
                0x2400041c                htim3
 .bss.hdma_tim3_ch2
                0x24000468       0x78 ./Core/Src/tim.o
                0x24000468                hdma_tim3_ch2
 .bss.hpb_exti  0x240004e0        0x8 ./Drivers/BSP/STM32H7xx_Nucleo/stm32h7xx_nucleo.o
                0x240004e0                hpb_exti
 .bss.uwTick    0x240004e8        0x4 ./Drivers/STM32H7xx_HAL_Driver/Src/stm32h7xx_hal.o
                0x240004e8                uwTick
 .bss.__sf      0x240004ec      0x138 C:/ST/STM32CubeIDE_1.17.0/STM32CubeIDE/plugins/com.st.stm32cube.ide.mcu.externaltools.gnu-tools-for-stm32.12.3.rel1.win32_1.1.0.202410251130/tools/bin/../lib/gcc/arm-none-eabi/12.3.1/../../../../arm-none-eabi/lib/thumb/v7e-m+dp/hard\libc_nano.a(libc_a-findfp.o)
                0x240004ec                __sf
 *(COMMON)
                0x24000624                        . = ALIGN (0x4)
                0x24000624                        _ebss = .
                0x24000624                        __bss_end__ = _ebss

._user_heap_stack
                0x24000624      0x604 load address 0x08007ab4
                0x24000628                        . = ALIGN (0x8)
 *fill*         0x24000624        0x4 
                [!provide]                        PROVIDE (end = .)
                0x24000628                        PROVIDE (_end = .)
                0x24000828                        . = (. + _Min_Heap_Size)
 *fill*         0x24000628      0x200 
                0x24000c28                        . = (. + _Min_Stack_Size)
 *fill*         0x24000828      0x400 
                0x24000c28                        . = ALIGN (0x8)

/DISCARD/
 libc.a(*)
 libm.a(*)
 libgcc.a(*)

.ARM.attributes
                0x00000000       0x2e
 *(.ARM.attributes)
 .ARM.attributes
                0x00000000       0x20 C:/ST/STM32CubeIDE_1.17.0/STM32CubeIDE/plugins/com.st.stm32cube.ide.mcu.externaltools.gnu-tools-for-stm32.12.3.rel1.win32_1.1.0.202410251130/tools/bin/../lib/gcc/arm-none-eabi/12.3.1/thumb/v7e-m+dp/hard/crti.o
 .ARM.attributes
                0x00000020       0x32 C:/ST/STM32CubeIDE_1.17.0/STM32CubeIDE/plugins/com.st.stm32cube.ide.mcu.externaltools.gnu-tools-for-stm32.12.3.rel1.win32_1.1.0.202410251130/tools/bin/../lib/gcc/arm-none-eabi/12.3.1/thumb/v7e-m+dp/hard/crtbegin.o
 .ARM.attributes
                0x00000052       0x32 ./Core/Src/dma.o
 .ARM.attributes
                0x00000084       0x32 ./Core/Src/gpio.o
 .ARM.attributes
                0x000000b6       0x32 ./Core/Src/main.o
 .ARM.attributes
                0x000000e8       0x32 ./Core/Src/stm32h7xx_hal_msp.o
 .ARM.attributes
                0x0000011a       0x32 ./Core/Src/stm32h7xx_it.o
 .ARM.attributes
                0x0000014c       0x32 ./Core/Src/system_stm32h7xx.o
 .ARM.attributes
                0x0000017e       0x32 ./Core/Src/tim.o
 .ARM.attributes
                0x000001b0       0x21 ./Core/Startup/startup_stm32h753zitx.o
 .ARM.attributes
                0x000001d1       0x32 ./Drivers/BSP/STM32H7xx_Nucleo/stm32h7xx_nucleo.o
 .ARM.attributes
                0x00000203       0x32 ./Drivers/STM32H7xx_HAL_Driver/Src/stm32h7xx_hal.o
 .ARM.attributes
                0x00000235       0x32 ./Drivers/STM32H7xx_HAL_Driver/Src/stm32h7xx_hal_cortex.o
 .ARM.attributes
                0x00000267       0x32 ./Drivers/STM32H7xx_HAL_Driver/Src/stm32h7xx_hal_dma.o
 .ARM.attributes
                0x00000299       0x32 ./Drivers/STM32H7xx_HAL_Driver/Src/stm32h7xx_hal_exti.o
 .ARM.attributes
                0x000002cb       0x32 ./Drivers/STM32H7xx_HAL_Driver/Src/stm32h7xx_hal_gpio.o
 .ARM.attributes
                0x000002fd       0x32 ./Drivers/STM32H7xx_HAL_Driver/Src/stm32h7xx_hal_pwr_ex.o
 .ARM.attributes
                0x0000032f       0x32 ./Drivers/STM32H7xx_HAL_Driver/Src/stm32h7xx_hal_rcc.o
 .ARM.attributes
                0x00000361       0x32 ./Drivers/STM32H7xx_HAL_Driver/Src/stm32h7xx_hal_tim.o
 .ARM.attributes
                0x00000393       0x32 ./Drivers/STM32H7xx_HAL_Driver/Src/stm32h7xx_hal_tim_ex.o
 .ARM.attributes
                0x000003c5       0x32 C:/ST/STM32CubeIDE_1.17.0/STM32CubeIDE/plugins/com.st.stm32cube.ide.mcu.externaltools.gnu-tools-for-stm32.12.3.rel1.win32_1.1.0.202410251130/tools/bin/../lib/gcc/arm-none-eabi/12.3.1/../../../../arm-none-eabi/lib/thumb/v7e-m+dp/hard\libc_nano.a(libc_a-findfp.o)
 .ARM.attributes
                0x000003f7       0x32 C:/ST/STM32CubeIDE_1.17.0/STM32CubeIDE/plugins/com.st.stm32cube.ide.mcu.externaltools.gnu-tools-for-stm32.12.3.rel1.win32_1.1.0.202410251130/tools/bin/../lib/gcc/arm-none-eabi/12.3.1/../../../../arm-none-eabi/lib/thumb/v7e-m+dp/hard\libc_nano.a(libc_a-memset.o)
 .ARM.attributes
                0x00000429       0x32 C:/ST/STM32CubeIDE_1.17.0/STM32CubeIDE/plugins/com.st.stm32cube.ide.mcu.externaltools.gnu-tools-for-stm32.12.3.rel1.win32_1.1.0.202410251130/tools/bin/../lib/gcc/arm-none-eabi/12.3.1/../../../../arm-none-eabi/lib/thumb/v7e-m+dp/hard\libc_nano.a(libc_a-impure.o)
 .ARM.attributes
                0x0000045b       0x32 C:/ST/STM32CubeIDE_1.17.0/STM32CubeIDE/plugins/com.st.stm32cube.ide.mcu.externaltools.gnu-tools-for-stm32.12.3.rel1.win32_1.1.0.202410251130/tools/bin/../lib/gcc/arm-none-eabi/12.3.1/../../../../arm-none-eabi/lib/thumb/v7e-m+dp/hard\libc_nano.a(libc_a-errno.o)
 .ARM.attributes
                0x0000048d       0x32 C:/ST/STM32CubeIDE_1.17.0/STM32CubeIDE/plugins/com.st.stm32cube.ide.mcu.externaltools.gnu-tools-for-stm32.12.3.rel1.win32_1.1.0.202410251130/tools/bin/../lib/gcc/arm-none-eabi/12.3.1/../../../../arm-none-eabi/lib/thumb/v7e-m+dp/hard\libc_nano.a(libc_a-init.o)
 .ARM.attributes
                0x000004bf       0x32 C:/ST/STM32CubeIDE_1.17.0/STM32CubeIDE/plugins/com.st.stm32cube.ide.mcu.externaltools.gnu-tools-for-stm32.12.3.rel1.win32_1.1.0.202410251130/tools/bin/../lib/gcc/arm-none-eabi/12.3.1/../../../../arm-none-eabi/lib/thumb/v7e-m+dp/hard\libm.a(libm_a-pow.o)
 .ARM.attributes
                0x000004f1       0x32 C:/ST/STM32CubeIDE_1.17.0/STM32CubeIDE/plugins/com.st.stm32cube.ide.mcu.externaltools.gnu-tools-for-stm32.12.3.rel1.win32_1.1.0.202410251130/tools/bin/../lib/gcc/arm-none-eabi/12.3.1/../../../../arm-none-eabi/lib/thumb/v7e-m+dp/hard\libm.a(libm_a-pow_log_data.o)
 .ARM.attributes
                0x00000523       0x32 C:/ST/STM32CubeIDE_1.17.0/STM32CubeIDE/plugins/com.st.stm32cube.ide.mcu.externaltools.gnu-tools-for-stm32.12.3.rel1.win32_1.1.0.202410251130/tools/bin/../lib/gcc/arm-none-eabi/12.3.1/../../../../arm-none-eabi/lib/thumb/v7e-m+dp/hard\libm.a(libm_a-exp_data.o)
 .ARM.attributes
                0x00000555       0x32 C:/ST/STM32CubeIDE_1.17.0/STM32CubeIDE/plugins/com.st.stm32cube.ide.mcu.externaltools.gnu-tools-for-stm32.12.3.rel1.win32_1.1.0.202410251130/tools/bin/../lib/gcc/arm-none-eabi/12.3.1/../../../../arm-none-eabi/lib/thumb/v7e-m+dp/hard\libm.a(libm_a-math_err.o)
 .ARM.attributes
                0x00000587       0x20 C:/ST/STM32CubeIDE_1.17.0/STM32CubeIDE/plugins/com.st.stm32cube.ide.mcu.externaltools.gnu-tools-for-stm32.12.3.rel1.win32_1.1.0.202410251130/tools/bin/../lib/gcc/arm-none-eabi/12.3.1/thumb/v7e-m+dp/hard/crtn.o
OUTPUT(ws2812b_try.elf elf32-littlearm)
LOAD linker stubs
LOAD C:/ST/STM32CubeIDE_1.17.0/STM32CubeIDE/plugins/com.st.stm32cube.ide.mcu.externaltools.gnu-tools-for-stm32.12.3.rel1.win32_1.1.0.202410251130/tools/bin/../lib/gcc/arm-none-eabi/12.3.1/../../../../arm-none-eabi/lib/thumb/v7e-m+dp/hard\libc.a
LOAD C:/ST/STM32CubeIDE_1.17.0/STM32CubeIDE/plugins/com.st.stm32cube.ide.mcu.externaltools.gnu-tools-for-stm32.12.3.rel1.win32_1.1.0.202410251130/tools/bin/../lib/gcc/arm-none-eabi/12.3.1/../../../../arm-none-eabi/lib/thumb/v7e-m+dp/hard\libm.a
LOAD C:/ST/STM32CubeIDE_1.17.0/STM32CubeIDE/plugins/com.st.stm32cube.ide.mcu.externaltools.gnu-tools-for-stm32.12.3.rel1.win32_1.1.0.202410251130/tools/bin/../lib/gcc/arm-none-eabi/12.3.1/thumb/v7e-m+dp/hard\libgcc.a

.debug_info     0x00000000    0x109c0
 .debug_info    0x00000000      0x829 ./Core/Src/dma.o
 .debug_info    0x00000829      0x634 ./Core/Src/gpio.o
 .debug_info    0x00000e5d     0x1083 ./Core/Src/main.o
 .debug_info    0x00001ee0      0x464 ./Core/Src/stm32h7xx_hal_msp.o
 .debug_info    0x00002344      0x490 ./Core/Src/stm32h7xx_it.o
 .debug_info    0x000027d4      0xdb2 ./Core/Src/system_stm32h7xx.o
 .debug_info    0x00003586      0xfda ./Core/Src/tim.o
 .debug_info    0x00004560       0x30 ./Core/Startup/startup_stm32h753zitx.o
 .debug_info    0x00004590     0x1a82 ./Drivers/BSP/STM32H7xx_Nucleo/stm32h7xx_nucleo.o
 .debug_info    0x00006012     0x1541 ./Drivers/STM32H7xx_HAL_Driver/Src/stm32h7xx_hal.o
 .debug_info    0x00007553     0x10b7 ./Drivers/STM32H7xx_HAL_Driver/Src/stm32h7xx_hal_cortex.o
 .debug_info    0x0000860a      0xc31 ./Drivers/STM32H7xx_HAL_Driver/Src/stm32h7xx_hal_dma.o
 .debug_info    0x0000923b      0x916 ./Drivers/STM32H7xx_HAL_Driver/Src/stm32h7xx_hal_exti.o
 .debug_info    0x00009b51      0xc5a ./Drivers/STM32H7xx_HAL_Driver/Src/stm32h7xx_hal_gpio.o
 .debug_info    0x0000a7ab     0x1012 ./Drivers/STM32H7xx_HAL_Driver/Src/stm32h7xx_hal_pwr_ex.o
 .debug_info    0x0000b7bd      0xe6a ./Drivers/STM32H7xx_HAL_Driver/Src/stm32h7xx_hal_rcc.o
 .debug_info    0x0000c627     0x2bae ./Drivers/STM32H7xx_HAL_Driver/Src/stm32h7xx_hal_tim.o
 .debug_info    0x0000f1d5     0x17eb ./Drivers/STM32H7xx_HAL_Driver/Src/stm32h7xx_hal_tim_ex.o

.debug_abbrev   0x00000000     0x2531
 .debug_abbrev  0x00000000      0x11e ./Core/Src/dma.o
 .debug_abbrev  0x0000011e      0x189 ./Core/Src/gpio.o
 .debug_abbrev  0x000002a7      0x2e9 ./Core/Src/main.o
 .debug_abbrev  0x00000590       0xdb ./Core/Src/stm32h7xx_hal_msp.o
 .debug_abbrev  0x0000066b      0x16d ./Core/Src/stm32h7xx_it.o
 .debug_abbrev  0x000007d8      0x165 ./Core/Src/system_stm32h7xx.o
 .debug_abbrev  0x0000093d      0x230 ./Core/Src/tim.o
 .debug_abbrev  0x00000b6d       0x24 ./Core/Startup/startup_stm32h753zitx.o
 .debug_abbrev  0x00000b91      0x340 ./Drivers/BSP/STM32H7xx_Nucleo/stm32h7xx_nucleo.o
 .debug_abbrev  0x00000ed1      0x295 ./Drivers/STM32H7xx_HAL_Driver/Src/stm32h7xx_hal.o
 .debug_abbrev  0x00001166      0x339 ./Drivers/STM32H7xx_HAL_Driver/Src/stm32h7xx_hal_cortex.o
 .debug_abbrev  0x0000149f      0x248 ./Drivers/STM32H7xx_HAL_Driver/Src/stm32h7xx_hal_dma.o
 .debug_abbrev  0x000016e7      0x1df ./Drivers/STM32H7xx_HAL_Driver/Src/stm32h7xx_hal_exti.o
 .debug_abbrev  0x000018c6      0x205 ./Drivers/STM32H7xx_HAL_Driver/Src/stm32h7xx_hal_gpio.o
 .debug_abbrev  0x00001acb      0x2a7 ./Drivers/STM32H7xx_HAL_Driver/Src/stm32h7xx_hal_pwr_ex.o
 .debug_abbrev  0x00001d72      0x2c8 ./Drivers/STM32H7xx_HAL_Driver/Src/stm32h7xx_hal_rcc.o
 .debug_abbrev  0x0000203a      0x276 ./Drivers/STM32H7xx_HAL_Driver/Src/stm32h7xx_hal_tim.o
 .debug_abbrev  0x000022b0      0x281 ./Drivers/STM32H7xx_HAL_Driver/Src/stm32h7xx_hal_tim_ex.o

.debug_aranges  0x00000000      0xdc8
 .debug_aranges
                0x00000000       0x20 ./Core/Src/dma.o
 .debug_aranges
                0x00000020       0x20 ./Core/Src/gpio.o
 .debug_aranges
                0x00000040       0x48 ./Core/Src/main.o
 .debug_aranges
                0x00000088       0x20 ./Core/Src/stm32h7xx_hal_msp.o
 .debug_aranges
                0x000000a8       0x70 ./Core/Src/stm32h7xx_it.o
 .debug_aranges
                0x00000118       0x30 ./Core/Src/system_stm32h7xx.o
 .debug_aranges
                0x00000148       0x38 ./Core/Src/tim.o
 .debug_aranges
                0x00000180       0x28 ./Core/Startup/startup_stm32h753zitx.o
 .debug_aranges
                0x000001a8       0xb8 ./Drivers/BSP/STM32H7xx_Nucleo/stm32h7xx_nucleo.o
 .debug_aranges
                0x00000260      0x198 ./Drivers/STM32H7xx_HAL_Driver/Src/stm32h7xx_hal.o
 .debug_aranges
                0x000003f8      0x130 ./Drivers/STM32H7xx_HAL_Driver/Src/stm32h7xx_hal_cortex.o
 .debug_aranges
                0x00000528       0xa0 ./Drivers/STM32H7xx_HAL_Driver/Src/stm32h7xx_hal_dma.o
 .debug_aranges
                0x000005c8       0x60 ./Drivers/STM32H7xx_HAL_Driver/Src/stm32h7xx_hal_exti.o
 .debug_aranges
                0x00000628       0x58 ./Drivers/STM32H7xx_HAL_Driver/Src/stm32h7xx_hal_gpio.o
 .debug_aranges
                0x00000680      0x158 ./Drivers/STM32H7xx_HAL_Driver/Src/stm32h7xx_hal_pwr_ex.o
 .debug_aranges
                0x000007d8       0x88 ./Drivers/STM32H7xx_HAL_Driver/Src/stm32h7xx_hal_rcc.o
 .debug_aranges
                0x00000860      0x3e0 ./Drivers/STM32H7xx_HAL_Driver/Src/stm32h7xx_hal_tim.o
 .debug_aranges
                0x00000c40      0x188 ./Drivers/STM32H7xx_HAL_Driver/Src/stm32h7xx_hal_tim_ex.o

.debug_rnglists
                0x00000000      0xa8f
 .debug_rnglists
                0x00000000       0x13 ./Core/Src/dma.o
 .debug_rnglists
                0x00000013       0x14 ./Core/Src/gpio.o
 .debug_rnglists
                0x00000027       0x33 ./Core/Src/main.o
 .debug_rnglists
                0x0000005a       0x13 ./Core/Src/stm32h7xx_hal_msp.o
 .debug_rnglists
                0x0000006d       0x4f ./Core/Src/stm32h7xx_it.o
 .debug_rnglists
                0x000000bc       0x21 ./Core/Src/system_stm32h7xx.o
 .debug_rnglists
                0x000000dd       0x27 ./Core/Src/tim.o
 .debug_rnglists
                0x00000104       0x19 ./Core/Startup/startup_stm32h753zitx.o
 .debug_rnglists
                0x0000011d       0x88 ./Drivers/BSP/STM32H7xx_Nucleo/stm32h7xx_nucleo.o
 .debug_rnglists
                0x000001a5      0x131 ./Drivers/STM32H7xx_HAL_Driver/Src/stm32h7xx_hal.o
 .debug_rnglists
                0x000002d6       0xe0 ./Drivers/STM32H7xx_HAL_Driver/Src/stm32h7xx_hal_cortex.o
 .debug_rnglists
                0x000003b6       0x82 ./Drivers/STM32H7xx_HAL_Driver/Src/stm32h7xx_hal_dma.o
 .debug_rnglists
                0x00000438       0x46 ./Drivers/STM32H7xx_HAL_Driver/Src/stm32h7xx_hal_exti.o
 .debug_rnglists
                0x0000047e       0x3f ./Drivers/STM32H7xx_HAL_Driver/Src/stm32h7xx_hal_gpio.o
 .debug_rnglists
                0x000004bd      0x103 ./Drivers/STM32H7xx_HAL_Driver/Src/stm32h7xx_hal_pwr_ex.o
 .debug_rnglists
                0x000005c0       0x68 ./Drivers/STM32H7xx_HAL_Driver/Src/stm32h7xx_hal_rcc.o
 .debug_rnglists
                0x00000628      0x328 ./Drivers/STM32H7xx_HAL_Driver/Src/stm32h7xx_hal_tim.o
 .debug_rnglists
                0x00000950      0x13f ./Drivers/STM32H7xx_HAL_Driver/Src/stm32h7xx_hal_tim_ex.o

.debug_macro    0x00000000    0x37ffc
 .debug_macro   0x00000000      0x316 ./Core/Src/dma.o
 .debug_macro   0x00000316      0xad8 ./Core/Src/dma.o
 .debug_macro   0x00000dee      0x238 ./Core/Src/dma.o
 .debug_macro   0x00001026       0x2e ./Core/Src/dma.o
 .debug_macro   0x00001054       0x3b ./Core/Src/dma.o
 .debug_macro   0x0000108f       0x22 ./Core/Src/dma.o
 .debug_macro   0x000010b1       0x8e ./Core/Src/dma.o
 .debug_macro   0x0000113f       0x51 ./Core/Src/dma.o
 .debug_macro   0x00001190      0x103 ./Core/Src/dma.o
 .debug_macro   0x00001293       0x6a ./Core/Src/dma.o
 .debug_macro   0x000012fd      0x1df ./Core/Src/dma.o
 .debug_macro   0x000014dc       0x1c ./Core/Src/dma.o
 .debug_macro   0x000014f8       0x22 ./Core/Src/dma.o
 .debug_macro   0x0000151a       0xfb ./Core/Src/dma.o
 .debug_macro   0x00001615     0x1305 ./Core/Src/dma.o
 .debug_macro   0x0000291a      0x11f ./Core/Src/dma.o
 .debug_macro   0x00002a39       0x27 ./Core/Src/dma.o
 .debug_macro   0x00002a60    0x261ac ./Core/Src/dma.o
 .debug_macro   0x00028c0c       0x6d ./Core/Src/dma.o
 .debug_macro   0x00028c79     0x3d79 ./Core/Src/dma.o
 .debug_macro   0x0002c9f2      0x189 ./Core/Src/dma.o
 .debug_macro   0x0002cb7b       0x61 ./Core/Src/dma.o
 .debug_macro   0x0002cbdc       0x29 ./Core/Src/dma.o
 .debug_macro   0x0002cc05       0x43 ./Core/Src/dma.o
 .debug_macro   0x0002cc48       0x34 ./Core/Src/dma.o
 .debug_macro   0x0002cc7c       0x16 ./Core/Src/dma.o
 .debug_macro   0x0002cc92       0x43 ./Core/Src/dma.o
 .debug_macro   0x0002ccd5       0x34 ./Core/Src/dma.o
 .debug_macro   0x0002cd09       0x10 ./Core/Src/dma.o
 .debug_macro   0x0002cd19       0x58 ./Core/Src/dma.o
 .debug_macro   0x0002cd71       0x8e ./Core/Src/dma.o
 .debug_macro   0x0002cdff       0x1c ./Core/Src/dma.o
 .debug_macro   0x0002ce1b      0x177 ./Core/Src/dma.o
 .debug_macro   0x0002cf92      0x369 ./Core/Src/dma.o
 .debug_macro   0x0002d2fb      0x19b ./Core/Src/dma.o
 .debug_macro   0x0002d496       0x5d ./Core/Src/dma.o
 .debug_macro   0x0002d4f3     0x240e ./Core/Src/dma.o
 .debug_macro   0x0002f901     0x102c ./Core/Src/dma.o
 .debug_macro   0x0003092d      0x154 ./Core/Src/dma.o
 .debug_macro   0x00030a81      0x114 ./Core/Src/dma.o
 .debug_macro   0x00030b95      0x3b6 ./Core/Src/dma.o
 .debug_macro   0x00030f4b       0xac ./Core/Src/dma.o
 .debug_macro   0x00030ff7      0x72d ./Core/Src/dma.o
 .debug_macro   0x00031724      0x228 ./Core/Src/dma.o
 .debug_macro   0x0003194c       0x66 ./Core/Src/dma.o
 .debug_macro   0x000319b2      0x3bb ./Core/Src/dma.o
 .debug_macro   0x00031d6d      0x3e4 ./Core/Src/dma.o
 .debug_macro   0x00032151      0x275 ./Core/Src/dma.o
 .debug_macro   0x000323c6      0x3ca ./Core/Src/dma.o
 .debug_macro   0x00032790      0x408 ./Core/Src/dma.o
 .debug_macro   0x00032b98       0x51 ./Core/Src/dma.o
 .debug_macro   0x00032be9       0x4a ./Core/Src/dma.o
 .debug_macro   0x00032c33      0x22c ./Core/Src/dma.o
 .debug_macro   0x00032e5f       0x67 ./Core/Src/dma.o
 .debug_macro   0x00032ec6       0xa5 ./Core/Src/dma.o
 .debug_macro   0x00032f6b      0x1c4 ./Core/Src/dma.o
 .debug_macro   0x0003312f      0x25e ./Core/Src/dma.o
 .debug_macro   0x0003338d       0x35 ./Core/Src/dma.o
 .debug_macro   0x000333c2      0xafa ./Core/Src/dma.o
 .debug_macro   0x00033ebc      0x29f ./Core/Src/dma.o
 .debug_macro   0x0003415b      0x693 ./Core/Src/dma.o
 .debug_macro   0x000347ee       0xa6 ./Core/Src/dma.o
 .debug_macro   0x00034894      0x5ac ./Core/Src/dma.o
 .debug_macro   0x00034e40       0x2e ./Core/Src/dma.o
 .debug_macro   0x00034e6e       0x52 ./Core/Src/dma.o
 .debug_macro   0x00034ec0      0x131 ./Core/Src/dma.o
 .debug_macro   0x00034ff1       0x1c ./Core/Src/dma.o
 .debug_macro   0x0003500d       0x35 ./Core/Src/dma.o
 .debug_macro   0x00035042       0x10 ./Core/Src/dma.o
 .debug_macro   0x00035052       0x1c ./Core/Src/dma.o
 .debug_macro   0x0003506e       0x16 ./Core/Src/dma.o
 .debug_macro   0x00035084      0x146 ./Core/Src/dma.o
 .debug_macro   0x000351ca       0x28 ./Core/Src/dma.o
 .debug_macro   0x000351f2      0x316 ./Core/Src/gpio.o
 .debug_macro   0x00035508      0x344 ./Core/Src/main.o
 .debug_macro   0x0003584c      0x30c ./Core/Src/stm32h7xx_hal_msp.o
 .debug_macro   0x00035b58      0x316 ./Core/Src/stm32h7xx_it.o
 .debug_macro   0x00035e6e      0x2a8 ./Core/Src/system_stm32h7xx.o
 .debug_macro   0x00036116      0x316 ./Core/Src/tim.o
 .debug_macro   0x0003642c      0x2cf ./Drivers/BSP/STM32H7xx_Nucleo/stm32h7xx_nucleo.o
 .debug_macro   0x000366fb       0x28 ./Drivers/BSP/STM32H7xx_Nucleo/stm32h7xx_nucleo.o
 .debug_macro   0x00036723      0x2d2 ./Drivers/STM32H7xx_HAL_Driver/Src/stm32h7xx_hal.o
 .debug_macro   0x000369f5      0x2a8 ./Drivers/STM32H7xx_HAL_Driver/Src/stm32h7xx_hal_cortex.o
 .debug_macro   0x00036c9d      0x2fc ./Drivers/STM32H7xx_HAL_Driver/Src/stm32h7xx_hal_dma.o
 .debug_macro   0x00036f99      0x2b6 ./Drivers/STM32H7xx_HAL_Driver/Src/stm32h7xx_hal_exti.o
 .debug_macro   0x0003724f      0x2af ./Drivers/STM32H7xx_HAL_Driver/Src/stm32h7xx_hal_gpio.o
 .debug_macro   0x000374fe      0x2e1 ./Drivers/STM32H7xx_HAL_Driver/Src/stm32h7xx_hal_pwr_ex.o
 .debug_macro   0x000377df      0x2cc ./Drivers/STM32H7xx_HAL_Driver/Src/stm32h7xx_hal_rcc.o
 .debug_macro   0x00037aab      0x2a9 ./Drivers/STM32H7xx_HAL_Driver/Src/stm32h7xx_hal_tim.o
 .debug_macro   0x00037d54      0x2a8 ./Drivers/STM32H7xx_HAL_Driver/Src/stm32h7xx_hal_tim_ex.o

.debug_line     0x00000000    0x1368f
 .debug_line    0x00000000      0x965 ./Core/Src/dma.o
 .debug_line    0x00000965      0x987 ./Core/Src/gpio.o
 .debug_line    0x000012ec      0xb2a ./Core/Src/main.o
 .debug_line    0x00001e16      0x968 ./Core/Src/stm32h7xx_hal_msp.o
 .debug_line    0x0000277e      0xa5c ./Core/Src/stm32h7xx_it.o
 .debug_line    0x000031da      0xacb ./Core/Src/system_stm32h7xx.o
 .debug_line    0x00003ca5      0xa4c ./Core/Src/tim.o
 .debug_line    0x000046f1       0x7b ./Core/Startup/startup_stm32h753zitx.o
 .debug_line    0x0000476c      0xcda ./Drivers/BSP/STM32H7xx_Nucleo/stm32h7xx_nucleo.o
 .debug_line    0x00005446      0xe8b ./Drivers/STM32H7xx_HAL_Driver/Src/stm32h7xx_hal.o
 .debug_line    0x000062d1      0xeba ./Drivers/STM32H7xx_HAL_Driver/Src/stm32h7xx_hal_cortex.o
 .debug_line    0x0000718b     0x27ee ./Drivers/STM32H7xx_HAL_Driver/Src/stm32h7xx_hal_dma.o
 .debug_line    0x00009979      0xd66 ./Drivers/STM32H7xx_HAL_Driver/Src/stm32h7xx_hal_exti.o
 .debug_line    0x0000a6df      0xd63 ./Drivers/STM32H7xx_HAL_Driver/Src/stm32h7xx_hal_gpio.o
 .debug_line    0x0000b442      0xfae ./Drivers/STM32H7xx_HAL_Driver/Src/stm32h7xx_hal_pwr_ex.o
 .debug_line    0x0000c3f0     0x145b ./Drivers/STM32H7xx_HAL_Driver/Src/stm32h7xx_hal_rcc.o
 .debug_line    0x0000d84b     0x4019 ./Drivers/STM32H7xx_HAL_Driver/Src/stm32h7xx_hal_tim.o
 .debug_line    0x00011864     0x1e2b ./Drivers/STM32H7xx_HAL_Driver/Src/stm32h7xx_hal_tim_ex.o

.debug_str      0x00000000   0x1652cb
 .debug_str     0x00000000   0x1608c0 ./Core/Src/dma.o
                             0x160d79 (size before relaxing)
 .debug_str     0x001608c0       0xe4 ./Core/Src/gpio.o
                             0x1605e9 (size before relaxing)
 .debug_str     0x001609a4      0xaff ./Core/Src/main.o
                             0x160f23 (size before relaxing)
 .debug_str     0x001614a3       0x2c ./Core/Src/stm32h7xx_hal_msp.o
                             0x16051e (size before relaxing)
 .debug_str     0x001614cf      0x129 ./Core/Src/stm32h7xx_it.o
                             0x160723 (size before relaxing)
 .debug_str     0x001615f8      0x351 ./Core/Src/system_stm32h7xx.o
                             0x15f973 (size before relaxing)
 .debug_str     0x00161949      0x22e ./Core/Src/tim.o
                             0x160e7d (size before relaxing)
 .debug_str     0x00161b77       0x44 ./Core/Startup/startup_stm32h753zitx.o
                                 0x80 (size before relaxing)
 .debug_str     0x00161bbb      0x58c ./Drivers/BSP/STM32H7xx_Nucleo/stm32h7xx_nucleo.o
                             0x16125b (size before relaxing)
 .debug_str     0x00162147      0x7ef ./Drivers/STM32H7xx_HAL_Driver/Src/stm32h7xx_hal.o
                             0x160859 (size before relaxing)
 .debug_str     0x00162936      0x35a ./Drivers/STM32H7xx_HAL_Driver/Src/stm32h7xx_hal_cortex.o
                             0x160294 (size before relaxing)
 .debug_str     0x00162c90      0x862 ./Drivers/STM32H7xx_HAL_Driver/Src/stm32h7xx_hal_dma.o
                             0x16006e (size before relaxing)
 .debug_str     0x001634f2      0x16c ./Drivers/STM32H7xx_HAL_Driver/Src/stm32h7xx_hal_exti.o
                             0x15f745 (size before relaxing)
 .debug_str     0x0016365e       0xcd ./Drivers/STM32H7xx_HAL_Driver/Src/stm32h7xx_hal_gpio.o
                             0x15f8eb (size before relaxing)
 .debug_str     0x0016372b      0x642 ./Drivers/STM32H7xx_HAL_Driver/Src/stm32h7xx_hal_pwr_ex.o
                             0x15fdac (size before relaxing)
 .debug_str     0x00163d6d      0x22e ./Drivers/STM32H7xx_HAL_Driver/Src/stm32h7xx_hal_rcc.o
                             0x15fccf (size before relaxing)
 .debug_str     0x00163f9b      0xda0 ./Drivers/STM32H7xx_HAL_Driver/Src/stm32h7xx_hal_tim.o
                             0x160a6e (size before relaxing)
 .debug_str     0x00164d3b      0x590 ./Drivers/STM32H7xx_HAL_Driver/Src/stm32h7xx_hal_tim_ex.o
                             0x160396 (size before relaxing)

.comment        0x00000000       0x43
 .comment       0x00000000       0x43 ./Core/Src/dma.o
                                 0x44 (size before relaxing)
 .comment       0x00000043       0x44 ./Core/Src/gpio.o
 .comment       0x00000043       0x44 ./Core/Src/main.o
 .comment       0x00000043       0x44 ./Core/Src/stm32h7xx_hal_msp.o
 .comment       0x00000043       0x44 ./Core/Src/stm32h7xx_it.o
 .comment       0x00000043       0x44 ./Core/Src/system_stm32h7xx.o
 .comment       0x00000043       0x44 ./Core/Src/tim.o
 .comment       0x00000043       0x44 ./Drivers/BSP/STM32H7xx_Nucleo/stm32h7xx_nucleo.o
 .comment       0x00000043       0x44 ./Drivers/STM32H7xx_HAL_Driver/Src/stm32h7xx_hal.o
 .comment       0x00000043       0x44 ./Drivers/STM32H7xx_HAL_Driver/Src/stm32h7xx_hal_cortex.o
 .comment       0x00000043       0x44 ./Drivers/STM32H7xx_HAL_Driver/Src/stm32h7xx_hal_dma.o
 .comment       0x00000043       0x44 ./Drivers/STM32H7xx_HAL_Driver/Src/stm32h7xx_hal_exti.o
 .comment       0x00000043       0x44 ./Drivers/STM32H7xx_HAL_Driver/Src/stm32h7xx_hal_gpio.o
 .comment       0x00000043       0x44 ./Drivers/STM32H7xx_HAL_Driver/Src/stm32h7xx_hal_pwr_ex.o
 .comment       0x00000043       0x44 ./Drivers/STM32H7xx_HAL_Driver/Src/stm32h7xx_hal_rcc.o
 .comment       0x00000043       0x44 ./Drivers/STM32H7xx_HAL_Driver/Src/stm32h7xx_hal_tim.o
 .comment       0x00000043       0x44 ./Drivers/STM32H7xx_HAL_Driver/Src/stm32h7xx_hal_tim_ex.o

.debug_frame    0x00000000     0x3c2c
 .debug_frame   0x00000000       0x34 ./Core/Src/dma.o
 .debug_frame   0x00000034       0x34 ./Core/Src/gpio.o
 .debug_frame   0x00000068       0xdc ./Core/Src/main.o
 .debug_frame   0x00000144       0x38 ./Core/Src/stm32h7xx_hal_msp.o
 .debug_frame   0x0000017c      0x13c ./Core/Src/stm32h7xx_it.o
 .debug_frame   0x000002b8       0x78 ./Core/Src/system_stm32h7xx.o
 .debug_frame   0x00000330       0xa0 ./Core/Src/tim.o
 .debug_frame   0x000003d0      0x2dc ./Drivers/BSP/STM32H7xx_Nucleo/stm32h7xx_nucleo.o
 .debug_frame   0x000006ac      0x690 ./Drivers/STM32H7xx_HAL_Driver/Src/stm32h7xx_hal.o
 .debug_frame   0x00000d3c      0x508 ./Drivers/STM32H7xx_HAL_Driver/Src/stm32h7xx_hal_cortex.o
 .debug_frame   0x00001244      0x2b4 ./Drivers/STM32H7xx_HAL_Driver/Src/stm32h7xx_hal_dma.o
 .debug_frame   0x000014f8      0x174 ./Drivers/STM32H7xx_HAL_Driver/Src/stm32h7xx_hal_exti.o
 .debug_frame   0x0000166c      0x14c ./Drivers/STM32H7xx_HAL_Driver/Src/stm32h7xx_hal_gpio.o
 .debug_frame   0x000017b8      0x580 ./Drivers/STM32H7xx_HAL_Driver/Src/stm32h7xx_hal_pwr_ex.o
 .debug_frame   0x00001d38      0x1f8 ./Drivers/STM32H7xx_HAL_Driver/Src/stm32h7xx_hal_rcc.o
 .debug_frame   0x00001f30     0x121c ./Drivers/STM32H7xx_HAL_Driver/Src/stm32h7xx_hal_tim.o
 .debug_frame   0x0000314c      0x6d8 ./Drivers/STM32H7xx_HAL_Driver/Src/stm32h7xx_hal_tim_ex.o
 .debug_frame   0x00003824      0x144 C:/ST/STM32CubeIDE_1.17.0/STM32CubeIDE/plugins/com.st.stm32cube.ide.mcu.externaltools.gnu-tools-for-stm32.12.3.rel1.win32_1.1.0.202410251130/tools/bin/../lib/gcc/arm-none-eabi/12.3.1/../../../../arm-none-eabi/lib/thumb/v7e-m+dp/hard\libc_nano.a(libc_a-findfp.o)
 .debug_frame   0x00003968       0x20 C:/ST/STM32CubeIDE_1.17.0/STM32CubeIDE/plugins/com.st.stm32cube.ide.mcu.externaltools.gnu-tools-for-stm32.12.3.rel1.win32_1.1.0.202410251130/tools/bin/../lib/gcc/arm-none-eabi/12.3.1/../../../../arm-none-eabi/lib/thumb/v7e-m+dp/hard\libc_nano.a(libc_a-memset.o)
 .debug_frame   0x00003988       0x20 C:/ST/STM32CubeIDE_1.17.0/STM32CubeIDE/plugins/com.st.stm32cube.ide.mcu.externaltools.gnu-tools-for-stm32.12.3.rel1.win32_1.1.0.202410251130/tools/bin/../lib/gcc/arm-none-eabi/12.3.1/../../../../arm-none-eabi/lib/thumb/v7e-m+dp/hard\libc_nano.a(libc_a-errno.o)
 .debug_frame   0x000039a8       0x2c C:/ST/STM32CubeIDE_1.17.0/STM32CubeIDE/plugins/com.st.stm32cube.ide.mcu.externaltools.gnu-tools-for-stm32.12.3.rel1.win32_1.1.0.202410251130/tools/bin/../lib/gcc/arm-none-eabi/12.3.1/../../../../arm-none-eabi/lib/thumb/v7e-m+dp/hard\libc_nano.a(libc_a-init.o)
 .debug_frame   0x000039d4      0x18c C:/ST/STM32CubeIDE_1.17.0/STM32CubeIDE/plugins/com.st.stm32cube.ide.mcu.externaltools.gnu-tools-for-stm32.12.3.rel1.win32_1.1.0.202410251130/tools/bin/../lib/gcc/arm-none-eabi/12.3.1/../../../../arm-none-eabi/lib/thumb/v7e-m+dp/hard\libm.a(libm_a-pow.o)
 .debug_frame   0x00003b60       0xcc C:/ST/STM32CubeIDE_1.17.0/STM32CubeIDE/plugins/com.st.stm32cube.ide.mcu.externaltools.gnu-tools-for-stm32.12.3.rel1.win32_1.1.0.202410251130/tools/bin/../lib/gcc/arm-none-eabi/12.3.1/../../../../arm-none-eabi/lib/thumb/v7e-m+dp/hard\libm.a(libm_a-math_err.o)

.debug_line_str
                0x00000000       0x64
 .debug_line_str
                0x00000000       0x64 ./Core/Startup/startup_stm32h753zitx.o
