Archive member included to satisfy reference by file (symbol)

C:/ST/STM32CubeIDE_1.17.0/STM32CubeIDE/plugins/com.st.stm32cube.ide.mcu.externaltools.gnu-tools-for-stm32.12.3.rel1.win32_1.1.0.202410251130/tools/bin/../lib/gcc/arm-none-eabi/12.3.1/../../../../arm-none-eabi/lib/thumb/v7e-m+dp/hard\libc_nano.a(libc_a-exit.o)
                              C:/ST/STM32CubeIDE_1.17.0/STM32CubeIDE/plugins/com.st.stm32cube.ide.mcu.externaltools.gnu-tools-for-stm32.12.3.rel1.win32_1.1.0.202410251130/tools/bin/../lib/gcc/arm-none-eabi/12.3.1/../../../../arm-none-eabi/lib/thumb/v7e-m+dp/hard/crt0.o (exit)
C:/ST/STM32CubeIDE_1.17.0/STM32CubeIDE/plugins/com.st.stm32cube.ide.mcu.externaltools.gnu-tools-for-stm32.12.3.rel1.win32_1.1.0.202410251130/tools/bin/../lib/gcc/arm-none-eabi/12.3.1/../../../../arm-none-eabi/lib/thumb/v7e-m+dp/hard\libc_nano.a(libc_a-findfp.o)
                              C:/ST/STM32CubeIDE_1.17.0/STM32CubeIDE/plugins/com.st.stm32cube.ide.mcu.externaltools.gnu-tools-for-stm32.12.3.rel1.win32_1.1.0.202410251130/tools/bin/../lib/gcc/arm-none-eabi/12.3.1/../../../../arm-none-eabi/lib/thumb/v7e-m+dp/hard\libc_nano.a(libc_a-exit.o) (__stdio_exit_handler)
C:/ST/STM32CubeIDE_1.17.0/STM32CubeIDE/plugins/com.st.stm32cube.ide.mcu.externaltools.gnu-tools-for-stm32.12.3.rel1.win32_1.1.0.202410251130/tools/bin/../lib/gcc/arm-none-eabi/12.3.1/../../../../arm-none-eabi/lib/thumb/v7e-m+dp/hard\libc_nano.a(libc_a-fwalk.o)
                              C:/ST/STM32CubeIDE_1.17.0/STM32CubeIDE/plugins/com.st.stm32cube.ide.mcu.externaltools.gnu-tools-for-stm32.12.3.rel1.win32_1.1.0.202410251130/tools/bin/../lib/gcc/arm-none-eabi/12.3.1/../../../../arm-none-eabi/lib/thumb/v7e-m+dp/hard\libc_nano.a(libc_a-findfp.o) (_fwalk_sglue)
C:/ST/STM32CubeIDE_1.17.0/STM32CubeIDE/plugins/com.st.stm32cube.ide.mcu.externaltools.gnu-tools-for-stm32.12.3.rel1.win32_1.1.0.202410251130/tools/bin/../lib/gcc/arm-none-eabi/12.3.1/../../../../arm-none-eabi/lib/thumb/v7e-m+dp/hard\libc_nano.a(libc_a-stdio.o)
                              C:/ST/STM32CubeIDE_1.17.0/STM32CubeIDE/plugins/com.st.stm32cube.ide.mcu.externaltools.gnu-tools-for-stm32.12.3.rel1.win32_1.1.0.202410251130/tools/bin/../lib/gcc/arm-none-eabi/12.3.1/../../../../arm-none-eabi/lib/thumb/v7e-m+dp/hard\libc_nano.a(libc_a-findfp.o) (__sread)
C:/ST/STM32CubeIDE_1.17.0/STM32CubeIDE/plugins/com.st.stm32cube.ide.mcu.externaltools.gnu-tools-for-stm32.12.3.rel1.win32_1.1.0.202410251130/tools/bin/../lib/gcc/arm-none-eabi/12.3.1/../../../../arm-none-eabi/lib/thumb/v7e-m+dp/hard\libc_nano.a(libc_a-memset.o)
                              C:/ST/STM32CubeIDE_1.17.0/STM32CubeIDE/plugins/com.st.stm32cube.ide.mcu.externaltools.gnu-tools-for-stm32.12.3.rel1.win32_1.1.0.202410251130/tools/bin/../lib/gcc/arm-none-eabi/12.3.1/../../../../arm-none-eabi/lib/thumb/v7e-m+dp/hard/crt0.o (memset)
C:/ST/STM32CubeIDE_1.17.0/STM32CubeIDE/plugins/com.st.stm32cube.ide.mcu.externaltools.gnu-tools-for-stm32.12.3.rel1.win32_1.1.0.202410251130/tools/bin/../lib/gcc/arm-none-eabi/12.3.1/../../../../arm-none-eabi/lib/thumb/v7e-m+dp/hard\libc_nano.a(libc_a-closer.o)
                              C:/ST/STM32CubeIDE_1.17.0/STM32CubeIDE/plugins/com.st.stm32cube.ide.mcu.externaltools.gnu-tools-for-stm32.12.3.rel1.win32_1.1.0.202410251130/tools/bin/../lib/gcc/arm-none-eabi/12.3.1/../../../../arm-none-eabi/lib/thumb/v7e-m+dp/hard\libc_nano.a(libc_a-stdio.o) (_close_r)
C:/ST/STM32CubeIDE_1.17.0/STM32CubeIDE/plugins/com.st.stm32cube.ide.mcu.externaltools.gnu-tools-for-stm32.12.3.rel1.win32_1.1.0.202410251130/tools/bin/../lib/gcc/arm-none-eabi/12.3.1/../../../../arm-none-eabi/lib/thumb/v7e-m+dp/hard\libc_nano.a(libc_a-reent.o)
                              C:/ST/STM32CubeIDE_1.17.0/STM32CubeIDE/plugins/com.st.stm32cube.ide.mcu.externaltools.gnu-tools-for-stm32.12.3.rel1.win32_1.1.0.202410251130/tools/bin/../lib/gcc/arm-none-eabi/12.3.1/../../../../arm-none-eabi/lib/thumb/v7e-m+dp/hard\libc_nano.a(libc_a-closer.o) (errno)
C:/ST/STM32CubeIDE_1.17.0/STM32CubeIDE/plugins/com.st.stm32cube.ide.mcu.externaltools.gnu-tools-for-stm32.12.3.rel1.win32_1.1.0.202410251130/tools/bin/../lib/gcc/arm-none-eabi/12.3.1/../../../../arm-none-eabi/lib/thumb/v7e-m+dp/hard\libc_nano.a(libc_a-impure.o)
                              C:/ST/STM32CubeIDE_1.17.0/STM32CubeIDE/plugins/com.st.stm32cube.ide.mcu.externaltools.gnu-tools-for-stm32.12.3.rel1.win32_1.1.0.202410251130/tools/bin/../lib/gcc/arm-none-eabi/12.3.1/../../../../arm-none-eabi/lib/thumb/v7e-m+dp/hard\libc_nano.a(libc_a-reent.o) (_impure_ptr)
C:/ST/STM32CubeIDE_1.17.0/STM32CubeIDE/plugins/com.st.stm32cube.ide.mcu.externaltools.gnu-tools-for-stm32.12.3.rel1.win32_1.1.0.202410251130/tools/bin/../lib/gcc/arm-none-eabi/12.3.1/../../../../arm-none-eabi/lib/thumb/v7e-m+dp/hard\libc_nano.a(libc_a-lseekr.o)
[...]
Memory Configuration

Name             Origin             Length             Attributes
FLASH            0x08000000         0x00200000         xr
DTCMRAM          0x20000000         0x00020000         xrw
RAM_D1           0x24000000         0x00080000         xrw
RAM_D2           0x30000000         0x00048000         xrw
RAM_D3           0x38000000         0x00010000         xrw
ITCMRAM          0x00000000         0x00010000         xrw
*default*        0x00000000         0xffffffff

Linker script and memory map

LOAD C:/ST/STM32CubeIDE_1.17.0/STM32CubeIDE/plugins/com.st.stm32cube.ide.mcu.externaltools.gnu-tools-for-stm32.12.3.rel1.win32_1.1.0.202410251130/tools/bin/../lib/gcc/arm-none-eabi/12.3.1/thumb/v7e-m+dp/hard/crti.o
LOAD C:/ST/STM32CubeIDE_1.17.0/STM32CubeIDE/plugins/com.st.stm32cube.ide.mcu.externaltools.gnu-tools-for-stm32.12.3.rel1.win32_1.1.0.202410251130/tools/bin/../lib/gcc/arm-none-eabi/12.3.1/thumb/v7e-m+dp/hard/crtbegin.o
LOAD C:/ST/STM32CubeIDE_1.17.0/STM32CubeIDE/plugins/com.st.stm32cube.ide.mcu.externaltools.gnu-tools-for-stm32.12.3.rel1.win32_1.1.0.202410251130/tools/bin/../lib/gcc/arm-none-eabi/12.3.1/../../../../arm-none-eabi/lib/thumb/v7e-m+dp/hard/crt0.o
LOAD ./Core/Src/dma.o
LOAD ./Core/Src/gpio.o
LOAD ./Core/Src/main.o
LOAD ./Core/Src/memorymap.o
LOAD ./Core/Src/stm32h7xx_hal_msp.o
LOAD ./Core/Src/stm32h7xx_it.o
LOAD ./Core/Src/syscalls.o
LOAD ./Core/Src/sysmem.o
LOAD ./Core/Src/system_stm32h7xx.o
LOAD ./Core/Src/tim.o
LOAD ./Core/Startup/startup_stm32h753zitx.o
LOAD ./Drivers/BSP/STM32H7xx_Nucleo/stm32h7xx_nucleo.o
LOAD ./Drivers/STM32H7xx_HAL_Driver/Src/stm32h7xx_hal.o
LOAD ./Drivers/STM32H7xx_HAL_Driver/Src/stm32h7xx_hal_cortex.o
LOAD ./Drivers/STM32H7xx_HAL_Driver/Src/stm32h7xx_hal_dma.o
LOAD ./Drivers/STM32H7xx_HAL_Driver/Src/stm32h7xx_hal_dma_ex.o
LOAD ./Drivers/STM32H7xx_HAL_Driver/Src/stm32h7xx_hal_exti.o
LOAD ./Drivers/STM32H7xx_HAL_Driver/Src/stm32h7xx_hal_flash.o
LOAD ./Drivers/STM32H7xx_HAL_Driver/Src/stm32h7xx_hal_flash_ex.o
LOAD ./Drivers/STM32H7xx_HAL_Driver/Src/stm32h7xx_hal_gpio.o
LOAD ./Drivers/STM32H7xx_HAL_Driver/Src/stm32h7xx_hal_hsem.o
LOAD ./Drivers/STM32H7xx_HAL_Driver/Src/stm32h7xx_hal_i2c.o
LOAD ./Drivers/STM32H7xx_HAL_Driver/Src/stm32h7xx_hal_i2c_ex.o
LOAD ./Drivers/STM32H7xx_HAL_Driver/Src/stm32h7xx_hal_mdma.o
LOAD ./Drivers/STM32H7xx_HAL_Driver/Src/stm32h7xx_hal_pwr.o
LOAD ./Drivers/STM32H7xx_HAL_Driver/Src/stm32h7xx_hal_pwr_ex.o
LOAD ./Drivers/STM32H7xx_HAL_Driver/Src/stm32h7xx_hal_rcc.o
LOAD ./Drivers/STM32H7xx_HAL_Driver/Src/stm32h7xx_hal_rcc_ex.o
LOAD ./Drivers/STM32H7xx_HAL_Driver/Src/stm32h7xx_hal_tim.o
LOAD ./Drivers/STM32H7xx_HAL_Driver/Src/stm32h7xx_hal_tim_ex.o
LOAD ./Drivers/STM32H7xx_HAL_Driver/Src/stm32h7xx_hal_uart.o
LOAD ./Drivers/STM32H7xx_HAL_Driver/Src/stm32h7xx_hal_uart_ex.o
LOAD ./Drivers/STM32H7xx_HAL_Driver/Src/stm32h7xx_hal_usart.o
LOAD ./Drivers/STM32H7xx_HAL_Driver/Src/stm32h7xx_hal_usart_ex.o
START GROUP
LOAD C:/ST/STM32CubeIDE_1.17.0/STM32CubeIDE/plugins/com.st.stm32cube.ide.mcu.externaltools.gnu-tools-for-stm32.12.3.rel1.win32_1.1.0.202410251130/tools/bin/../lib/gcc/arm-none-eabi/12.3.1/../../../../arm-none-eabi/lib/thumb/v7e-m+dp/hard\libc_nano.a
LOAD C:/ST/STM32CubeIDE_1.17.0/STM32CubeIDE/plugins/com.st.stm32cube.ide.mcu.externaltools.gnu-tools-for-stm32.12.3.rel1.win32_1.1.0.202410251130/tools/bin/../lib/gcc/arm-none-eabi/12.3.1/../../../../arm-none-eabi/lib/thumb/v7e-m+dp/hard\libm.a
END GROUP
START GROUP
LOAD C:/ST/STM32CubeIDE_1.17.0/STM32CubeIDE/plugins/com.st.stm32cube.ide.mcu.externaltools.gnu-tools-for-stm32.12.3.rel1.win32_1.1.0.202410251130/tools/bin/../lib/gcc/arm-none-eabi/12.3.1/thumb/v7e-m+dp/hard\libgcc.a
LOAD C:/ST/STM32CubeIDE_1.17.0/STM32CubeIDE/plugins/com.st.stm32cube.ide.mcu.externaltools.gnu-tools-for-stm32.12.3.rel1.win32_1.1.0.202410251130/tools/bin/../lib/gcc/arm-none-eabi/12.3.1/../../../../arm-none-eabi/lib/thumb/v7e-m+dp/hard\libc_nano.a
END GROUP
START GROUP
LOAD C:/ST/STM32CubeIDE_1.17.0/STM32CubeIDE/plugins/com.st.stm32cube.ide.mcu.externaltools.gnu-tools-for-stm32.12.3.rel1.win32_1.1.0.202410251130/tools/bin/../lib/gcc/arm-none-eabi/12.3.1/thumb/v7e-m+dp/hard\libgcc.a
LOAD C:/ST/STM32CubeIDE_1.17.0/STM32CubeIDE/plugins/com.st.stm32cube.ide.mcu.externaltools.gnu-tools-for-stm32.12.3.rel1.win32_1.1.0.202410251130/tools/bin/../lib/gcc/arm-none-eabi/12.3.1/../../../../arm-none-eabi/lib/thumb/v7e-m+dp/hard\libc_nano.a
LOAD C:/ST/STM32CubeIDE_1.17.0/STM32CubeIDE/plugins/com.st.stm32cube.ide.mcu.externaltools.gnu-tools-for-stm32.12.3.rel1.win32_1.1.0.202410251130/tools/bin/../lib/gcc/arm-none-eabi/12.3.1/../../../../arm-none-eabi/lib/thumb/v7e-m+dp/hard\libnosys.a
END GROUP
START GROUP
LOAD C:/ST/STM32CubeIDE_1.17.0/STM32CubeIDE/plugins/com.st.stm32cube.ide.mcu.externaltools.gnu-tools-for-stm32.12.3.rel1.win32_1.1.0.202410251130/tools/bin/../lib/gcc/arm-none-eabi/12.3.1/thumb/v7e-m+dp/hard\libgcc.a
LOAD C:/ST/STM32CubeIDE_1.17.0/STM32CubeIDE/plugins/com.st.stm32cube.ide.mcu.externaltools.gnu-tools-for-stm32.12.3.rel1.win32_1.1.0.202410251130/tools/bin/../lib/gcc/arm-none-eabi/12.3.1/../../../../arm-none-eabi/lib/thumb/v7e-m+dp/hard\libc_nano.a
LOAD C:/ST/STM32CubeIDE_1.17.0/STM32CubeIDE/plugins/com.st.stm32cube.ide.mcu.externaltools.gnu-tools-for-stm32.12.3.rel1.win32_1.1.0.202410251130/tools/bin/../lib/gcc/arm-none-eabi/12.3.1/../../../../arm-none-eabi/lib/thumb/v7e-m+dp/hard\libnosys.a
END GROUP
LOAD C:/ST/STM32CubeIDE_1.17.0/STM32CubeIDE/plugins/com.st.stm32cube.ide.mcu.externaltools.gnu-tools-for-stm32.12.3.rel1.win32_1.1.0.202410251130/tools/bin/../lib/gcc/arm-none-eabi/12.3.1/thumb/v7e-m+dp/hard/crtend.o
LOAD C:/ST/STM32CubeIDE_1.17.0/STM32CubeIDE/plugins/com.st.stm32cube.ide.mcu.externaltools.gnu-tools-for-stm32.12.3.rel1.win32_1.1.0.202410251130/tools/bin/../lib/gcc/arm-none-eabi/12.3.1/thumb/v7e-m+dp/hard/crtn.o
                0x24080000                        _estack = (ORIGIN (RAM_D1) + LENGTH (RAM_D1))
                0x00000200                        _Min_Heap_Size = 0x200
                0x00000400                        _Min_Stack_Size = 0x400

.isr_vector     0x08000000      0x298
                0x08000000                        . = ALIGN (0x4)
 *(.isr_vector)
 .isr_vector    0x08000000      0x298 ./Core/Startup/startup_stm32h753zitx.o
                0x08000000                g_pfnVectors
                0x08000298                        . = ALIGN (0x4)

.text           0x08000298     0x59c8
                0x08000298                        . = ALIGN (0x4)
 *(.text)
 .text          0x08000298       0x40 C:/ST/STM32CubeIDE_1.17.0/STM32CubeIDE/plugins/com.st.stm32cube.ide.mcu.externaltools.gnu-tools-for-stm32.12.3.rel1.win32_1.1.0.202410251130/tools/bin/../lib/gcc/arm-none-eabi/12.3.1/thumb/v7e-m+dp/hard/crtbegin.o
 *(.text*)
 .text.MX_DMA_Init
                0x080002d8       0x40 ./Core/Src/dma.o
                0x080002d8                MX_DMA_Init
 .text.MX_GPIO_Init
                0x08000318      0x130 ./Core/Src/gpio.o
                0x08000318                MX_GPIO_Init
 .text.gammaCorrect
                0x08000448       0x64 ./Core/Src/main.o
                0x08000448                gammaCorrect
 .text.WS2812_SetColor
                0x080004ac       0x7c ./Core/Src/main.o
                0x080004ac                WS2812_SetColor
 .text.WS2812_Refresh
                0x08000528       0xbc ./Core/Src/main.o
                0x08000528                WS2812_Refresh
 .text.main     0x080005e4      0x158 ./Core/Src/main.o
                0x080005e4                main
 .text.SystemClock_Config
                0x0800073c       0xd4 ./Core/Src/main.o
                0x0800073c                SystemClock_Config
 .text.Error_Handler
                0x08000810        0x8 ./Core/Src/main.o
                0x08000810                Error_Handler
 .text.HAL_MspInit
                0x08000818       0x34 ./Core/Src/stm32h7xx_hal_msp.o
                0x08000818                HAL_MspInit
 .text.NMI_Handler
                0x0800084c        0x8 ./Core/Src/stm32h7xx_it.o
                0x0800084c                NMI_Handler
 .text.HardFault_Handler
                0x08000854        0x8 ./Core/Src/stm32h7xx_it.o
                0x08000854                HardFault_Handler
 .text.MemManage_Handler
                0x0800085c        0x8 ./Core/Src/stm32h7xx_it.o
                0x0800085c                MemManage_Handler
 .text.BusFault_Handler
                0x08000864        0x8 ./Core/Src/stm32h7xx_it.o
                0x08000864                BusFault_Handler
 .text.UsageFault_Handler
                0x0800086c        0x8 ./Core/Src/stm32h7xx_it.o
                0x0800086c                UsageFault_Handler
 .text.SVC_Handler
                0x08000874        0xe ./Core/Src/stm32h7xx_it.o
                0x08000874                SVC_Handler
 .text.DebugMon_Handler
                0x08000882        0xe ./Core/Src/stm32h7xx_it.o
                0x08000882                DebugMon_Handler
 .text.PendSV_Handler
                0x08000890        0xe ./Core/Src/stm32h7xx_it.o
                0x08000890                PendSV_Handler
 .text.SysTick_Handler
                0x0800089e        0xc ./Core/Src/stm32h7xx_it.o
                0x0800089e                SysTick_Handler
 *fill*         0x080008aa        0x2 
 .text.DMA1_Stream0_IRQHandler
                0x080008ac       0x14 ./Core/Src/stm32h7xx_it.o
                0x080008ac                DMA1_Stream0_IRQHandler
 .text.SystemInit
                0x080008c0      0x110 ./Core/Src/system_stm32h7xx.o
                0x080008c0                SystemInit
 .text.ExitRun0Mode
                0x080009d0       0x30 ./Core/Src/system_stm32h7xx.o
                0x080009d0                ExitRun0Mode
 .text.MX_TIM4_Init
                0x08000a00       0xb4 ./Core/Src/tim.o
                0x08000a00                MX_TIM4_Init
 .text.HAL_TIM_PWM_MspInit
                0x08000ab4       0xa8 ./Core/Src/tim.o
                0x08000ab4                HAL_TIM_PWM_MspInit
 .text.HAL_TIM_MspPostInit
                0x08000b5c       0x78 ./Core/Src/tim.o
                0x08000b5c                HAL_TIM_MspPostInit
 .text.Reset_Handler
                0x08000bd4       0x54 ./Core/Startup/startup_stm32h753zitx.o
                0x08000bd4                Reset_Handler
 .text.Default_Handler
                0x08000c28        0x2 ./Core/Startup/startup_stm32h753zitx.o
                0x08000c28                RTC_Alarm_IRQHandler
                0x08000c28                HASH_RNG_IRQHandler
                0x08000c28                EXTI2_IRQHandler
                0x08000c28                TIM8_CC_IRQHandler
                0x08000c28                HRTIM1_Master_IRQHandler
                0x08000c28                UART8_IRQHandler
                0x08000c28                SPI4_IRQHandler
                0x08000c28                TIM1_CC_IRQHandler
                0x08000c28                BDMA_Channel6_IRQHandler
                0x08000c28                DMA2_Stream5_IRQHandler
                0x08000c28                HRTIM1_FLT_IRQHandler
                0x08000c28                JPEG_IRQHandler
                0x08000c28                DMA1_Stream5_IRQHandler
                0x08000c28                BDMA_Channel1_IRQHandler
                0x08000c28                HRTIM1_TIMD_IRQHandler
                0x08000c28                TAMP_STAMP_IRQHandler
                0x08000c28                EXTI3_IRQHandler
                0x08000c28                LPTIM4_IRQHandler
                0x08000c28                TIM8_TRG_COM_TIM14_IRQHandler
                0x08000c28                LPTIM2_IRQHandler
                0x08000c28                DFSDM1_FLT1_IRQHandler
                0x08000c28                DMAMUX2_OVR_IRQHandler
                0x08000c28                TIM8_UP_TIM13_IRQHandler
                0x08000c28                I2C3_ER_IRQHandler
                0x08000c28                DFSDM1_FLT2_IRQHandler
                0x08000c28                MDMA_IRQHandler
                0x08000c28                LPTIM3_IRQHandler
                0x08000c28                HSEM1_IRQHandler
                0x08000c28                EXTI0_IRQHandler
                0x08000c28                I2C2_EV_IRQHandler
                0x08000c28                DMA1_Stream2_IRQHandler
                0x08000c28                FPU_IRQHandler
                0x08000c28                OTG_HS_WKUP_IRQHandler
                0x08000c28                FDCAN1_IT1_IRQHandler
                0x08000c28                LTDC_ER_IRQHandler
                0x08000c28                DMA2_Stream2_IRQHandler
                0x08000c28                HRTIM1_TIME_IRQHandler
                0x08000c28                SPI1_IRQHandler
                0x08000c28                TIM6_DAC_IRQHandler
                0x08000c28                DCMI_IRQHandler
                0x08000c28                HRTIM1_TIMC_IRQHandler
                0x08000c28                DMA2_Stream3_IRQHandler
                0x08000c28                SAI2_IRQHandler
                0x08000c28                DFSDM1_FLT3_IRQHandler
                0x08000c28                USART6_IRQHandler
                0x08000c28                TIM17_IRQHandler
                0x08000c28                USART3_IRQHandler
                0x08000c28                BDMA_Channel7_IRQHandler
                0x08000c28                CRYP_IRQHandler
                0x08000c28                LPTIM5_IRQHandler
                0x08000c28                UART5_IRQHandler
                0x08000c28                ADC3_IRQHandler
                0x08000c28                DMA2_Stream0_IRQHandler
                0x08000c28                TIM4_IRQHandler
                0x08000c28                BDMA_Channel2_IRQHandler
                0x08000c28                QUADSPI_IRQHandler
                0x08000c28                I2C1_EV_IRQHandler
                0x08000c28                DMA1_Stream6_IRQHandler
                0x08000c28                DMAMUX1_OVR_IRQHandler
                0x08000c28                DMA1_Stream1_IRQHandler
                0x08000c28                TIM16_IRQHandler
                0x08000c28                UART4_IRQHandler
                0x08000c28                BDMA_Channel5_IRQHandler
                0x08000c28                TIM3_IRQHandler
                0x08000c28                RCC_IRQHandler
                0x08000c28                TIM8_BRK_TIM12_IRQHandler
                0x08000c28                TIM1_TRG_COM_IRQHandler
                0x08000c28                Default_Handler
                0x08000c28                ECC_IRQHandler
                0x08000c28                CEC_IRQHandler
                0x08000c28                EXTI15_10_IRQHandler
                0x08000c28                BDMA_Channel0_IRQHandler
                0x08000c28                ADC_IRQHandler
                0x08000c28                DMA1_Stream7_IRQHandler
                0x08000c28                HRTIM1_TIMA_IRQHandler
                0x08000c28                SPI5_IRQHandler
                0x08000c28                TIM7_IRQHandler
                0x08000c28                SDMMC1_IRQHandler
                0x08000c28                TIM5_IRQHandler
                0x08000c28                DMA2_Stream7_IRQHandler
                0x08000c28                TIM15_IRQHandler
                0x08000c28                PVD_AVD_IRQHandler
                0x08000c28                I2C3_EV_IRQHandler
                0x08000c28                EXTI9_5_IRQHandler
                0x08000c28                RTC_WKUP_IRQHandler
                0x08000c28                LTDC_IRQHandler
                0x08000c28                SAI3_IRQHandler
                0x08000c28                ETH_WKUP_IRQHandler
                0x08000c28                SPDIF_RX_IRQHandler
                0x08000c28                SPI2_IRQHandler
                0x08000c28                OTG_HS_EP1_IN_IRQHandler
                0x08000c28                CRS_IRQHandler
                0x08000c28                EXTI4_IRQHandler
                0x08000c28                HRTIM1_TIMB_IRQHandler
                0x08000c28                FDCAN2_IT1_IRQHandler
                0x08000c28                ETH_IRQHandler
                0x08000c28                TIM1_UP_IRQHandler
                0x08000c28                BDMA_Channel4_IRQHandler
                0x08000c28                OTG_HS_EP1_OUT_IRQHandler
                0x08000c28                WWDG_IRQHandler
                0x08000c28                SPI6_IRQHandler
                0x08000c28                MDIOS_IRQHandler
                0x08000c28                I2C4_EV_IRQHandler
                0x08000c28                FDCAN2_IT0_IRQHandler
                0x08000c28                LPUART1_IRQHandler
                0x08000c28                FDCAN1_IT0_IRQHandler
                0x08000c28                TIM2_IRQHandler
                0x08000c28                OTG_FS_WKUP_IRQHandler
                0x08000c28                OTG_HS_IRQHandler
                0x08000c28                DMA2D_IRQHandler
                0x08000c28                TIM1_BRK_IRQHandler
                0x08000c28                EXTI1_IRQHandler
                0x08000c28                SDMMC2_IRQHandler
                0x08000c28                OTG_FS_EP1_OUT_IRQHandler
                0x08000c28                BDMA_Channel3_IRQHandler
                0x08000c28                UART7_IRQHandler
                0x08000c28                MDIOS_WKUP_IRQHandler
                0x08000c28                USART2_IRQHandler
                0x08000c28                DFSDM1_FLT0_IRQHandler
                0x08000c28                SAI4_IRQHandler
                0x08000c28                I2C2_ER_IRQHandler
                0x08000c28                DMA2_Stream1_IRQHandler
                0x08000c28                FLASH_IRQHandler
                0x08000c28                DMA2_Stream4_IRQHandler
                0x08000c28                USART1_IRQHandler
                0x08000c28                OTG_FS_IRQHandler
                0x08000c28                SPI3_IRQHandler
                0x08000c28                WAKEUP_PIN_IRQHandler
                0x08000c28                DMA1_Stream4_IRQHandler
                0x08000c28                OTG_FS_EP1_IN_IRQHandler
                0x08000c28                I2C1_ER_IRQHandler
                0x08000c28                FMC_IRQHandler
                0x08000c28                FDCAN_CAL_IRQHandler
                0x08000c28                SWPMI1_IRQHandler
                0x08000c28                COMP1_IRQHandler
                0x08000c28                LPTIM1_IRQHandler
                0x08000c28                I2C4_ER_IRQHandler
                0x08000c28                DMA2_Stream6_IRQHandler
                0x08000c28                SAI1_IRQHandler
                0x08000c28                DMA1_Stream3_IRQHandler
 *fill*         0x08000c2a        0x2 
 .text.HAL_Init
                0x08000c2c       0x78 ./Drivers/STM32H7xx_HAL_Driver/Src/stm32h7xx_hal.o
                0x08000c2c                HAL_Init
 .text.HAL_InitTick
                0x08000ca4       0x6c ./Drivers/STM32H7xx_HAL_Driver/Src/stm32h7xx_hal.o
                0x08000ca4                HAL_InitTick
 .text.HAL_IncTick
                0x08000d10       0x28 ./Drivers/STM32H7xx_HAL_Driver/Src/stm32h7xx_hal.o
                0x08000d10                HAL_IncTick
 .text.HAL_GetTick
                0x08000d38       0x18 ./Drivers/STM32H7xx_HAL_Driver/Src/stm32h7xx_hal.o
                0x08000d38                HAL_GetTick
 .text.HAL_Delay
                0x08000d50       0x48 ./Drivers/STM32H7xx_HAL_Driver/Src/stm32h7xx_hal.o
                0x08000d50                HAL_Delay
 .text.HAL_GetREVID
                0x08000d98       0x18 ./Drivers/STM32H7xx_HAL_Driver/Src/stm32h7xx_hal.o
                0x08000d98                HAL_GetREVID
 .text.__NVIC_SetPriorityGrouping
                0x08000db0       0x48 ./Drivers/STM32H7xx_HAL_Driver/Src/stm32h7xx_hal_cortex.o
 .text.__NVIC_GetPriorityGrouping
                0x08000df8       0x1c ./Drivers/STM32H7xx_HAL_Driver/Src/stm32h7xx_hal_cortex.o
 .text.__NVIC_EnableIRQ
                0x08000e14       0x3c ./Drivers/STM32H7xx_HAL_Driver/Src/stm32h7xx_hal_cortex.o
 .text.__NVIC_SetPriority
                0x08000e50       0x54 ./Drivers/STM32H7xx_HAL_Driver/Src/stm32h7xx_hal_cortex.o
 .text.NVIC_EncodePriority
                0x08000ea4       0x66 ./Drivers/STM32H7xx_HAL_Driver/Src/stm32h7xx_hal_cortex.o
 *fill*         0x08000f0a        0x2 
 .text.SysTick_Config
                0x08000f0c       0x44 ./Drivers/STM32H7xx_HAL_Driver/Src/stm32h7xx_hal_cortex.o
 .text.HAL_NVIC_SetPriorityGrouping
                0x08000f50       0x16 ./Drivers/STM32H7xx_HAL_Driver/Src/stm32h7xx_hal_cortex.o
                0x08000f50                HAL_NVIC_SetPriorityGrouping
 .text.HAL_NVIC_SetPriority
                0x08000f66       0x34 ./Drivers/STM32H7xx_HAL_Driver/Src/stm32h7xx_hal_cortex.o
                0x08000f66                HAL_NVIC_SetPriority
 .text.HAL_NVIC_EnableIRQ
                0x08000f9a       0x1c ./Drivers/STM32H7xx_HAL_Driver/Src/stm32h7xx_hal_cortex.o
                0x08000f9a                HAL_NVIC_EnableIRQ
 .text.HAL_SYSTICK_Config
                0x08000fb6       0x18 ./Drivers/STM32H7xx_HAL_Driver/Src/stm32h7xx_hal_cortex.o
                0x08000fb6                HAL_SYSTICK_Config
 *fill*         0x08000fce        0x2 
 .text.HAL_DMA_Init
                0x08000fd0      0x6b8 ./Drivers/STM32H7xx_HAL_Driver/Src/stm32h7xx_hal_dma.o
                0x08000fd0                HAL_DMA_Init
 .text.HAL_DMA_Start_IT
                0x08001688      0x4d4 ./Drivers/STM32H7xx_HAL_Driver/Src/stm32h7xx_hal_dma.o
                0x08001688                HAL_DMA_Start_IT
 .text.HAL_DMA_IRQHandler
                0x08001b5c      0xe54 ./Drivers/STM32H7xx_HAL_Driver/Src/stm32h7xx_hal_dma.o
                0x08001b5c                HAL_DMA_IRQHandler
 .text.DMA_SetConfig
                0x080029b0      0x358 ./Drivers/STM32H7xx_HAL_Driver/Src/stm32h7xx_hal_dma.o
 .text.DMA_CalcBaseAndBitshift
                0x08002d08      0x164 ./Drivers/STM32H7xx_HAL_Driver/Src/stm32h7xx_hal_dma.o
 .text.DMA_CheckFifoParam
                0x08002e6c       0xf8 ./Drivers/STM32H7xx_HAL_Driver/Src/stm32h7xx_hal_dma.o
 .text.DMA_CalcDMAMUXChannelBaseAndMask
                0x08002f64      0x134 ./Drivers/STM32H7xx_HAL_Driver/Src/stm32h7xx_hal_dma.o
 .text.DMA_CalcDMAMUXRequestGenBaseAndMask
                0x08003098       0xe8 ./Drivers/STM32H7xx_HAL_Driver/Src/stm32h7xx_hal_dma.o
 .text.HAL_GPIO_Init
                0x08003180      0x360 ./Drivers/STM32H7xx_HAL_Driver/Src/stm32h7xx_hal_gpio.o
                0x08003180                HAL_GPIO_Init
 .text.HAL_GPIO_WritePin
                0x080034e0       0x32 ./Drivers/STM32H7xx_HAL_Driver/Src/stm32h7xx_hal_gpio.o
                0x080034e0                HAL_GPIO_WritePin
 *fill*         0x08003512        0x2 
 .text.HAL_PWREx_ConfigSupply
                0x08003514       0x74 ./Drivers/STM32H7xx_HAL_Driver/Src/stm32h7xx_hal_pwr_ex.o
                0x08003514                HAL_PWREx_ConfigSupply
 .text.HAL_RCC_OscConfig
                0x08003588      0x8b4 ./Drivers/STM32H7xx_HAL_Driver/Src/stm32h7xx_hal_rcc.o
                0x08003588                HAL_RCC_OscConfig
 .text.HAL_RCC_ClockConfig
                0x08003e3c      0x36c ./Drivers/STM32H7xx_HAL_Driver/Src/stm32h7xx_hal_rcc.o
                0x08003e3c                HAL_RCC_ClockConfig
 .text.HAL_RCC_GetSysClockFreq
                0x080041a8      0x2f4 ./Drivers/STM32H7xx_HAL_Driver/Src/stm32h7xx_hal_rcc.o
                0x080041a8                HAL_RCC_GetSysClockFreq
 .text.HAL_TIM_PWM_Init
                0x0800449c       0xae ./Drivers/STM32H7xx_HAL_Driver/Src/stm32h7xx_hal_tim.o
                0x0800449c                HAL_TIM_PWM_Init
 *fill*         0x0800454a        0x2 
 .text.HAL_TIM_PWM_Start_DMA
                0x0800454c      0x44c ./Drivers/STM32H7xx_HAL_Driver/Src/stm32h7xx_hal_tim.o
                0x0800454c                HAL_TIM_PWM_Start_DMA
 .text.HAL_TIM_PWM_ConfigChannel
                0x08004998      0x228 ./Drivers/STM32H7xx_HAL_Driver/Src/stm32h7xx_hal_tim.o
                0x08004998                HAL_TIM_PWM_ConfigChannel
 .text.HAL_TIM_PWM_PulseFinishedCallback
                0x08004bc0       0x14 ./Drivers/STM32H7xx_HAL_Driver/Src/stm32h7xx_hal_tim.o
                0x08004bc0                HAL_TIM_PWM_PulseFinishedCallback
 .text.HAL_TIM_PWM_PulseFinishedHalfCpltCallback
                0x08004bd4       0x14 ./Drivers/STM32H7xx_HAL_Driver/Src/stm32h7xx_hal_tim.o
                0x08004bd4                HAL_TIM_PWM_PulseFinishedHalfCpltCallback
 .text.HAL_TIM_ErrorCallback
                0x08004be8       0x14 ./Drivers/STM32H7xx_HAL_Driver/Src/stm32h7xx_hal_tim.o
                0x08004be8                HAL_TIM_ErrorCallback
 .text.TIM_DMAError
                0x08004bfc       0x92 ./Drivers/STM32H7xx_HAL_Driver/Src/stm32h7xx_hal_tim.o
                0x08004bfc                TIM_DMAError
 .text.TIM_DMADelayPulseCplt
                0x08004c8e       0xa8 ./Drivers/STM32H7xx_HAL_Driver/Src/stm32h7xx_hal_tim.o
 .text.TIM_DMADelayPulseHalfCplt
                0x08004d36       0x68 ./Drivers/STM32H7xx_HAL_Driver/Src/stm32h7xx_hal_tim.o
                0x08004d36                TIM_DMADelayPulseHalfCplt
 *fill*         0x08004d9e        0x2 
 .text.TIM_Base_SetConfig
                0x08004da0      0x140 ./Drivers/STM32H7xx_HAL_Driver/Src/stm32h7xx_hal_tim.o
                0x08004da0                TIM_Base_SetConfig
 .text.TIM_OC1_SetConfig
                0x08004ee0      0x120 ./Drivers/STM32H7xx_HAL_Driver/Src/stm32h7xx_hal_tim.o
 .text.TIM_OC2_SetConfig
                0x08005000      0x114 ./Drivers/STM32H7xx_HAL_Driver/Src/stm32h7xx_hal_tim.o
                0x08005000                TIM_OC2_SetConfig
 .text.TIM_OC3_SetConfig
                0x08005114      0x110 ./Drivers/STM32H7xx_HAL_Driver/Src/stm32h7xx_hal_tim.o
 .text.TIM_OC4_SetConfig
                0x08005224       0xd4 ./Drivers/STM32H7xx_HAL_Driver/Src/stm32h7xx_hal_tim.o
 .text.TIM_OC5_SetConfig
                0x080052f8       0xc8 ./Drivers/STM32H7xx_HAL_Driver/Src/stm32h7xx_hal_tim.o
 .text.TIM_OC6_SetConfig
                0x080053c0       0xcc ./Drivers/STM32H7xx_HAL_Driver/Src/stm32h7xx_hal_tim.o
 .text.TIM_CCxChannelCmd
                0x0800548c       0x4a ./Drivers/STM32H7xx_HAL_Driver/Src/stm32h7xx_hal_tim.o
                0x0800548c                TIM_CCxChannelCmd
 *fill*         0x080054d6        0x2 
 .text.HAL_TIMEx_MasterConfigSynchronization
                0x080054d8      0x11c ./Drivers/STM32H7xx_HAL_Driver/Src/stm32h7xx_hal_tim_ex.o
                0x080054d8                HAL_TIMEx_MasterConfigSynchronization
 .text.memset   0x080055f4       0x10 C:/ST/STM32CubeIDE_1.17.0/STM32CubeIDE/plugins/com.st.stm32cube.ide.mcu.externaltools.gnu-tools-for-stm32.12.3.rel1.win32_1.1.0.202410251130/tools/bin/../lib/gcc/arm-none-eabi/12.3.1/../../../../arm-none-eabi/lib/thumb/v7e-m+dp/hard\libc_nano.a(libc_a-memset.o)
                0x080055f4                memset
 .text.__errno  0x08005604        0xc C:/ST/STM32CubeIDE_1.17.0/STM32CubeIDE/plugins/com.st.stm32cube.ide.mcu.externaltools.gnu-tools-for-stm32.12.3.rel1.win32_1.1.0.202410251130/tools/bin/../lib/gcc/arm-none-eabi/12.3.1/../../../../arm-none-eabi/lib/thumb/v7e-m+dp/hard\libc_nano.a(libc_a-errno.o)
                0x08005604                __errno
 .text.__libc_init_array
                0x08005610       0x48 C:/ST/STM32CubeIDE_1.17.0/STM32CubeIDE/plugins/com.st.stm32cube.ide.mcu.externaltools.gnu-tools-for-stm32.12.3.rel1.win32_1.1.0.202410251130/tools/bin/../lib/gcc/arm-none-eabi/12.3.1/../../../../arm-none-eabi/lib/thumb/v7e-m+dp/hard\libc_nano.a(libc_a-init.o)
                0x08005610                __libc_init_array
 .text.checkint
                0x08005658       0x68 C:/ST/STM32CubeIDE_1.17.0/STM32CubeIDE/plugins/com.st.stm32cube.ide.mcu.externaltools.gnu-tools-for-stm32.12.3.rel1.win32_1.1.0.202410251130/tools/bin/../lib/gcc/arm-none-eabi/12.3.1/../../../../arm-none-eabi/lib/thumb/v7e-m+dp/hard\libm.a(libm_a-pow.o)
 .text.pow      0x080056c0      0x4a0 C:/ST/STM32CubeIDE_1.17.0/STM32CubeIDE/plugins/com.st.stm32cube.ide.mcu.externaltools.gnu-tools-for-stm32.12.3.rel1.win32_1.1.0.202410251130/tools/bin/../lib/gcc/arm-none-eabi/12.3.1/../../../../arm-none-eabi/lib/thumb/v7e-m+dp/hard\libm.a(libm_a-pow.o)
                0x080056c0                pow
 .text.with_errno
                0x08005b60       0x1c C:/ST/STM32CubeIDE_1.17.0/STM32CubeIDE/plugins/com.st.stm32cube.ide.mcu.externaltools.gnu-tools-for-stm32.12.3.rel1.win32_1.1.0.202410251130/tools/bin/../lib/gcc/arm-none-eabi/12.3.1/../../../../arm-none-eabi/lib/thumb/v7e-m+dp/hard\libm.a(libm_a-math_err.o)
 .text.xflow    0x08005b7c       0x22 C:/ST/STM32CubeIDE_1.17.0/STM32CubeIDE/plugins/com.st.stm32cube.ide.mcu.externaltools.gnu-tools-for-stm32.12.3.rel1.win32_1.1.0.202410251130/tools/bin/../lib/gcc/arm-none-eabi/12.3.1/../../../../arm-none-eabi/lib/thumb/v7e-m+dp/hard\libm.a(libm_a-math_err.o)
 *fill*         0x08005b9e        0x2 
 .text.__math_uflow
                0x08005ba0       0x10 C:/ST/STM32CubeIDE_1.17.0/STM32CubeIDE/plugins/com.st.stm32cube.ide.mcu.externaltools.gnu-tools-for-stm32.12.3.rel1.win32_1.1.0.202410251130/tools/bin/../lib/gcc/arm-none-eabi/12.3.1/../../../../arm-none-eabi/lib/thumb/v7e-m+dp/hard\libm.a(libm_a-math_err.o)
                0x08005ba0                __math_uflow
 .text.__math_oflow
                0x08005bb0       0x10 C:/ST/STM32CubeIDE_1.17.0/STM32CubeIDE/plugins/com.st.stm32cube.ide.mcu.externaltools.gnu-tools-for-stm32.12.3.rel1.win32_1.1.0.202410251130/tools/bin/../lib/gcc/arm-none-eabi/12.3.1/../../../../arm-none-eabi/lib/thumb/v7e-m+dp/hard\libm.a(libm_a-math_err.o)
                0x08005bb0                __math_oflow
 .text.__math_divzero
                0x08005bc0       0x30 C:/ST/STM32CubeIDE_1.17.0/STM32CubeIDE/plugins/com.st.stm32cube.ide.mcu.externaltools.gnu-tools-for-stm32.12.3.rel1.win32_1.1.0.202410251130/tools/bin/../lib/gcc/arm-none-eabi/12.3.1/../../../../arm-none-eabi/lib/thumb/v7e-m+dp/hard\libm.a(libm_a-math_err.o)
                0x08005bc0                __math_divzero
 .text.__math_invalid
                0x08005bf0       0x1e C:/ST/STM32CubeIDE_1.17.0/STM32CubeIDE/plugins/com.st.stm32cube.ide.mcu.externaltools.gnu-tools-for-stm32.12.3.rel1.win32_1.1.0.202410251130/tools/bin/../lib/gcc/arm-none-eabi/12.3.1/../../../../arm-none-eabi/lib/thumb/v7e-m+dp/hard\libm.a(libm_a-math_err.o)
                0x08005bf0                __math_invalid
 .text.__math_check_uflow
                0x08005c0e       0x12 C:/ST/STM32CubeIDE_1.17.0/STM32CubeIDE/plugins/com.st.stm32cube.ide.mcu.externaltools.gnu-tools-for-stm32.12.3.rel1.win32_1.1.0.202410251130/tools/bin/../lib/gcc/arm-none-eabi/12.3.1/../../../../arm-none-eabi/lib/thumb/v7e-m+dp/hard\libm.a(libm_a-math_err.o)
                0x08005c0e                __math_check_uflow
 .text.__math_check_oflow
                0x08005c20       0x28 C:/ST/STM32CubeIDE_1.17.0/STM32CubeIDE/plugins/com.st.stm32cube.ide.mcu.externaltools.gnu-tools-for-stm32.12.3.rel1.win32_1.1.0.202410251130/tools/bin/../lib/gcc/arm-none-eabi/12.3.1/../../../../arm-none-eabi/lib/thumb/v7e-m+dp/hard\libm.a(libm_a-math_err.o)
                0x08005c20                __math_check_oflow
 *(.glue_7)
 .glue_7        0x08005c48        0x0 linker stubs
 *(.glue_7t)
 .glue_7t       0x08005c48        0x0 linker stubs
 *(.eh_frame)
 .eh_frame      0x08005c48        0x0 C:/ST/STM32CubeIDE_1.17.0/STM32CubeIDE/plugins/com.st.stm32cube.ide.mcu.externaltools.gnu-tools-for-stm32.12.3.rel1.win32_1.1.0.202410251130/tools/bin/../lib/gcc/arm-none-eabi/12.3.1/thumb/v7e-m+dp/hard/crtbegin.o
 *(.init)
 .init          0x08005c48        0x4 C:/ST/STM32CubeIDE_1.17.0/STM32CubeIDE/plugins/com.st.stm32cube.ide.mcu.externaltools.gnu-tools-for-stm32.12.3.rel1.win32_1.1.0.202410251130/tools/bin/../lib/gcc/arm-none-eabi/12.3.1/thumb/v7e-m+dp/hard/crti.o
                0x08005c48                _init
 .init          0x08005c4c        0x8 C:/ST/STM32CubeIDE_1.17.0/STM32CubeIDE/plugins/com.st.stm32cube.ide.mcu.externaltools.gnu-tools-for-stm32.12.3.rel1.win32_1.1.0.202410251130/tools/bin/../lib/gcc/arm-none-eabi/12.3.1/thumb/v7e-m+dp/hard/crtn.o
 *(.fini)
 .fini          0x08005c54        0x4 C:/ST/STM32CubeIDE_1.17.0/STM32CubeIDE/plugins/com.st.stm32cube.ide.mcu.externaltools.gnu-tools-for-stm32.12.3.rel1.win32_1.1.0.202410251130/tools/bin/../lib/gcc/arm-none-eabi/12.3.1/thumb/v7e-m+dp/hard/crti.o
                0x08005c54                _fini
 .fini          0x08005c58        0x8 C:/ST/STM32CubeIDE_1.17.0/STM32CubeIDE/plugins/com.st.stm32cube.ide.mcu.externaltools.gnu-tools-for-stm32.12.3.rel1.win32_1.1.0.202410251130/tools/bin/../lib/gcc/arm-none-eabi/12.3.1/thumb/v7e-m+dp/hard/crtn.o
                0x08005c60                        . = ALIGN (0x4)
                0x08005c60                        _etext = .

.vfp11_veneer   0x08005c60        0x0
 .vfp11_veneer  0x08005c60        0x0 linker stubs

.v4_bx          0x08005c60        0x0
 .v4_bx         0x08005c60        0x0 linker stubs

.iplt           0x08005c60        0x0
 .iplt          0x08005c60        0x0 C:/ST/STM32CubeIDE_1.17.0/STM32CubeIDE/plugins/com.st.stm32cube.ide.mcu.externaltools.gnu-tools-for-stm32.12.3.rel1.win32_1.1.0.202410251130/tools/bin/../lib/gcc/arm-none-eabi/12.3.1/thumb/v7e-m+dp/hard/crtbegin.o

.rodata         0x08005c60     0x18e0
                0x08005c60                        . = ALIGN (0x4)
 *(.rodata)
 .rodata        0x08005c60        0xb ./Core/Src/main.o
 *(.rodata*)
 *fill*         0x08005c6b        0x1 
 .rodata.D1CorePrescTable
                0x08005c6c       0x10 ./Core/Src/system_stm32h7xx.o
                0x08005c6c                D1CorePrescTable
 .rodata.flagBitshiftOffset.0
                0x08005c7c        0x8 ./Drivers/STM32H7xx_HAL_Driver/Src/stm32h7xx_hal_dma.o
 *fill*         0x08005c84        0x4 
 .rodata.__pow_log_data
                0x08005c88     0x1048 C:/ST/STM32CubeIDE_1.17.0/STM32CubeIDE/plugins/com.st.stm32cube.ide.mcu.externaltools.gnu-tools-for-stm32.12.3.rel1.win32_1.1.0.202410251130/tools/bin/../lib/gcc/arm-none-eabi/12.3.1/../../../../arm-none-eabi/lib/thumb/v7e-m+dp/hard\libm.a(libm_a-pow_log_data.o)
                0x08005c88                __pow_log_data
 .rodata.__exp_data
                0x08006cd0      0x870 C:/ST/STM32CubeIDE_1.17.0/STM32CubeIDE/plugins/com.st.stm32cube.ide.mcu.externaltools.gnu-tools-for-stm32.12.3.rel1.win32_1.1.0.202410251130/tools/bin/../lib/gcc/arm-none-eabi/12.3.1/../../../../arm-none-eabi/lib/thumb/v7e-m+dp/hard\libm.a(libm_a-exp_data.o)
                0x08006cd0                __exp_data
                0x08007540                        . = ALIGN (0x4)

.ARM.extab
 *(.ARM.extab* .gnu.linkonce.armextab.*)

.ARM            0x08007540        0x0
                0x08007540                        __exidx_start = .
 *(.ARM.exidx*)
                0x08007540                        __exidx_end = .

.preinit_array  0x08007540        0x0
                0x08007540                        PROVIDE (__preinit_array_start = .)
 *(.preinit_array*)
                0x08007540                        PROVIDE (__preinit_array_end = .)

.init_array     0x08007540        0x4
                0x08007540                        PROVIDE (__init_array_start = .)
 *(SORT_BY_NAME(.init_array.*))
 *(.init_array*)
 .init_array    0x08007540        0x4 C:/ST/STM32CubeIDE_1.17.0/STM32CubeIDE/plugins/com.st.stm32cube.ide.mcu.externaltools.gnu-tools-for-stm32.12.3.rel1.win32_1.1.0.202410251130/tools/bin/../lib/gcc/arm-none-eabi/12.3.1/thumb/v7e-m+dp/hard/crtbegin.o
                0x08007544                        PROVIDE (__init_array_end = .)

.fini_array     0x08007544        0x4
                [!provide]                        PROVIDE (__fini_array_start = .)
 *(SORT_BY_NAME(.fini_array.*))
 *(.fini_array*)
 .fini_array    0x08007544        0x4 C:/ST/STM32CubeIDE_1.17.0/STM32CubeIDE/plugins/com.st.stm32cube.ide.mcu.externaltools.gnu-tools-for-stm32.12.3.rel1.win32_1.1.0.202410251130/tools/bin/../lib/gcc/arm-none-eabi/12.3.1/thumb/v7e-m+dp/hard/crtbegin.o
                [!provide]                        PROVIDE (__fini_array_end = .)
                0x08007548                        _sidata = LOADADDR (.data)

.rel.dyn        0x08007548        0x0
 .rel.iplt      0x08007548        0x0 C:/ST/STM32CubeIDE_1.17.0/STM32CubeIDE/plugins/com.st.stm32cube.ide.mcu.externaltools.gnu-tools-for-stm32.12.3.rel1.win32_1.1.0.202410251130/tools/bin/../lib/gcc/arm-none-eabi/12.3.1/thumb/v7e-m+dp/hard/crtbegin.o

.data           0x24000000       0x60 load address 0x08007548
                0x24000000                        . = ALIGN (0x4)
                0x24000000                        _sdata = .
 *(.data)
 *(.data*)
 .data.SystemCoreClock
                0x24000000        0x4 ./Core/Src/system_stm32h7xx.o
                0x24000000                SystemCoreClock
 .data.SystemD2Clock
                0x24000004        0x4 ./Core/Src/system_stm32h7xx.o
                0x24000004                SystemD2Clock
 .data.uwTickPrio
                0x24000008        0x4 ./Drivers/STM32H7xx_HAL_Driver/Src/stm32h7xx_hal.o
                0x24000008                uwTickPrio
 .data.uwTickFreq
                0x2400000c        0x1 ./Drivers/STM32H7xx_HAL_Driver/Src/stm32h7xx_hal.o
                0x2400000c                uwTickFreq
 *fill*         0x2400000d        0x3 
 .data._impure_ptr
                0x24000010        0x4 C:/ST/STM32CubeIDE_1.17.0/STM32CubeIDE/plugins/com.st.stm32cube.ide.mcu.externaltools.gnu-tools-for-stm32.12.3.rel1.win32_1.1.0.202410251130/tools/bin/../lib/gcc/arm-none-eabi/12.3.1/../../../../arm-none-eabi/lib/thumb/v7e-m+dp/hard\libc_nano.a(libc_a-impure.o)
                0x24000010                _impure_ptr
 .data._impure_data
                0x24000014       0x4c C:/ST/STM32CubeIDE_1.17.0/STM32CubeIDE/plugins/com.st.stm32cube.ide.mcu.externaltools.gnu-tools-for-stm32.12.3.rel1.win32_1.1.0.202410251130/tools/bin/../lib/gcc/arm-none-eabi/12.3.1/../../../../arm-none-eabi/lib/thumb/v7e-m+dp/hard\libc_nano.a(libc_a-impure.o)
                0x24000014                _impure_data
 *(.RamFunc)
 *(.RamFunc*)
                0x24000060                        . = ALIGN (0x4)
                0x24000060                        _edata = .

.igot.plt       0x24000060        0x0 load address 0x080075a8
 .igot.plt      0x24000060        0x0 C:/ST/STM32CubeIDE_1.17.0/STM32CubeIDE/plugins/com.st.stm32cube.ide.mcu.externaltools.gnu-tools-for-stm32.12.3.rel1.win32_1.1.0.202410251130/tools/bin/../lib/gcc/arm-none-eabi/12.3.1/thumb/v7e-m+dp/hard/crtbegin.o
                0x24000060                        . = ALIGN (0x4)

.bss            0x24000060      0x5b0 load address 0x080075a8
                0x24000060                        _sbss = .
                0x24000060                        __bss_start__ = _sbss
 *(.bss)
 .bss           0x24000060       0x1c C:/ST/STM32CubeIDE_1.17.0/STM32CubeIDE/plugins/com.st.stm32cube.ide.mcu.externaltools.gnu-tools-for-stm32.12.3.rel1.win32_1.1.0.202410251130/tools/bin/../lib/gcc/arm-none-eabi/12.3.1/thumb/v7e-m+dp/hard/crtbegin.o
 *(.bss*)
 .bss.LEDBuffer
                0x2400007c      0x364 ./Core/Src/main.o
 .bss.LED_Data  0x240003e0       0x30 ./Core/Src/main.o
 .bss.htim4     0x24000410       0x4c ./Core/Src/tim.o
                0x24000410                htim4
 .bss.hdma_tim4_ch3
                0x2400045c       0x78 ./Core/Src/tim.o
                0x2400045c                hdma_tim4_ch3
 .bss.uwTick    0x240004d4        0x4 ./Drivers/STM32H7xx_HAL_Driver/Src/stm32h7xx_hal.o
                0x240004d4                uwTick
 .bss.__sf      0x240004d8      0x138 C:/ST/STM32CubeIDE_1.17.0/STM32CubeIDE/plugins/com.st.stm32cube.ide.mcu.externaltools.gnu-tools-for-stm32.12.3.rel1.win32_1.1.0.202410251130/tools/bin/../lib/gcc/arm-none-eabi/12.3.1/../../../../arm-none-eabi/lib/thumb/v7e-m+dp/hard\libc_nano.a(libc_a-findfp.o)
                0x240004d8                __sf
 *(COMMON)
                0x24000610                        . = ALIGN (0x4)
                0x24000610                        _ebss = .
                0x24000610                        __bss_end__ = _ebss

._user_heap_stack
                0x24000610      0x600 load address 0x080075a8
                0x24000610                        . = ALIGN (0x8)
                [!provide]                        PROVIDE (end = .)
                0x24000610                        PROVIDE (_end = .)
                0x24000810                        . = (. + _Min_Heap_Size)
 *fill*         0x24000610      0x200 
                0x24000c10                        . = (. + _Min_Stack_Size)
 *fill*         0x24000810      0x400 
                0x24000c10                        . = ALIGN (0x8)

/DISCARD/
 libc.a(*)
 libm.a(*)
 libgcc.a(*)

.ARM.attributes
                0x00000000       0x2e
 *(.ARM.attributes)
 .ARM.attributes
                0x00000000       0x20 C:/ST/STM32CubeIDE_1.17.0/STM32CubeIDE/plugins/com.st.stm32cube.ide.mcu.externaltools.gnu-tools-for-stm32.12.3.rel1.win32_1.1.0.202410251130/tools/bin/../lib/gcc/arm-none-eabi/12.3.1/thumb/v7e-m+dp/hard/crti.o
 .ARM.attributes
                0x00000020       0x32 C:/ST/STM32CubeIDE_1.17.0/STM32CubeIDE/plugins/com.st.stm32cube.ide.mcu.externaltools.gnu-tools-for-stm32.12.3.rel1.win32_1.1.0.202410251130/tools/bin/../lib/gcc/arm-none-eabi/12.3.1/thumb/v7e-m+dp/hard/crtbegin.o
 .ARM.attributes
                0x00000052       0x32 ./Core/Src/dma.o
 .ARM.attributes
                0x00000084       0x32 ./Core/Src/gpio.o
 .ARM.attributes
                0x000000b6       0x32 ./Core/Src/main.o
 .ARM.attributes
                0x000000e8       0x32 ./Core/Src/stm32h7xx_hal_msp.o
 .ARM.attributes
                0x0000011a       0x32 ./Core/Src/stm32h7xx_it.o
 .ARM.attributes
                0x0000014c       0x32 ./Core/Src/system_stm32h7xx.o
 .ARM.attributes
                0x0000017e       0x32 ./Core/Src/tim.o
 .ARM.attributes
                0x000001b0       0x21 ./Core/Startup/startup_stm32h753zitx.o
 .ARM.attributes
                0x000001d1       0x32 ./Drivers/STM32H7xx_HAL_Driver/Src/stm32h7xx_hal.o
 .ARM.attributes
                0x00000203       0x32 ./Drivers/STM32H7xx_HAL_Driver/Src/stm32h7xx_hal_cortex.o
 .ARM.attributes
                0x00000235       0x32 ./Drivers/STM32H7xx_HAL_Driver/Src/stm32h7xx_hal_dma.o
 .ARM.attributes
                0x00000267       0x32 ./Drivers/STM32H7xx_HAL_Driver/Src/stm32h7xx_hal_gpio.o
 .ARM.attributes
                0x00000299       0x32 ./Drivers/STM32H7xx_HAL_Driver/Src/stm32h7xx_hal_pwr_ex.o
 .ARM.attributes
                0x000002cb       0x32 ./Drivers/STM32H7xx_HAL_Driver/Src/stm32h7xx_hal_rcc.o
 .ARM.attributes
                0x000002fd       0x32 ./Drivers/STM32H7xx_HAL_Driver/Src/stm32h7xx_hal_tim.o
 .ARM.attributes
                0x0000032f       0x32 ./Drivers/STM32H7xx_HAL_Driver/Src/stm32h7xx_hal_tim_ex.o
 .ARM.attributes
                0x00000361       0x32 C:/ST/STM32CubeIDE_1.17.0/STM32CubeIDE/plugins/com.st.stm32cube.ide.mcu.externaltools.gnu-tools-for-stm32.12.3.rel1.win32_1.1.0.202410251130/tools/bin/../lib/gcc/arm-none-eabi/12.3.1/../../../../arm-none-eabi/lib/thumb/v7e-m+dp/hard\libc_nano.a(libc_a-findfp.o)
 .ARM.attributes
                0x00000393       0x32 C:/ST/STM32CubeIDE_1.17.0/STM32CubeIDE/plugins/com.st.stm32cube.ide.mcu.externaltools.gnu-tools-for-stm32.12.3.rel1.win32_1.1.0.202410251130/tools/bin/../lib/gcc/arm-none-eabi/12.3.1/../../../../arm-none-eabi/lib/thumb/v7e-m+dp/hard\libc_nano.a(libc_a-memset.o)
 .ARM.attributes
                0x000003c5       0x32 C:/ST/STM32CubeIDE_1.17.0/STM32CubeIDE/plugins/com.st.stm32cube.ide.mcu.externaltools.gnu-tools-for-stm32.12.3.rel1.win32_1.1.0.202410251130/tools/bin/../lib/gcc/arm-none-eabi/12.3.1/../../../../arm-none-eabi/lib/thumb/v7e-m+dp/hard\libc_nano.a(libc_a-impure.o)
 .ARM.attributes
                0x000003f7       0x32 C:/ST/STM32CubeIDE_1.17.0/STM32CubeIDE/plugins/com.st.stm32cube.ide.mcu.externaltools.gnu-tools-for-stm32.12.3.rel1.win32_1.1.0.202410251130/tools/bin/../lib/gcc/arm-none-eabi/12.3.1/../../../../arm-none-eabi/lib/thumb/v7e-m+dp/hard\libc_nano.a(libc_a-errno.o)
 .ARM.attributes
                0x00000429       0x32 C:/ST/STM32CubeIDE_1.17.0/STM32CubeIDE/plugins/com.st.stm32cube.ide.mcu.externaltools.gnu-tools-for-stm32.12.3.rel1.win32_1.1.0.202410251130/tools/bin/../lib/gcc/arm-none-eabi/12.3.1/../../../../arm-none-eabi/lib/thumb/v7e-m+dp/hard\libc_nano.a(libc_a-init.o)
 .ARM.attributes
                0x0000045b       0x32 C:/ST/STM32CubeIDE_1.17.0/STM32CubeIDE/plugins/com.st.stm32cube.ide.mcu.externaltools.gnu-tools-for-stm32.12.3.rel1.win32_1.1.0.202410251130/tools/bin/../lib/gcc/arm-none-eabi/12.3.1/../../../../arm-none-eabi/lib/thumb/v7e-m+dp/hard\libm.a(libm_a-pow.o)
 .ARM.attributes
                0x0000048d       0x32 C:/ST/STM32CubeIDE_1.17.0/STM32CubeIDE/plugins/com.st.stm32cube.ide.mcu.externaltools.gnu-tools-for-stm32.12.3.rel1.win32_1.1.0.202410251130/tools/bin/../lib/gcc/arm-none-eabi/12.3.1/../../../../arm-none-eabi/lib/thumb/v7e-m+dp/hard\libm.a(libm_a-pow_log_data.o)
 .ARM.attributes
                0x000004bf       0x32 C:/ST/STM32CubeIDE_1.17.0/STM32CubeIDE/plugins/com.st.stm32cube.ide.mcu.externaltools.gnu-tools-for-stm32.12.3.rel1.win32_1.1.0.202410251130/tools/bin/../lib/gcc/arm-none-eabi/12.3.1/../../../../arm-none-eabi/lib/thumb/v7e-m+dp/hard\libm.a(libm_a-exp_data.o)
 .ARM.attributes
                0x000004f1       0x32 C:/ST/STM32CubeIDE_1.17.0/STM32CubeIDE/plugins/com.st.stm32cube.ide.mcu.externaltools.gnu-tools-for-stm32.12.3.rel1.win32_1.1.0.202410251130/tools/bin/../lib/gcc/arm-none-eabi/12.3.1/../../../../arm-none-eabi/lib/thumb/v7e-m+dp/hard\libm.a(libm_a-math_err.o)
 .ARM.attributes
                0x00000523       0x20 C:/ST/STM32CubeIDE_1.17.0/STM32CubeIDE/plugins/com.st.stm32cube.ide.mcu.externaltools.gnu-tools-for-stm32.12.3.rel1.win32_1.1.0.202410251130/tools/bin/../lib/gcc/arm-none-eabi/12.3.1/thumb/v7e-m+dp/hard/crtn.o
OUTPUT(WS2812B_SPI_Control.elf elf32-littlearm)
LOAD linker stubs
LOAD C:/ST/STM32CubeIDE_1.17.0/STM32CubeIDE/plugins/com.st.stm32cube.ide.mcu.externaltools.gnu-tools-for-stm32.12.3.rel1.win32_1.1.0.202410251130/tools/bin/../lib/gcc/arm-none-eabi/12.3.1/../../../../arm-none-eabi/lib/thumb/v7e-m+dp/hard\libc.a
LOAD C:/ST/STM32CubeIDE_1.17.0/STM32CubeIDE/plugins/com.st.stm32cube.ide.mcu.externaltools.gnu-tools-for-stm32.12.3.rel1.win32_1.1.0.202410251130/tools/bin/../lib/gcc/arm-none-eabi/12.3.1/../../../../arm-none-eabi/lib/thumb/v7e-m+dp/hard\libm.a
LOAD C:/ST/STM32CubeIDE_1.17.0/STM32CubeIDE/plugins/com.st.stm32cube.ide.mcu.externaltools.gnu-tools-for-stm32.12.3.rel1.win32_1.1.0.202410251130/tools/bin/../lib/gcc/arm-none-eabi/12.3.1/thumb/v7e-m+dp/hard\libgcc.a

.debug_info     0x00000000     0xe438
 .debug_info    0x00000000      0x829 ./Core/Src/dma.o
 .debug_info    0x00000829      0x650 ./Core/Src/gpio.o
 .debug_info    0x00000e79      0xf50 ./Core/Src/main.o
 .debug_info    0x00001dc9      0x464 ./Core/Src/stm32h7xx_hal_msp.o
 .debug_info    0x0000222d      0x449 ./Core/Src/stm32h7xx_it.o
 .debug_info    0x00002676      0xdb2 ./Core/Src/system_stm32h7xx.o
 .debug_info    0x00003428      0xf48 ./Core/Src/tim.o
 .debug_info    0x00004370       0x30 ./Core/Startup/startup_stm32h753zitx.o
 .debug_info    0x000043a0     0x1541 ./Drivers/STM32H7xx_HAL_Driver/Src/stm32h7xx_hal.o
 .debug_info    0x000058e1     0x10b7 ./Drivers/STM32H7xx_HAL_Driver/Src/stm32h7xx_hal_cortex.o
 .debug_info    0x00006998      0xc31 ./Drivers/STM32H7xx_HAL_Driver/Src/stm32h7xx_hal_dma.o
 .debug_info    0x000075c9      0xc5a ./Drivers/STM32H7xx_HAL_Driver/Src/stm32h7xx_hal_gpio.o
 .debug_info    0x00008223     0x1012 ./Drivers/STM32H7xx_HAL_Driver/Src/stm32h7xx_hal_pwr_ex.o
 .debug_info    0x00009235      0xe6a ./Drivers/STM32H7xx_HAL_Driver/Src/stm32h7xx_hal_rcc.o
 .debug_info    0x0000a09f     0x2bae ./Drivers/STM32H7xx_HAL_Driver/Src/stm32h7xx_hal_tim.o
 .debug_info    0x0000cc4d     0x17eb ./Drivers/STM32H7xx_HAL_Driver/Src/stm32h7xx_hal_tim_ex.o

.debug_abbrev   0x00000000     0x2002
 .debug_abbrev  0x00000000      0x11e ./Core/Src/dma.o
 .debug_abbrev  0x0000011e      0x189 ./Core/Src/gpio.o
 .debug_abbrev  0x000002a7      0x2d9 ./Core/Src/main.o
 .debug_abbrev  0x00000580       0xdb ./Core/Src/stm32h7xx_hal_msp.o
 .debug_abbrev  0x0000065b      0x16d ./Core/Src/stm32h7xx_it.o
 .debug_abbrev  0x000007c8      0x165 ./Core/Src/system_stm32h7xx.o
 .debug_abbrev  0x0000092d      0x230 ./Core/Src/tim.o
 .debug_abbrev  0x00000b5d       0x24 ./Core/Startup/startup_stm32h753zitx.o
 .debug_abbrev  0x00000b81      0x295 ./Drivers/STM32H7xx_HAL_Driver/Src/stm32h7xx_hal.o
 .debug_abbrev  0x00000e16      0x339 ./Drivers/STM32H7xx_HAL_Driver/Src/stm32h7xx_hal_cortex.o
 .debug_abbrev  0x0000114f      0x248 ./Drivers/STM32H7xx_HAL_Driver/Src/stm32h7xx_hal_dma.o
 .debug_abbrev  0x00001397      0x205 ./Drivers/STM32H7xx_HAL_Driver/Src/stm32h7xx_hal_gpio.o
 .debug_abbrev  0x0000159c      0x2a7 ./Drivers/STM32H7xx_HAL_Driver/Src/stm32h7xx_hal_pwr_ex.o
 .debug_abbrev  0x00001843      0x2c8 ./Drivers/STM32H7xx_HAL_Driver/Src/stm32h7xx_hal_rcc.o
 .debug_abbrev  0x00001b0b      0x276 ./Drivers/STM32H7xx_HAL_Driver/Src/stm32h7xx_hal_tim.o
 .debug_abbrev  0x00001d81      0x281 ./Drivers/STM32H7xx_HAL_Driver/Src/stm32h7xx_hal_tim_ex.o

.debug_aranges  0x00000000      0xca8
 .debug_aranges
                0x00000000       0x20 ./Core/Src/dma.o
 .debug_aranges
                0x00000020       0x20 ./Core/Src/gpio.o
 .debug_aranges
                0x00000040       0x48 ./Core/Src/main.o
 .debug_aranges
                0x00000088       0x20 ./Core/Src/stm32h7xx_hal_msp.o
 .debug_aranges
                0x000000a8       0x68 ./Core/Src/stm32h7xx_it.o
 .debug_aranges
                0x00000110       0x30 ./Core/Src/system_stm32h7xx.o
 .debug_aranges
                0x00000140       0x38 ./Core/Src/tim.o
 .debug_aranges
                0x00000178       0x28 ./Core/Startup/startup_stm32h753zitx.o
 .debug_aranges
                0x000001a0      0x198 ./Drivers/STM32H7xx_HAL_Driver/Src/stm32h7xx_hal.o
 .debug_aranges
                0x00000338      0x130 ./Drivers/STM32H7xx_HAL_Driver/Src/stm32h7xx_hal_cortex.o
 .debug_aranges
                0x00000468       0xa0 ./Drivers/STM32H7xx_HAL_Driver/Src/stm32h7xx_hal_dma.o
 .debug_aranges
                0x00000508       0x58 ./Drivers/STM32H7xx_HAL_Driver/Src/stm32h7xx_hal_gpio.o
 .debug_aranges
                0x00000560      0x158 ./Drivers/STM32H7xx_HAL_Driver/Src/stm32h7xx_hal_pwr_ex.o
 .debug_aranges
                0x000006b8       0x88 ./Drivers/STM32H7xx_HAL_Driver/Src/stm32h7xx_hal_rcc.o
 .debug_aranges
                0x00000740      0x3e0 ./Drivers/STM32H7xx_HAL_Driver/Src/stm32h7xx_hal_tim.o
 .debug_aranges
                0x00000b20      0x188 ./Drivers/STM32H7xx_HAL_Driver/Src/stm32h7xx_hal_tim_ex.o

.debug_rnglists
                0x00000000      0x9bc
 .debug_rnglists
                0x00000000       0x13 ./Core/Src/dma.o
 .debug_rnglists
                0x00000013       0x14 ./Core/Src/gpio.o
 .debug_rnglists
                0x00000027       0x34 ./Core/Src/main.o
 .debug_rnglists
                0x0000005b       0x13 ./Core/Src/stm32h7xx_hal_msp.o
 .debug_rnglists
                0x0000006e       0x49 ./Core/Src/stm32h7xx_it.o
 .debug_rnglists
                0x000000b7       0x21 ./Core/Src/system_stm32h7xx.o
 .debug_rnglists
                0x000000d8       0x27 ./Core/Src/tim.o
 .debug_rnglists
                0x000000ff       0x19 ./Core/Startup/startup_stm32h753zitx.o
 .debug_rnglists
                0x00000118      0x131 ./Drivers/STM32H7xx_HAL_Driver/Src/stm32h7xx_hal.o
 .debug_rnglists
                0x00000249       0xe0 ./Drivers/STM32H7xx_HAL_Driver/Src/stm32h7xx_hal_cortex.o
 .debug_rnglists
                0x00000329       0x82 ./Drivers/STM32H7xx_HAL_Driver/Src/stm32h7xx_hal_dma.o
 .debug_rnglists
                0x000003ab       0x3f ./Drivers/STM32H7xx_HAL_Driver/Src/stm32h7xx_hal_gpio.o
 .debug_rnglists
                0x000003ea      0x103 ./Drivers/STM32H7xx_HAL_Driver/Src/stm32h7xx_hal_pwr_ex.o
 .debug_rnglists
                0x000004ed       0x68 ./Drivers/STM32H7xx_HAL_Driver/Src/stm32h7xx_hal_rcc.o
 .debug_rnglists
                0x00000555      0x328 ./Drivers/STM32H7xx_HAL_Driver/Src/stm32h7xx_hal_tim.o
 .debug_rnglists
                0x0000087d      0x13f ./Drivers/STM32H7xx_HAL_Driver/Src/stm32h7xx_hal_tim_ex.o

.debug_macro    0x00000000    0x37a5b
 .debug_macro   0x00000000      0x316 ./Core/Src/dma.o
 .debug_macro   0x00000316      0xad8 ./Core/Src/dma.o
 .debug_macro   0x00000dee      0x238 ./Core/Src/dma.o
 .debug_macro   0x00001026       0x2e ./Core/Src/dma.o
 .debug_macro   0x00001054       0x3b ./Core/Src/dma.o
 .debug_macro   0x0000108f       0x22 ./Core/Src/dma.o
 .debug_macro   0x000010b1       0x8e ./Core/Src/dma.o
 .debug_macro   0x0000113f       0x51 ./Core/Src/dma.o
 .debug_macro   0x00001190      0x103 ./Core/Src/dma.o
 .debug_macro   0x00001293       0x6a ./Core/Src/dma.o
 .debug_macro   0x000012fd      0x1df ./Core/Src/dma.o
 .debug_macro   0x000014dc       0x1c ./Core/Src/dma.o
 .debug_macro   0x000014f8       0x22 ./Core/Src/dma.o
 .debug_macro   0x0000151a       0xfb ./Core/Src/dma.o
 .debug_macro   0x00001615     0x1305 ./Core/Src/dma.o
 .debug_macro   0x0000291a      0x11f ./Core/Src/dma.o
 .debug_macro   0x00002a39       0x27 ./Core/Src/dma.o
 .debug_macro   0x00002a60    0x261ac ./Core/Src/dma.o
 .debug_macro   0x00028c0c       0x6d ./Core/Src/dma.o
 .debug_macro   0x00028c79     0x3d79 ./Core/Src/dma.o
 .debug_macro   0x0002c9f2      0x189 ./Core/Src/dma.o
 .debug_macro   0x0002cb7b       0x61 ./Core/Src/dma.o
 .debug_macro   0x0002cbdc       0x29 ./Core/Src/dma.o
 .debug_macro   0x0002cc05       0x43 ./Core/Src/dma.o
 .debug_macro   0x0002cc48       0x34 ./Core/Src/dma.o
 .debug_macro   0x0002cc7c       0x16 ./Core/Src/dma.o
 .debug_macro   0x0002cc92       0x43 ./Core/Src/dma.o
 .debug_macro   0x0002ccd5       0x34 ./Core/Src/dma.o
 .debug_macro   0x0002cd09       0x10 ./Core/Src/dma.o
 .debug_macro   0x0002cd19       0x58 ./Core/Src/dma.o
 .debug_macro   0x0002cd71       0x8e ./Core/Src/dma.o
 .debug_macro   0x0002cdff       0x1c ./Core/Src/dma.o
 .debug_macro   0x0002ce1b      0x177 ./Core/Src/dma.o
 .debug_macro   0x0002cf92      0x369 ./Core/Src/dma.o
 .debug_macro   0x0002d2fb      0x19b ./Core/Src/dma.o
 .debug_macro   0x0002d496       0x5d ./Core/Src/dma.o
 .debug_macro   0x0002d4f3     0x240e ./Core/Src/dma.o
 .debug_macro   0x0002f901     0x102c ./Core/Src/dma.o
 .debug_macro   0x0003092d      0x154 ./Core/Src/dma.o
 .debug_macro   0x00030a81      0x114 ./Core/Src/dma.o
 .debug_macro   0x00030b95      0x3b6 ./Core/Src/dma.o
 .debug_macro   0x00030f4b       0xac ./Core/Src/dma.o
 .debug_macro   0x00030ff7      0x72d ./Core/Src/dma.o
 .debug_macro   0x00031724      0x228 ./Core/Src/dma.o
 .debug_macro   0x0003194c       0x66 ./Core/Src/dma.o
 .debug_macro   0x000319b2      0x3bb ./Core/Src/dma.o
 .debug_macro   0x00031d6d      0x3e4 ./Core/Src/dma.o
 .debug_macro   0x00032151      0x275 ./Core/Src/dma.o
 .debug_macro   0x000323c6      0x3ca ./Core/Src/dma.o
 .debug_macro   0x00032790      0x408 ./Core/Src/dma.o
 .debug_macro   0x00032b98       0x51 ./Core/Src/dma.o
 .debug_macro   0x00032be9       0x4a ./Core/Src/dma.o
 .debug_macro   0x00032c33      0x22c ./Core/Src/dma.o
 .debug_macro   0x00032e5f       0x67 ./Core/Src/dma.o
 .debug_macro   0x00032ec6       0xa5 ./Core/Src/dma.o
 .debug_macro   0x00032f6b      0x1c4 ./Core/Src/dma.o
 .debug_macro   0x0003312f      0x25e ./Core/Src/dma.o
 .debug_macro   0x0003338d       0x35 ./Core/Src/dma.o
 .debug_macro   0x000333c2      0xafa ./Core/Src/dma.o
 .debug_macro   0x00033ebc      0x29f ./Core/Src/dma.o
 .debug_macro   0x0003415b      0x693 ./Core/Src/dma.o
 .debug_macro   0x000347ee       0xa6 ./Core/Src/dma.o
 .debug_macro   0x00034894      0x5ac ./Core/Src/dma.o
 .debug_macro   0x00034e40       0x2e ./Core/Src/dma.o
 .debug_macro   0x00034e6e       0x52 ./Core/Src/dma.o
 .debug_macro   0x00034ec0      0x131 ./Core/Src/dma.o
 .debug_macro   0x00034ff1       0x1c ./Core/Src/dma.o
 .debug_macro   0x0003500d       0x35 ./Core/Src/dma.o
 .debug_macro   0x00035042       0x10 ./Core/Src/dma.o
 .debug_macro   0x00035052       0x1c ./Core/Src/dma.o
 .debug_macro   0x0003506e       0x16 ./Core/Src/dma.o
 .debug_macro   0x00035084      0x146 ./Core/Src/dma.o
 .debug_macro   0x000351ca       0x34 ./Core/Src/dma.o
 .debug_macro   0x000351fe      0x316 ./Core/Src/gpio.o
 .debug_macro   0x00035514      0x344 ./Core/Src/main.o
 .debug_macro   0x00035858      0x30c ./Core/Src/stm32h7xx_hal_msp.o
 .debug_macro   0x00035b64      0x316 ./Core/Src/stm32h7xx_it.o
 .debug_macro   0x00035e7a      0x2a8 ./Core/Src/system_stm32h7xx.o
 .debug_macro   0x00036122      0x316 ./Core/Src/tim.o
 .debug_macro   0x00036438      0x2d2 ./Drivers/STM32H7xx_HAL_Driver/Src/stm32h7xx_hal.o
 .debug_macro   0x0003670a      0x2a8 ./Drivers/STM32H7xx_HAL_Driver/Src/stm32h7xx_hal_cortex.o
 .debug_macro   0x000369b2      0x2fc ./Drivers/STM32H7xx_HAL_Driver/Src/stm32h7xx_hal_dma.o
 .debug_macro   0x00036cae      0x2af ./Drivers/STM32H7xx_HAL_Driver/Src/stm32h7xx_hal_gpio.o
 .debug_macro   0x00036f5d      0x2e1 ./Drivers/STM32H7xx_HAL_Driver/Src/stm32h7xx_hal_pwr_ex.o
 .debug_macro   0x0003723e      0x2cc ./Drivers/STM32H7xx_HAL_Driver/Src/stm32h7xx_hal_rcc.o
 .debug_macro   0x0003750a      0x2a9 ./Drivers/STM32H7xx_HAL_Driver/Src/stm32h7xx_hal_tim.o
 .debug_macro   0x000377b3      0x2a8 ./Drivers/STM32H7xx_HAL_Driver/Src/stm32h7xx_hal_tim_ex.o

.debug_line     0x00000000    0x11c98
 .debug_line    0x00000000      0x965 ./Core/Src/dma.o
 .debug_line    0x00000965      0x992 ./Core/Src/gpio.o
 .debug_line    0x000012f7      0xb98 ./Core/Src/main.o
 .debug_line    0x00001e8f      0x968 ./Core/Src/stm32h7xx_hal_msp.o
 .debug_line    0x000027f7      0xa44 ./Core/Src/stm32h7xx_it.o
 .debug_line    0x0000323b      0xacb ./Core/Src/system_stm32h7xx.o
 .debug_line    0x00003d06      0xa34 ./Core/Src/tim.o
 .debug_line    0x0000473a       0x7b ./Core/Startup/startup_stm32h753zitx.o
 .debug_line    0x000047b5      0xe8b ./Drivers/STM32H7xx_HAL_Driver/Src/stm32h7xx_hal.o
 .debug_line    0x00005640      0xeba ./Drivers/STM32H7xx_HAL_Driver/Src/stm32h7xx_hal_cortex.o
 .debug_line    0x000064fa     0x27ee ./Drivers/STM32H7xx_HAL_Driver/Src/stm32h7xx_hal_dma.o
 .debug_line    0x00008ce8      0xd63 ./Drivers/STM32H7xx_HAL_Driver/Src/stm32h7xx_hal_gpio.o
 .debug_line    0x00009a4b      0xfae ./Drivers/STM32H7xx_HAL_Driver/Src/stm32h7xx_hal_pwr_ex.o
 .debug_line    0x0000a9f9     0x145b ./Drivers/STM32H7xx_HAL_Driver/Src/stm32h7xx_hal_rcc.o
 .debug_line    0x0000be54     0x4019 ./Drivers/STM32H7xx_HAL_Driver/Src/stm32h7xx_hal_tim.o
 .debug_line    0x0000fe6d     0x1e2b ./Drivers/STM32H7xx_HAL_Driver/Src/stm32h7xx_hal_tim_ex.o

.debug_str      0x00000000   0x164a8f
 .debug_str     0x00000000   0x1608ee ./Core/Src/dma.o
                             0x160da7 (size before relaxing)
 .debug_str     0x001608ee       0xe4 ./Core/Src/gpio.o
                             0x160617 (size before relaxing)
 .debug_str     0x001609d2      0x95e ./Core/Src/main.o
                             0x160d98 (size before relaxing)
 .debug_str     0x00161330       0x2c ./Core/Src/stm32h7xx_hal_msp.o
                             0x16054c (size before relaxing)
 .debug_str     0x0016135c      0x102 ./Core/Src/stm32h7xx_it.o
                             0x160707 (size before relaxing)
 .debug_str     0x0016145e      0x351 ./Core/Src/system_stm32h7xx.o
                             0x15f97b (size before relaxing)
 .debug_str     0x001617af      0x1ac ./Core/Src/tim.o
                             0x160e1d (size before relaxing)
 .debug_str     0x0016195b       0x44 ./Core/Startup/startup_stm32h753zitx.o
                                 0x88 (size before relaxing)
 .debug_str     0x0016199f      0x7ef ./Drivers/STM32H7xx_HAL_Driver/Src/stm32h7xx_hal.o
                             0x160861 (size before relaxing)
 .debug_str     0x0016218e      0x37d ./Drivers/STM32H7xx_HAL_Driver/Src/stm32h7xx_hal_cortex.o
                             0x16029c (size before relaxing)
 .debug_str     0x0016250b      0x862 ./Drivers/STM32H7xx_HAL_Driver/Src/stm32h7xx_hal_dma.o
                             0x160076 (size before relaxing)
 .debug_str     0x00162d6d      0x101 ./Drivers/STM32H7xx_HAL_Driver/Src/stm32h7xx_hal_gpio.o
                             0x15f8f3 (size before relaxing)
 .debug_str     0x00162e6e      0x642 ./Drivers/STM32H7xx_HAL_Driver/Src/stm32h7xx_hal_pwr_ex.o
                             0x15fdb4 (size before relaxing)
 .debug_str     0x001634b0      0x22e ./Drivers/STM32H7xx_HAL_Driver/Src/stm32h7xx_hal_rcc.o
                             0x15fcd7 (size before relaxing)
 .debug_str     0x001636de      0xe21 ./Drivers/STM32H7xx_HAL_Driver/Src/stm32h7xx_hal_tim.o
                             0x160a76 (size before relaxing)
 .debug_str     0x001644ff      0x590 ./Drivers/STM32H7xx_HAL_Driver/Src/stm32h7xx_hal_tim_ex.o
                             0x16039e (size before relaxing)

.comment        0x00000000       0x43
 .comment       0x00000000       0x43 ./Core/Src/dma.o
                                 0x44 (size before relaxing)
 .comment       0x00000043       0x44 ./Core/Src/gpio.o
 .comment       0x00000043       0x44 ./Core/Src/main.o
 .comment       0x00000043       0x44 ./Core/Src/stm32h7xx_hal_msp.o
 .comment       0x00000043       0x44 ./Core/Src/stm32h7xx_it.o
 .comment       0x00000043       0x44 ./Core/Src/system_stm32h7xx.o
 .comment       0x00000043       0x44 ./Core/Src/tim.o
 .comment       0x00000043       0x44 ./Drivers/STM32H7xx_HAL_Driver/Src/stm32h7xx_hal.o
 .comment       0x00000043       0x44 ./Drivers/STM32H7xx_HAL_Driver/Src/stm32h7xx_hal_cortex.o
 .comment       0x00000043       0x44 ./Drivers/STM32H7xx_HAL_Driver/Src/stm32h7xx_hal_dma.o
 .comment       0x00000043       0x44 ./Drivers/STM32H7xx_HAL_Driver/Src/stm32h7xx_hal_gpio.o
 .comment       0x00000043       0x44 ./Drivers/STM32H7xx_HAL_Driver/Src/stm32h7xx_hal_pwr_ex.o
 .comment       0x00000043       0x44 ./Drivers/STM32H7xx_HAL_Driver/Src/stm32h7xx_hal_rcc.o
 .comment       0x00000043       0x44 ./Drivers/STM32H7xx_HAL_Driver/Src/stm32h7xx_hal_tim.o
 .comment       0x00000043       0x44 ./Drivers/STM32H7xx_HAL_Driver/Src/stm32h7xx_hal_tim_ex.o

.debug_frame    0x00000000     0x37c0
 .debug_frame   0x00000000       0x34 ./Core/Src/dma.o
 .debug_frame   0x00000034       0x34 ./Core/Src/gpio.o
 .debug_frame   0x00000068       0xdc ./Core/Src/main.o
 .debug_frame   0x00000144       0x38 ./Core/Src/stm32h7xx_hal_msp.o
 .debug_frame   0x0000017c      0x120 ./Core/Src/stm32h7xx_it.o
 .debug_frame   0x0000029c       0x78 ./Core/Src/system_stm32h7xx.o
 .debug_frame   0x00000314       0xa0 ./Core/Src/tim.o
 .debug_frame   0x000003b4      0x690 ./Drivers/STM32H7xx_HAL_Driver/Src/stm32h7xx_hal.o
 .debug_frame   0x00000a44      0x508 ./Drivers/STM32H7xx_HAL_Driver/Src/stm32h7xx_hal_cortex.o
 .debug_frame   0x00000f4c      0x2b4 ./Drivers/STM32H7xx_HAL_Driver/Src/stm32h7xx_hal_dma.o
 .debug_frame   0x00001200      0x14c ./Drivers/STM32H7xx_HAL_Driver/Src/stm32h7xx_hal_gpio.o
 .debug_frame   0x0000134c      0x580 ./Drivers/STM32H7xx_HAL_Driver/Src/stm32h7xx_hal_pwr_ex.o
 .debug_frame   0x000018cc      0x1f8 ./Drivers/STM32H7xx_HAL_Driver/Src/stm32h7xx_hal_rcc.o
 .debug_frame   0x00001ac4     0x121c ./Drivers/STM32H7xx_HAL_Driver/Src/stm32h7xx_hal_tim.o
 .debug_frame   0x00002ce0      0x6d8 ./Drivers/STM32H7xx_HAL_Driver/Src/stm32h7xx_hal_tim_ex.o
 .debug_frame   0x000033b8      0x144 C:/ST/STM32CubeIDE_1.17.0/STM32CubeIDE/plugins/com.st.stm32cube.ide.mcu.externaltools.gnu-tools-for-stm32.12.3.rel1.win32_1.1.0.202410251130/tools/bin/../lib/gcc/arm-none-eabi/12.3.1/../../../../arm-none-eabi/lib/thumb/v7e-m+dp/hard\libc_nano.a(libc_a-findfp.o)
 .debug_frame   0x000034fc       0x20 C:/ST/STM32CubeIDE_1.17.0/STM32CubeIDE/plugins/com.st.stm32cube.ide.mcu.externaltools.gnu-tools-for-stm32.12.3.rel1.win32_1.1.0.202410251130/tools/bin/../lib/gcc/arm-none-eabi/12.3.1/../../../../arm-none-eabi/lib/thumb/v7e-m+dp/hard\libc_nano.a(libc_a-memset.o)
 .debug_frame   0x0000351c       0x20 C:/ST/STM32CubeIDE_1.17.0/STM32CubeIDE/plugins/com.st.stm32cube.ide.mcu.externaltools.gnu-tools-for-stm32.12.3.rel1.win32_1.1.0.202410251130/tools/bin/../lib/gcc/arm-none-eabi/12.3.1/../../../../arm-none-eabi/lib/thumb/v7e-m+dp/hard\libc_nano.a(libc_a-errno.o)
 .debug_frame   0x0000353c       0x2c C:/ST/STM32CubeIDE_1.17.0/STM32CubeIDE/plugins/com.st.stm32cube.ide.mcu.externaltools.gnu-tools-for-stm32.12.3.rel1.win32_1.1.0.202410251130/tools/bin/../lib/gcc/arm-none-eabi/12.3.1/../../../../arm-none-eabi/lib/thumb/v7e-m+dp/hard\libc_nano.a(libc_a-init.o)
 .debug_frame   0x00003568      0x18c C:/ST/STM32CubeIDE_1.17.0/STM32CubeIDE/plugins/com.st.stm32cube.ide.mcu.externaltools.gnu-tools-for-stm32.12.3.rel1.win32_1.1.0.202410251130/tools/bin/../lib/gcc/arm-none-eabi/12.3.1/../../../../arm-none-eabi/lib/thumb/v7e-m+dp/hard\libm.a(libm_a-pow.o)
 .debug_frame   0x000036f4       0xcc C:/ST/STM32CubeIDE_1.17.0/STM32CubeIDE/plugins/com.st.stm32cube.ide.mcu.externaltools.gnu-tools-for-stm32.12.3.rel1.win32_1.1.0.202410251130/tools/bin/../lib/gcc/arm-none-eabi/12.3.1/../../../../arm-none-eabi/lib/thumb/v7e-m+dp/hard\libm.a(libm_a-math_err.o)

.debug_line_str
                0x00000000       0x6c
 .debug_line_str
                0x00000000       0x6c ./Core/Startup/startup_stm32h753zitx.o
