Archive member included to satisfy reference by file (symbol)

/Applications/STM32CubeIDE.app/Contents/Eclipse/plugins/com.st.stm32cube.ide.mcu.externaltools.gnu-tools-for-stm32.12.3.rel1.macos64_1.1.0.202410301201/tools/bin/../lib/gcc/arm-none-eabi/12.3.1/../../../../arm-none-eabi/lib/thumb/v7e-m+dp/hard/libc_nano.a(libc_a-exit.o)
                              /Applications/STM32CubeIDE.app/Contents/Eclipse/plugins/com.st.stm32cube.ide.mcu.externaltools.gnu-tools-for-stm32.12.3.rel1.macos64_1.1.0.202410301201/tools/bin/../lib/gcc/arm-none-eabi/12.3.1/../../../../arm-none-eabi/lib/thumb/v7e-m+dp/hard/crt0.o (exit)
/Applications/STM32CubeIDE.app/Contents/Eclipse/plugins/com.st.stm32cube.ide.mcu.externaltools.gnu-tools-for-stm32.12.3.rel1.macos64_1.1.0.202410301201/tools/bin/../lib/gcc/arm-none-eabi/12.3.1/../../../../arm-none-eabi/lib/thumb/v7e-m+dp/hard/libc_nano.a(libc_a-findfp.o)
                              /Applications/STM32CubeIDE.app/Contents/Eclipse/plugins/com.st.stm32cube.ide.mcu.externaltools.gnu-tools-for-stm32.12.3.rel1.macos64_1.1.0.202410301201/tools/bin/../lib/gcc/arm-none-eabi/12.3.1/../../../../arm-none-eabi/lib/thumb/v7e-m+dp/hard/libc_nano.a(libc_a-exit.o) (__stdio_exit_handler)
/Applications/STM32CubeIDE.app/Contents/Eclipse/plugins/com.st.stm32cube.ide.mcu.externaltools.gnu-tools-for-stm32.12.3.rel1.macos64_1.1.0.202410301201/tools/bin/../lib/gcc/arm-none-eabi/12.3.1/../../../../arm-none-eabi/lib/thumb/v7e-m+dp/hard/libc_nano.a(libc_a-fwalk.o)
                              /Applications/STM32CubeIDE.app/Contents/Eclipse/plugins/com.st.stm32cube.ide.mcu.externaltools.gnu-tools-for-stm32.12.3.rel1.macos64_1.1.0.202410301201/tools/bin/../lib/gcc/arm-none-eabi/12.3.1/../../../../arm-none-eabi/lib/thumb/v7e-m+dp/hard/libc_nano.a(libc_a-findfp.o) (_fwalk_sglue)
/Applications/STM32CubeIDE.app/Contents/Eclipse/plugins/com.st.stm32cube.ide.mcu.externaltools.gnu-tools-for-stm32.12.3.rel1.macos64_1.1.0.202410301201/tools/bin/../lib/gcc/arm-none-eabi/12.3.1/../../../../arm-none-eabi/lib/thumb/v7e-m+dp/hard/libc_nano.a(libc_a-memset.o)
                              /Applications/STM32CubeIDE.app/Contents/Eclipse/plugins/com.st.stm32cube.ide.mcu.externaltools.gnu-tools-for-stm32.12.3.rel1.macos64_1.1.0.202410301201/tools/bin/../lib/gcc/arm-none-eabi/12.3.1/../../../../arm-none-eabi/lib/thumb/v7e-m+dp/hard/crt0.o (memset)
/Applications/STM32CubeIDE.app/Contents/Eclipse/plugins/com.st.stm32cube.ide.mcu.externaltools.gnu-tools-for-stm32.12.3.rel1.macos64_1.1.0.202410301201/tools/bin/../lib/gcc/arm-none-eabi/12.3.1/../../../../arm-none-eabi/lib/thumb/v7e-m+dp/hard/libc_nano.a(libc_a-impure.o)
                              /Applications/STM32CubeIDE.app/Contents/Eclipse/plugins/com.st.stm32cube.ide.mcu.externaltools.gnu-tools-for-stm32.12.3.rel1.macos64_1.1.0.202410301201/tools/bin/../lib/gcc/arm-none-eabi/12.3.1/../../../../arm-none-eabi/lib/thumb/v7e-m+dp/hard/libc_nano.a(libc_a-findfp.o) (_impure_data)
/Applications/STM32CubeIDE.app/Contents/Eclipse/plugins/com.st.stm32cube.ide.mcu.externaltools.gnu-tools-for-stm32.12.3.rel1.macos64_1.1.0.202410301201/tools/bin/../lib/gcc/arm-none-eabi/12.3.1/../../../../arm-none-eabi/lib/thumb/v7e-m+dp/hard/libc_nano.a(libc_a-errno.o)
                              ./Core/Src/syscalls.o (__errno)
/Applications/STM32CubeIDE.app/Contents/Eclipse/plugins/com.st.stm32cube.ide.mcu.externaltools.gnu-tools-for-stm32.12.3.rel1.macos64_1.1.0.202410301201/tools/bin/../lib/gcc/arm-none-eabi/12.3.1/../../../../arm-none-eabi/lib/thumb/v7e-m+dp/hard/libc_nano.a(libc_a-init.o)
                              /Applications/STM32CubeIDE.app/Contents/Eclipse/plugins/com.st.stm32cube.ide.mcu.externaltools.gnu-tools-for-stm32.12.3.rel1.macos64_1.1.0.202410301201/tools/bin/../lib/gcc/arm-none-eabi/12.3.1/../../../../arm-none-eabi/lib/thumb/v7e-m+dp/hard/crt0.o (__libc_init_array)
/Applications/STM32CubeIDE.app/Contents/Eclipse/plugins/com.st.stm32cube.ide.mcu.externaltools.gnu-tools-for-stm32.12.3.rel1.macos64_1.1.0.202410301201/tools/bin/../lib/gcc/arm-none-eabi/12.3.1/../../../../arm-none-eabi/lib/thumb/v7e-m+dp/hard/libc_nano.a(libc_a-lock.o)
                              /Applications/STM32CubeIDE.app/Contents/Eclipse/plugins/com.st.stm32cube.ide.mcu.externaltools.gnu-tools-for-stm32.12.3.rel1.macos64_1.1.0.202410301201/tools/bin/../lib/gcc/arm-none-eabi/12.3.1/../../../../arm-none-eabi/lib/thumb/v7e-m+dp/hard/libc_nano.a(libc_a-findfp.o) (__retarget_lock_init_recursive)
/Applications/STM32CubeIDE.app/Contents/Eclipse/plugins/com.st.stm32cube.ide.mcu.externaltools.gnu-tools-for-stm32.12.3.rel1.macos64_1.1.0.202410301201/tools/bin/../lib/gcc/arm-none-eabi/12.3.1/../../../../arm-none-eabi/lib/thumb/v7e-m+dp/hard/libc_nano.a(libc_a-mallocr.o)
[...]
Memory Configuration

Name             Origin             Length             Attributes
FLASH            0x08000000         0x00200000         xr
DTCMRAM          0x20000000         0x00020000         xrw
RAM_D1           0x24000000         0x00080000         xrw
RAM_D2           0x30000000         0x00048000         xrw
RAM_D3           0x38000000         0x00010000         xrw
ITCMRAM          0x00000000         0x00010000         xrw
*default*        0x00000000         0xffffffff

Linker script and memory map

LOAD /Applications/STM32CubeIDE.app/Contents/Eclipse/plugins/com.st.stm32cube.ide.mcu.externaltools.gnu-tools-for-stm32.12.3.rel1.macos64_1.1.0.202410301201/tools/bin/../lib/gcc/arm-none-eabi/12.3.1/thumb/v7e-m+dp/hard/crti.o
LOAD /Applications/STM32CubeIDE.app/Contents/Eclipse/plugins/com.st.stm32cube.ide.mcu.externaltools.gnu-tools-for-stm32.12.3.rel1.macos64_1.1.0.202410301201/tools/bin/../lib/gcc/arm-none-eabi/12.3.1/thumb/v7e-m+dp/hard/crtbegin.o
LOAD /Applications/STM32CubeIDE.app/Contents/Eclipse/plugins/com.st.stm32cube.ide.mcu.externaltools.gnu-tools-for-stm32.12.3.rel1.macos64_1.1.0.202410301201/tools/bin/../lib/gcc/arm-none-eabi/12.3.1/../../../../arm-none-eabi/lib/thumb/v7e-m+dp/hard/crt0.o
LOAD ./Core/Src/dma.o
LOAD ./Core/Src/gpio.o
LOAD ./Core/Src/main.o
LOAD ./Core/Src/memorymap.o
LOAD ./Core/Src/stm32h7xx_hal_msp.o
LOAD ./Core/Src/stm32h7xx_it.o
LOAD ./Core/Src/syscalls.o
LOAD ./Core/Src/sysmem.o
LOAD ./Core/Src/system_stm32h7xx.o
LOAD ./Core/Src/tim.o
LOAD ./Core/Startup/startup_stm32h753zitx.o
LOAD ./Drivers/BSP/STM32H7xx_Nucleo/stm32h7xx_nucleo.o
LOAD ./Drivers/STM32H7xx_HAL_Driver/Src/stm32h7xx_hal.o
LOAD ./Drivers/STM32H7xx_HAL_Driver/Src/stm32h7xx_hal_cortex.o
LOAD ./Drivers/STM32H7xx_HAL_Driver/Src/stm32h7xx_hal_dma.o
LOAD ./Drivers/STM32H7xx_HAL_Driver/Src/stm32h7xx_hal_dma_ex.o
LOAD ./Drivers/STM32H7xx_HAL_Driver/Src/stm32h7xx_hal_exti.o
LOAD ./Drivers/STM32H7xx_HAL_Driver/Src/stm32h7xx_hal_flash.o
LOAD ./Drivers/STM32H7xx_HAL_Driver/Src/stm32h7xx_hal_flash_ex.o
LOAD ./Drivers/STM32H7xx_HAL_Driver/Src/stm32h7xx_hal_gpio.o
LOAD ./Drivers/STM32H7xx_HAL_Driver/Src/stm32h7xx_hal_hsem.o
LOAD ./Drivers/STM32H7xx_HAL_Driver/Src/stm32h7xx_hal_i2c.o
LOAD ./Drivers/STM32H7xx_HAL_Driver/Src/stm32h7xx_hal_i2c_ex.o
LOAD ./Drivers/STM32H7xx_HAL_Driver/Src/stm32h7xx_hal_mdma.o
LOAD ./Drivers/STM32H7xx_HAL_Driver/Src/stm32h7xx_hal_pwr.o
LOAD ./Drivers/STM32H7xx_HAL_Driver/Src/stm32h7xx_hal_pwr_ex.o
LOAD ./Drivers/STM32H7xx_HAL_Driver/Src/stm32h7xx_hal_rcc.o
LOAD ./Drivers/STM32H7xx_HAL_Driver/Src/stm32h7xx_hal_rcc_ex.o
LOAD ./Drivers/STM32H7xx_HAL_Driver/Src/stm32h7xx_hal_tim.o
LOAD ./Drivers/STM32H7xx_HAL_Driver/Src/stm32h7xx_hal_tim_ex.o
LOAD ./Drivers/STM32H7xx_HAL_Driver/Src/stm32h7xx_hal_uart.o
LOAD ./Drivers/STM32H7xx_HAL_Driver/Src/stm32h7xx_hal_uart_ex.o
LOAD ./Drivers/STM32H7xx_HAL_Driver/Src/stm32h7xx_hal_usart.o
LOAD ./Drivers/STM32H7xx_HAL_Driver/Src/stm32h7xx_hal_usart_ex.o
START GROUP
LOAD /Applications/STM32CubeIDE.app/Contents/Eclipse/plugins/com.st.stm32cube.ide.mcu.externaltools.gnu-tools-for-stm32.12.3.rel1.macos64_1.1.0.202410301201/tools/bin/../lib/gcc/arm-none-eabi/12.3.1/../../../../arm-none-eabi/lib/thumb/v7e-m+dp/hard/libc_nano.a
LOAD /Applications/STM32CubeIDE.app/Contents/Eclipse/plugins/com.st.stm32cube.ide.mcu.externaltools.gnu-tools-for-stm32.12.3.rel1.macos64_1.1.0.202410301201/tools/bin/../lib/gcc/arm-none-eabi/12.3.1/../../../../arm-none-eabi/lib/thumb/v7e-m+dp/hard/libm.a
END GROUP
START GROUP
LOAD /Applications/STM32CubeIDE.app/Contents/Eclipse/plugins/com.st.stm32cube.ide.mcu.externaltools.gnu-tools-for-stm32.12.3.rel1.macos64_1.1.0.202410301201/tools/bin/../lib/gcc/arm-none-eabi/12.3.1/thumb/v7e-m+dp/hard/libgcc.a
LOAD /Applications/STM32CubeIDE.app/Contents/Eclipse/plugins/com.st.stm32cube.ide.mcu.externaltools.gnu-tools-for-stm32.12.3.rel1.macos64_1.1.0.202410301201/tools/bin/../lib/gcc/arm-none-eabi/12.3.1/../../../../arm-none-eabi/lib/thumb/v7e-m+dp/hard/libc_nano.a
END GROUP
START GROUP
LOAD /Applications/STM32CubeIDE.app/Contents/Eclipse/plugins/com.st.stm32cube.ide.mcu.externaltools.gnu-tools-for-stm32.12.3.rel1.macos64_1.1.0.202410301201/tools/bin/../lib/gcc/arm-none-eabi/12.3.1/thumb/v7e-m+dp/hard/libgcc.a
LOAD /Applications/STM32CubeIDE.app/Contents/Eclipse/plugins/com.st.stm32cube.ide.mcu.externaltools.gnu-tools-for-stm32.12.3.rel1.macos64_1.1.0.202410301201/tools/bin/../lib/gcc/arm-none-eabi/12.3.1/../../../../arm-none-eabi/lib/thumb/v7e-m+dp/hard/libc_nano.a
LOAD /Applications/STM32CubeIDE.app/Contents/Eclipse/plugins/com.st.stm32cube.ide.mcu.externaltools.gnu-tools-for-stm32.12.3.rel1.macos64_1.1.0.202410301201/tools/bin/../lib/gcc/arm-none-eabi/12.3.1/../../../../arm-none-eabi/lib/thumb/v7e-m+dp/hard/libnosys.a
END GROUP
START GROUP
LOAD /Applications/STM32CubeIDE.app/Contents/Eclipse/plugins/com.st.stm32cube.ide.mcu.externaltools.gnu-tools-for-stm32.12.3.rel1.macos64_1.1.0.202410301201/tools/bin/../lib/gcc/arm-none-eabi/12.3.1/thumb/v7e-m+dp/hard/libgcc.a
LOAD /Applications/STM32CubeIDE.app/Contents/Eclipse/plugins/com.st.stm32cube.ide.mcu.externaltools.gnu-tools-for-stm32.12.3.rel1.macos64_1.1.0.202410301201/tools/bin/../lib/gcc/arm-none-eabi/12.3.1/../../../../arm-none-eabi/lib/thumb/v7e-m+dp/hard/libc_nano.a
LOAD /Applications/STM32CubeIDE.app/Contents/Eclipse/plugins/com.st.stm32cube.ide.mcu.externaltools.gnu-tools-for-stm32.12.3.rel1.macos64_1.1.0.202410301201/tools/bin/../lib/gcc/arm-none-eabi/12.3.1/../../../../arm-none-eabi/lib/thumb/v7e-m+dp/hard/libnosys.a
END GROUP
LOAD /Applications/STM32CubeIDE.app/Contents/Eclipse/plugins/com.st.stm32cube.ide.mcu.externaltools.gnu-tools-for-stm32.12.3.rel1.macos64_1.1.0.202410301201/tools/bin/../lib/gcc/arm-none-eabi/12.3.1/thumb/v7e-m+dp/hard/crtend.o
LOAD /Applications/STM32CubeIDE.app/Contents/Eclipse/plugins/com.st.stm32cube.ide.mcu.externaltools.gnu-tools-for-stm32.12.3.rel1.macos64_1.1.0.202410301201/tools/bin/../lib/gcc/arm-none-eabi/12.3.1/thumb/v7e-m+dp/hard/crtn.o
                0x24080000                        _estack = (ORIGIN (RAM_D1) + LENGTH (RAM_D1))
                0x00000200                        _Min_Heap_Size = 0x200
                0x00000400                        _Min_Stack_Size = 0x400

.isr_vector     0x08000000      0x298
                0x08000000                        . = ALIGN (0x4)
 *(.isr_vector)
 .isr_vector    0x08000000      0x298 ./Core/Startup/startup_stm32h753zitx.o
                0x08000000                g_pfnVectors
                0x08000298                        . = ALIGN (0x4)

.text           0x08000298     0x59d8
                0x08000298                        . = ALIGN (0x4)
 *(.text)
 .text          0x08000298       0x40 /Applications/STM32CubeIDE.app/Contents/Eclipse/plugins/com.st.stm32cube.ide.mcu.externaltools.gnu-tools-for-stm32.12.3.rel1.macos64_1.1.0.202410301201/tools/bin/../lib/gcc/arm-none-eabi/12.3.1/thumb/v7e-m+dp/hard/crtbegin.o
 *(.text*)
 .text.MX_DMA_Init
                0x080002d8       0x40 ./Core/Src/dma.o
                0x080002d8                MX_DMA_Init
 .text.MX_GPIO_Init
                0x08000318      0x130 ./Core/Src/gpio.o
                0x08000318                MX_GPIO_Init
 .text.gammaCorrect
                0x08000448       0x64 ./Core/Src/main.o
                0x08000448                gammaCorrect
 .text.WS2812_SetColor
                0x080004ac       0x7c ./Core/Src/main.o
                0x080004ac                WS2812_SetColor
 .text.WS2812_Refresh
                0x08000528       0xc8 ./Core/Src/main.o
                0x08000528                WS2812_Refresh
 .text.main     0x080005f0      0x158 ./Core/Src/main.o
                0x080005f0                main
 .text.SystemClock_Config
                0x08000748       0xd4 ./Core/Src/main.o
                0x08000748                SystemClock_Config
 .text.Error_Handler
                0x0800081c        0x8 ./Core/Src/main.o
                0x0800081c                Error_Handler
 .text.HAL_MspInit
                0x08000824       0x34 ./Core/Src/stm32h7xx_hal_msp.o
                0x08000824                HAL_MspInit
 .text.NMI_Handler
                0x08000858        0x8 ./Core/Src/stm32h7xx_it.o
                0x08000858                NMI_Handler
 .text.HardFault_Handler
                0x08000860        0x8 ./Core/Src/stm32h7xx_it.o
                0x08000860                HardFault_Handler
 .text.MemManage_Handler
                0x08000868        0x8 ./Core/Src/stm32h7xx_it.o
                0x08000868                MemManage_Handler
 .text.BusFault_Handler
                0x08000870        0x8 ./Core/Src/stm32h7xx_it.o
                0x08000870                BusFault_Handler
 .text.UsageFault_Handler
                0x08000878        0x8 ./Core/Src/stm32h7xx_it.o
                0x08000878                UsageFault_Handler
 .text.SVC_Handler
                0x08000880        0xe ./Core/Src/stm32h7xx_it.o
                0x08000880                SVC_Handler
 .text.DebugMon_Handler
                0x0800088e        0xe ./Core/Src/stm32h7xx_it.o
                0x0800088e                DebugMon_Handler
 .text.PendSV_Handler
                0x0800089c        0xe ./Core/Src/stm32h7xx_it.o
                0x0800089c                PendSV_Handler
 .text.SysTick_Handler
                0x080008aa        0xc ./Core/Src/stm32h7xx_it.o
                0x080008aa                SysTick_Handler
 *fill*         0x080008b6        0x2 
 .text.DMA1_Stream0_IRQHandler
                0x080008b8       0x14 ./Core/Src/stm32h7xx_it.o
                0x080008b8                DMA1_Stream0_IRQHandler
 .text.SystemInit
                0x080008cc      0x110 ./Core/Src/system_stm32h7xx.o
                0x080008cc                SystemInit
 .text.ExitRun0Mode
                0x080009dc       0x30 ./Core/Src/system_stm32h7xx.o
                0x080009dc                ExitRun0Mode
 .text.MX_TIM4_Init
                0x08000a0c       0xb4 ./Core/Src/tim.o
                0x08000a0c                MX_TIM4_Init
 .text.HAL_TIM_PWM_MspInit
                0x08000ac0       0xa8 ./Core/Src/tim.o
                0x08000ac0                HAL_TIM_PWM_MspInit
 .text.HAL_TIM_MspPostInit
                0x08000b68       0x78 ./Core/Src/tim.o
                0x08000b68                HAL_TIM_MspPostInit
 .text.Reset_Handler
                0x08000be0       0x54 ./Core/Startup/startup_stm32h753zitx.o
                0x08000be0                Reset_Handler
 .text.Default_Handler
                0x08000c34        0x2 ./Core/Startup/startup_stm32h753zitx.o
                0x08000c34                DMA1_Stream3_IRQHandler
                0x08000c34                HASH_RNG_IRQHandler
                0x08000c34                EXTI2_IRQHandler
                0x08000c34                TIM8_CC_IRQHandler
                0x08000c34                HRTIM1_Master_IRQHandler
                0x08000c34                UART8_IRQHandler
                0x08000c34                SPI4_IRQHandler
                0x08000c34                TIM1_CC_IRQHandler
                0x08000c34                BDMA_Channel6_IRQHandler
                0x08000c34                DMA2_Stream5_IRQHandler
                0x08000c34                HRTIM1_FLT_IRQHandler
                0x08000c34                JPEG_IRQHandler
                0x08000c34                DMA1_Stream5_IRQHandler
                0x08000c34                BDMA_Channel1_IRQHandler
                0x08000c34                HRTIM1_TIMD_IRQHandler
                0x08000c34                TAMP_STAMP_IRQHandler
                0x08000c34                EXTI3_IRQHandler
                0x08000c34                LPTIM4_IRQHandler
                0x08000c34                TIM8_TRG_COM_TIM14_IRQHandler
                0x08000c34                LPTIM2_IRQHandler
                0x08000c34                DFSDM1_FLT1_IRQHandler
                0x08000c34                DMAMUX2_OVR_IRQHandler
                0x08000c34                TIM8_UP_TIM13_IRQHandler
                0x08000c34                I2C3_ER_IRQHandler
                0x08000c34                DFSDM1_FLT2_IRQHandler
                0x08000c34                MDMA_IRQHandler
                0x08000c34                LPTIM3_IRQHandler
                0x08000c34                HSEM1_IRQHandler
                0x08000c34                EXTI0_IRQHandler
                0x08000c34                I2C2_EV_IRQHandler
                0x08000c34                DMA1_Stream2_IRQHandler
                0x08000c34                FPU_IRQHandler
                0x08000c34                OTG_HS_WKUP_IRQHandler
                0x08000c34                FDCAN1_IT1_IRQHandler
                0x08000c34                LTDC_ER_IRQHandler
                0x08000c34                DMA2_Stream2_IRQHandler
                0x08000c34                HRTIM1_TIME_IRQHandler
                0x08000c34                SPI1_IRQHandler
                0x08000c34                TIM6_DAC_IRQHandler
                0x08000c34                DCMI_IRQHandler
                0x08000c34                HRTIM1_TIMC_IRQHandler
                0x08000c34                DMA2_Stream3_IRQHandler
                0x08000c34                SAI2_IRQHandler
                0x08000c34                DFSDM1_FLT3_IRQHandler
                0x08000c34                USART6_IRQHandler
                0x08000c34                TIM17_IRQHandler
                0x08000c34                USART3_IRQHandler
                0x08000c34                BDMA_Channel7_IRQHandler
                0x08000c34                CRYP_IRQHandler
                0x08000c34                LPTIM5_IRQHandler
                0x08000c34                UART5_IRQHandler
                0x08000c34                ADC3_IRQHandler
                0x08000c34                DMA2_Stream0_IRQHandler
                0x08000c34                TIM4_IRQHandler
                0x08000c34                BDMA_Channel2_IRQHandler
                0x08000c34                QUADSPI_IRQHandler
                0x08000c34                I2C1_EV_IRQHandler
                0x08000c34                DMA1_Stream6_IRQHandler
                0x08000c34                DMAMUX1_OVR_IRQHandler
                0x08000c34                DMA1_Stream1_IRQHandler
                0x08000c34                TIM16_IRQHandler
                0x08000c34                UART4_IRQHandler
                0x08000c34                BDMA_Channel5_IRQHandler
                0x08000c34                TIM3_IRQHandler
                0x08000c34                RCC_IRQHandler
                0x08000c34                TIM8_BRK_TIM12_IRQHandler
                0x08000c34                TIM1_TRG_COM_IRQHandler
                0x08000c34                Default_Handler
                0x08000c34                ECC_IRQHandler
                0x08000c34                CEC_IRQHandler
                0x08000c34                EXTI15_10_IRQHandler
                0x08000c34                BDMA_Channel0_IRQHandler
                0x08000c34                ADC_IRQHandler
                0x08000c34                DMA1_Stream7_IRQHandler
                0x08000c34                HRTIM1_TIMA_IRQHandler
                0x08000c34                SPI5_IRQHandler
                0x08000c34                TIM7_IRQHandler
                0x08000c34                SDMMC1_IRQHandler
                0x08000c34                TIM5_IRQHandler
                0x08000c34                DMA2_Stream7_IRQHandler
                0x08000c34                TIM15_IRQHandler
                0x08000c34                PVD_AVD_IRQHandler
                0x08000c34                I2C3_EV_IRQHandler
                0x08000c34                EXTI9_5_IRQHandler
                0x08000c34                RTC_WKUP_IRQHandler
                0x08000c34                LTDC_IRQHandler
                0x08000c34                SAI3_IRQHandler
                0x08000c34                ETH_WKUP_IRQHandler
                0x08000c34                SPDIF_RX_IRQHandler
                0x08000c34                SPI2_IRQHandler
                0x08000c34                OTG_HS_EP1_IN_IRQHandler
                0x08000c34                CRS_IRQHandler
                0x08000c34                EXTI4_IRQHandler
                0x08000c34                HRTIM1_TIMB_IRQHandler
                0x08000c34                FDCAN2_IT1_IRQHandler
                0x08000c34                ETH_IRQHandler
                0x08000c34                TIM1_UP_IRQHandler
                0x08000c34                BDMA_Channel4_IRQHandler
                0x08000c34                OTG_HS_EP1_OUT_IRQHandler
                0x08000c34                WWDG_IRQHandler
                0x08000c34                SPI6_IRQHandler
                0x08000c34                MDIOS_IRQHandler
                0x08000c34                I2C4_EV_IRQHandler
                0x08000c34                FDCAN2_IT0_IRQHandler
                0x08000c34                LPUART1_IRQHandler
                0x08000c34                FDCAN1_IT0_IRQHandler
                0x08000c34                TIM2_IRQHandler
                0x08000c34                OTG_FS_WKUP_IRQHandler
                0x08000c34                OTG_HS_IRQHandler
                0x08000c34                DMA2D_IRQHandler
                0x08000c34                TIM1_BRK_IRQHandler
                0x08000c34                EXTI1_IRQHandler
                0x08000c34                SDMMC2_IRQHandler
                0x08000c34                OTG_FS_EP1_OUT_IRQHandler
                0x08000c34                BDMA_Channel3_IRQHandler
                0x08000c34                UART7_IRQHandler
                0x08000c34                MDIOS_WKUP_IRQHandler
                0x08000c34                USART2_IRQHandler
                0x08000c34                DFSDM1_FLT0_IRQHandler
                0x08000c34                SAI4_IRQHandler
                0x08000c34                I2C2_ER_IRQHandler
                0x08000c34                DMA2_Stream1_IRQHandler
                0x08000c34                FLASH_IRQHandler
                0x08000c34                DMA2_Stream4_IRQHandler
                0x08000c34                USART1_IRQHandler
                0x08000c34                OTG_FS_IRQHandler
                0x08000c34                SPI3_IRQHandler
                0x08000c34                WAKEUP_PIN_IRQHandler
                0x08000c34                DMA1_Stream4_IRQHandler
                0x08000c34                OTG_FS_EP1_IN_IRQHandler
                0x08000c34                I2C1_ER_IRQHandler
                0x08000c34                FMC_IRQHandler
                0x08000c34                FDCAN_CAL_IRQHandler
                0x08000c34                SWPMI1_IRQHandler
                0x08000c34                COMP1_IRQHandler
                0x08000c34                LPTIM1_IRQHandler
                0x08000c34                I2C4_ER_IRQHandler
                0x08000c34                DMA2_Stream6_IRQHandler
                0x08000c34                SAI1_IRQHandler
                0x08000c34                RTC_Alarm_IRQHandler
 *fill*         0x08000c36        0x2 
 .text.HAL_Init
                0x08000c38       0x78 ./Drivers/STM32H7xx_HAL_Driver/Src/stm32h7xx_hal.o
                0x08000c38                HAL_Init
 .text.HAL_InitTick
                0x08000cb0       0x6c ./Drivers/STM32H7xx_HAL_Driver/Src/stm32h7xx_hal.o
                0x08000cb0                HAL_InitTick
 .text.HAL_IncTick
                0x08000d1c       0x28 ./Drivers/STM32H7xx_HAL_Driver/Src/stm32h7xx_hal.o
                0x08000d1c                HAL_IncTick
 .text.HAL_GetTick
                0x08000d44       0x18 ./Drivers/STM32H7xx_HAL_Driver/Src/stm32h7xx_hal.o
                0x08000d44                HAL_GetTick
 .text.HAL_Delay
                0x08000d5c       0x48 ./Drivers/STM32H7xx_HAL_Driver/Src/stm32h7xx_hal.o
                0x08000d5c                HAL_Delay
 .text.HAL_GetREVID
                0x08000da4       0x18 ./Drivers/STM32H7xx_HAL_Driver/Src/stm32h7xx_hal.o
                0x08000da4                HAL_GetREVID
 .text.__NVIC_SetPriorityGrouping
                0x08000dbc       0x48 ./Drivers/STM32H7xx_HAL_Driver/Src/stm32h7xx_hal_cortex.o
 .text.__NVIC_GetPriorityGrouping
                0x08000e04       0x1c ./Drivers/STM32H7xx_HAL_Driver/Src/stm32h7xx_hal_cortex.o
 .text.__NVIC_EnableIRQ
                0x08000e20       0x3c ./Drivers/STM32H7xx_HAL_Driver/Src/stm32h7xx_hal_cortex.o
 .text.__NVIC_SetPriority
                0x08000e5c       0x54 ./Drivers/STM32H7xx_HAL_Driver/Src/stm32h7xx_hal_cortex.o
 .text.NVIC_EncodePriority
                0x08000eb0       0x66 ./Drivers/STM32H7xx_HAL_Driver/Src/stm32h7xx_hal_cortex.o
 *fill*         0x08000f16        0x2 
 .text.SysTick_Config
                0x08000f18       0x44 ./Drivers/STM32H7xx_HAL_Driver/Src/stm32h7xx_hal_cortex.o
 .text.HAL_NVIC_SetPriorityGrouping
                0x08000f5c       0x16 ./Drivers/STM32H7xx_HAL_Driver/Src/stm32h7xx_hal_cortex.o
                0x08000f5c                HAL_NVIC_SetPriorityGrouping
 .text.HAL_NVIC_SetPriority
                0x08000f72       0x34 ./Drivers/STM32H7xx_HAL_Driver/Src/stm32h7xx_hal_cortex.o
                0x08000f72                HAL_NVIC_SetPriority
 .text.HAL_NVIC_EnableIRQ
                0x08000fa6       0x1c ./Drivers/STM32H7xx_HAL_Driver/Src/stm32h7xx_hal_cortex.o
                0x08000fa6                HAL_NVIC_EnableIRQ
 .text.HAL_SYSTICK_Config
                0x08000fc2       0x18 ./Drivers/STM32H7xx_HAL_Driver/Src/stm32h7xx_hal_cortex.o
                0x08000fc2                HAL_SYSTICK_Config
 *fill*         0x08000fda        0x2 
 .text.HAL_DMA_Init
                0x08000fdc      0x6b8 ./Drivers/STM32H7xx_HAL_Driver/Src/stm32h7xx_hal_dma.o
                0x08000fdc                HAL_DMA_Init
 .text.HAL_DMA_Start_IT
                0x08001694      0x4d4 ./Drivers/STM32H7xx_HAL_Driver/Src/stm32h7xx_hal_dma.o
                0x08001694                HAL_DMA_Start_IT
 .text.HAL_DMA_IRQHandler
                0x08001b68      0xe54 ./Drivers/STM32H7xx_HAL_Driver/Src/stm32h7xx_hal_dma.o
                0x08001b68                HAL_DMA_IRQHandler
 .text.DMA_SetConfig
                0x080029bc      0x358 ./Drivers/STM32H7xx_HAL_Driver/Src/stm32h7xx_hal_dma.o
 .text.DMA_CalcBaseAndBitshift
                0x08002d14      0x164 ./Drivers/STM32H7xx_HAL_Driver/Src/stm32h7xx_hal_dma.o
 .text.DMA_CheckFifoParam
                0x08002e78       0xf8 ./Drivers/STM32H7xx_HAL_Driver/Src/stm32h7xx_hal_dma.o
 .text.DMA_CalcDMAMUXChannelBaseAndMask
                0x08002f70      0x134 ./Drivers/STM32H7xx_HAL_Driver/Src/stm32h7xx_hal_dma.o
 .text.DMA_CalcDMAMUXRequestGenBaseAndMask
                0x080030a4       0xe8 ./Drivers/STM32H7xx_HAL_Driver/Src/stm32h7xx_hal_dma.o
 .text.HAL_GPIO_Init
                0x0800318c      0x360 ./Drivers/STM32H7xx_HAL_Driver/Src/stm32h7xx_hal_gpio.o
                0x0800318c                HAL_GPIO_Init
 .text.HAL_GPIO_WritePin
                0x080034ec       0x32 ./Drivers/STM32H7xx_HAL_Driver/Src/stm32h7xx_hal_gpio.o
                0x080034ec                HAL_GPIO_WritePin
 *fill*         0x0800351e        0x2 
 .text.HAL_PWREx_ConfigSupply
                0x08003520       0x74 ./Drivers/STM32H7xx_HAL_Driver/Src/stm32h7xx_hal_pwr_ex.o
                0x08003520                HAL_PWREx_ConfigSupply
 .text.HAL_RCC_OscConfig
                0x08003594      0x8b4 ./Drivers/STM32H7xx_HAL_Driver/Src/stm32h7xx_hal_rcc.o
                0x08003594                HAL_RCC_OscConfig
 .text.HAL_RCC_ClockConfig
                0x08003e48      0x36c ./Drivers/STM32H7xx_HAL_Driver/Src/stm32h7xx_hal_rcc.o
                0x08003e48                HAL_RCC_ClockConfig
 .text.HAL_RCC_GetSysClockFreq
                0x080041b4      0x2f4 ./Drivers/STM32H7xx_HAL_Driver/Src/stm32h7xx_hal_rcc.o
                0x080041b4                HAL_RCC_GetSysClockFreq
 .text.HAL_TIM_PWM_Init
                0x080044a8       0xae ./Drivers/STM32H7xx_HAL_Driver/Src/stm32h7xx_hal_tim.o
                0x080044a8                HAL_TIM_PWM_Init
 *fill*         0x08004556        0x2 
 .text.HAL_TIM_PWM_Start_DMA
                0x08004558      0x44c ./Drivers/STM32H7xx_HAL_Driver/Src/stm32h7xx_hal_tim.o
                0x08004558                HAL_TIM_PWM_Start_DMA
 .text.HAL_TIM_PWM_ConfigChannel
                0x080049a4      0x228 ./Drivers/STM32H7xx_HAL_Driver/Src/stm32h7xx_hal_tim.o
                0x080049a4                HAL_TIM_PWM_ConfigChannel
 .text.HAL_TIM_PWM_PulseFinishedCallback
                0x08004bcc       0x14 ./Drivers/STM32H7xx_HAL_Driver/Src/stm32h7xx_hal_tim.o
                0x08004bcc                HAL_TIM_PWM_PulseFinishedCallback
 .text.HAL_TIM_PWM_PulseFinishedHalfCpltCallback
                0x08004be0       0x14 ./Drivers/STM32H7xx_HAL_Driver/Src/stm32h7xx_hal_tim.o
                0x08004be0                HAL_TIM_PWM_PulseFinishedHalfCpltCallback
 .text.HAL_TIM_ErrorCallback
                0x08004bf4       0x14 ./Drivers/STM32H7xx_HAL_Driver/Src/stm32h7xx_hal_tim.o
                0x08004bf4                HAL_TIM_ErrorCallback
 .text.TIM_DMAError
                0x08004c08       0x92 ./Drivers/STM32H7xx_HAL_Driver/Src/stm32h7xx_hal_tim.o
                0x08004c08                TIM_DMAError
 .text.TIM_DMADelayPulseCplt
                0x08004c9a       0xa8 ./Drivers/STM32H7xx_HAL_Driver/Src/stm32h7xx_hal_tim.o
 .text.TIM_DMADelayPulseHalfCplt
                0x08004d42       0x68 ./Drivers/STM32H7xx_HAL_Driver/Src/stm32h7xx_hal_tim.o
                0x08004d42                TIM_DMADelayPulseHalfCplt
 *fill*         0x08004daa        0x2 
 .text.TIM_Base_SetConfig
                0x08004dac      0x140 ./Drivers/STM32H7xx_HAL_Driver/Src/stm32h7xx_hal_tim.o
                0x08004dac                TIM_Base_SetConfig
 .text.TIM_OC1_SetConfig
                0x08004eec      0x120 ./Drivers/STM32H7xx_HAL_Driver/Src/stm32h7xx_hal_tim.o
 .text.TIM_OC2_SetConfig
                0x0800500c      0x114 ./Drivers/STM32H7xx_HAL_Driver/Src/stm32h7xx_hal_tim.o
                0x0800500c                TIM_OC2_SetConfig
 .text.TIM_OC3_SetConfig
                0x08005120      0x110 ./Drivers/STM32H7xx_HAL_Driver/Src/stm32h7xx_hal_tim.o
 .text.TIM_OC4_SetConfig
                0x08005230       0xd4 ./Drivers/STM32H7xx_HAL_Driver/Src/stm32h7xx_hal_tim.o
 .text.TIM_OC5_SetConfig
                0x08005304       0xc8 ./Drivers/STM32H7xx_HAL_Driver/Src/stm32h7xx_hal_tim.o
 .text.TIM_OC6_SetConfig
                0x080053cc       0xcc ./Drivers/STM32H7xx_HAL_Driver/Src/stm32h7xx_hal_tim.o
 .text.TIM_CCxChannelCmd
                0x08005498       0x4a ./Drivers/STM32H7xx_HAL_Driver/Src/stm32h7xx_hal_tim.o
                0x08005498                TIM_CCxChannelCmd
 *fill*         0x080054e2        0x2 
 .text.HAL_TIMEx_MasterConfigSynchronization
                0x080054e4      0x11c ./Drivers/STM32H7xx_HAL_Driver/Src/stm32h7xx_hal_tim_ex.o
                0x080054e4                HAL_TIMEx_MasterConfigSynchronization
 .text.memset   0x08005600       0x10 /Applications/STM32CubeIDE.app/Contents/Eclipse/plugins/com.st.stm32cube.ide.mcu.externaltools.gnu-tools-for-stm32.12.3.rel1.macos64_1.1.0.202410301201/tools/bin/../lib/gcc/arm-none-eabi/12.3.1/../../../../arm-none-eabi/lib/thumb/v7e-m+dp/hard/libc_nano.a(libc_a-memset.o)
                0x08005600                memset
 .text.__errno  0x08005610        0xc /Applications/STM32CubeIDE.app/Contents/Eclipse/plugins/com.st.stm32cube.ide.mcu.externaltools.gnu-tools-for-stm32.12.3.rel1.macos64_1.1.0.202410301201/tools/bin/../lib/gcc/arm-none-eabi/12.3.1/../../../../arm-none-eabi/lib/thumb/v7e-m+dp/hard/libc_nano.a(libc_a-errno.o)
                0x08005610                __errno
 .text.__libc_init_array
                0x0800561c       0x48 /Applications/STM32CubeIDE.app/Contents/Eclipse/plugins/com.st.stm32cube.ide.mcu.externaltools.gnu-tools-for-stm32.12.3.rel1.macos64_1.1.0.202410301201/tools/bin/../lib/gcc/arm-none-eabi/12.3.1/../../../../arm-none-eabi/lib/thumb/v7e-m+dp/hard/libc_nano.a(libc_a-init.o)
                0x0800561c                __libc_init_array
 .text.checkint
                0x08005664       0x68 /Applications/STM32CubeIDE.app/Contents/Eclipse/plugins/com.st.stm32cube.ide.mcu.externaltools.gnu-tools-for-stm32.12.3.rel1.macos64_1.1.0.202410301201/tools/bin/../lib/gcc/arm-none-eabi/12.3.1/../../../../arm-none-eabi/lib/thumb/v7e-m+dp/hard/libm.a(libm_a-pow.o)
 *fill*         0x080056cc        0x4 
 .text.pow      0x080056d0      0x4a0 /Applications/STM32CubeIDE.app/Contents/Eclipse/plugins/com.st.stm32cube.ide.mcu.externaltools.gnu-tools-for-stm32.12.3.rel1.macos64_1.1.0.202410301201/tools/bin/../lib/gcc/arm-none-eabi/12.3.1/../../../../arm-none-eabi/lib/thumb/v7e-m+dp/hard/libm.a(libm_a-pow.o)
                0x080056d0                pow
 .text.with_errno
                0x08005b70       0x1c /Applications/STM32CubeIDE.app/Contents/Eclipse/plugins/com.st.stm32cube.ide.mcu.externaltools.gnu-tools-for-stm32.12.3.rel1.macos64_1.1.0.202410301201/tools/bin/../lib/gcc/arm-none-eabi/12.3.1/../../../../arm-none-eabi/lib/thumb/v7e-m+dp/hard/libm.a(libm_a-math_err.o)
 .text.xflow    0x08005b8c       0x22 /Applications/STM32CubeIDE.app/Contents/Eclipse/plugins/com.st.stm32cube.ide.mcu.externaltools.gnu-tools-for-stm32.12.3.rel1.macos64_1.1.0.202410301201/tools/bin/../lib/gcc/arm-none-eabi/12.3.1/../../../../arm-none-eabi/lib/thumb/v7e-m+dp/hard/libm.a(libm_a-math_err.o)
 *fill*         0x08005bae        0x2 
 .text.__math_uflow
                0x08005bb0       0x10 /Applications/STM32CubeIDE.app/Contents/Eclipse/plugins/com.st.stm32cube.ide.mcu.externaltools.gnu-tools-for-stm32.12.3.rel1.macos64_1.1.0.202410301201/tools/bin/../lib/gcc/arm-none-eabi/12.3.1/../../../../arm-none-eabi/lib/thumb/v7e-m+dp/hard/libm.a(libm_a-math_err.o)
                0x08005bb0                __math_uflow
 .text.__math_oflow
                0x08005bc0       0x10 /Applications/STM32CubeIDE.app/Contents/Eclipse/plugins/com.st.stm32cube.ide.mcu.externaltools.gnu-tools-for-stm32.12.3.rel1.macos64_1.1.0.202410301201/tools/bin/../lib/gcc/arm-none-eabi/12.3.1/../../../../arm-none-eabi/lib/thumb/v7e-m+dp/hard/libm.a(libm_a-math_err.o)
                0x08005bc0                __math_oflow
 .text.__math_divzero
                0x08005bd0       0x30 /Applications/STM32CubeIDE.app/Contents/Eclipse/plugins/com.st.stm32cube.ide.mcu.externaltools.gnu-tools-for-stm32.12.3.rel1.macos64_1.1.0.202410301201/tools/bin/../lib/gcc/arm-none-eabi/12.3.1/../../../../arm-none-eabi/lib/thumb/v7e-m+dp/hard/libm.a(libm_a-math_err.o)
                0x08005bd0                __math_divzero
 .text.__math_invalid
                0x08005c00       0x1e /Applications/STM32CubeIDE.app/Contents/Eclipse/plugins/com.st.stm32cube.ide.mcu.externaltools.gnu-tools-for-stm32.12.3.rel1.macos64_1.1.0.202410301201/tools/bin/../lib/gcc/arm-none-eabi/12.3.1/../../../../arm-none-eabi/lib/thumb/v7e-m+dp/hard/libm.a(libm_a-math_err.o)
                0x08005c00                __math_invalid
 .text.__math_check_uflow
                0x08005c1e       0x12 /Applications/STM32CubeIDE.app/Contents/Eclipse/plugins/com.st.stm32cube.ide.mcu.externaltools.gnu-tools-for-stm32.12.3.rel1.macos64_1.1.0.202410301201/tools/bin/../lib/gcc/arm-none-eabi/12.3.1/../../../../arm-none-eabi/lib/thumb/v7e-m+dp/hard/libm.a(libm_a-math_err.o)
                0x08005c1e                __math_check_uflow
 .text.__math_check_oflow
                0x08005c30       0x28 /Applications/STM32CubeIDE.app/Contents/Eclipse/plugins/com.st.stm32cube.ide.mcu.externaltools.gnu-tools-for-stm32.12.3.rel1.macos64_1.1.0.202410301201/tools/bin/../lib/gcc/arm-none-eabi/12.3.1/../../../../arm-none-eabi/lib/thumb/v7e-m+dp/hard/libm.a(libm_a-math_err.o)
                0x08005c30                __math_check_oflow
 *(.glue_7)
 .glue_7        0x08005c58        0x0 linker stubs
 *(.glue_7t)
 .glue_7t       0x08005c58        0x0 linker stubs
 *(.eh_frame)
 .eh_frame      0x08005c58        0x0 /Applications/STM32CubeIDE.app/Contents/Eclipse/plugins/com.st.stm32cube.ide.mcu.externaltools.gnu-tools-for-stm32.12.3.rel1.macos64_1.1.0.202410301201/tools/bin/../lib/gcc/arm-none-eabi/12.3.1/thumb/v7e-m+dp/hard/crtbegin.o
 *(.init)
 .init          0x08005c58        0x4 /Applications/STM32CubeIDE.app/Contents/Eclipse/plugins/com.st.stm32cube.ide.mcu.externaltools.gnu-tools-for-stm32.12.3.rel1.macos64_1.1.0.202410301201/tools/bin/../lib/gcc/arm-none-eabi/12.3.1/thumb/v7e-m+dp/hard/crti.o
                0x08005c58                _init
 .init          0x08005c5c        0x8 /Applications/STM32CubeIDE.app/Contents/Eclipse/plugins/com.st.stm32cube.ide.mcu.externaltools.gnu-tools-for-stm32.12.3.rel1.macos64_1.1.0.202410301201/tools/bin/../lib/gcc/arm-none-eabi/12.3.1/thumb/v7e-m+dp/hard/crtn.o
 *(.fini)
 .fini          0x08005c64        0x4 /Applications/STM32CubeIDE.app/Contents/Eclipse/plugins/com.st.stm32cube.ide.mcu.externaltools.gnu-tools-for-stm32.12.3.rel1.macos64_1.1.0.202410301201/tools/bin/../lib/gcc/arm-none-eabi/12.3.1/thumb/v7e-m+dp/hard/crti.o
                0x08005c64                _fini
 .fini          0x08005c68        0x8 /Applications/STM32CubeIDE.app/Contents/Eclipse/plugins/com.st.stm32cube.ide.mcu.externaltools.gnu-tools-for-stm32.12.3.rel1.macos64_1.1.0.202410301201/tools/bin/../lib/gcc/arm-none-eabi/12.3.1/thumb/v7e-m+dp/hard/crtn.o
                0x08005c70                        . = ALIGN (0x4)
                0x08005c70                        _etext = .

.vfp11_veneer   0x08005c70        0x0
 .vfp11_veneer  0x08005c70        0x0 linker stubs

.v4_bx          0x08005c70        0x0
 .v4_bx         0x08005c70        0x0 linker stubs

.iplt           0x08005c70        0x0
 .iplt          0x08005c70        0x0 /Applications/STM32CubeIDE.app/Contents/Eclipse/plugins/com.st.stm32cube.ide.mcu.externaltools.gnu-tools-for-stm32.12.3.rel1.macos64_1.1.0.202410301201/tools/bin/../lib/gcc/arm-none-eabi/12.3.1/thumb/v7e-m+dp/hard/crtbegin.o

.rodata         0x08005c70     0x18e0
                0x08005c70                        . = ALIGN (0x4)
 *(.rodata)
 .rodata        0x08005c70        0xb ./Core/Src/main.o
 *(.rodata*)
 *fill*         0x08005c7b        0x1 
 .rodata.D1CorePrescTable
                0x08005c7c       0x10 ./Core/Src/system_stm32h7xx.o
                0x08005c7c                D1CorePrescTable
 .rodata.flagBitshiftOffset.0
                0x08005c8c        0x8 ./Drivers/STM32H7xx_HAL_Driver/Src/stm32h7xx_hal_dma.o
 *fill*         0x08005c94        0x4 
 .rodata.__pow_log_data
                0x08005c98     0x1048 /Applications/STM32CubeIDE.app/Contents/Eclipse/plugins/com.st.stm32cube.ide.mcu.externaltools.gnu-tools-for-stm32.12.3.rel1.macos64_1.1.0.202410301201/tools/bin/../lib/gcc/arm-none-eabi/12.3.1/../../../../arm-none-eabi/lib/thumb/v7e-m+dp/hard/libm.a(libm_a-pow_log_data.o)
                0x08005c98                __pow_log_data
 .rodata.__exp_data
                0x08006ce0      0x870 /Applications/STM32CubeIDE.app/Contents/Eclipse/plugins/com.st.stm32cube.ide.mcu.externaltools.gnu-tools-for-stm32.12.3.rel1.macos64_1.1.0.202410301201/tools/bin/../lib/gcc/arm-none-eabi/12.3.1/../../../../arm-none-eabi/lib/thumb/v7e-m+dp/hard/libm.a(libm_a-exp_data.o)
                0x08006ce0                __exp_data
                0x08007550                        . = ALIGN (0x4)

.ARM.extab
 *(.ARM.extab* .gnu.linkonce.armextab.*)

.ARM            0x08007550        0x0
                0x08007550                        __exidx_start = .
 *(.ARM.exidx*)
                0x08007550                        __exidx_end = .

.preinit_array  0x08007550        0x0
                0x08007550                        PROVIDE (__preinit_array_start = .)
 *(.preinit_array*)
                0x08007550                        PROVIDE (__preinit_array_end = .)

.init_array     0x08007550        0x4
                0x08007550                        PROVIDE (__init_array_start = .)
 *(SORT_BY_NAME(.init_array.*))
 *(.init_array*)
 .init_array    0x08007550        0x4 /Applications/STM32CubeIDE.app/Contents/Eclipse/plugins/com.st.stm32cube.ide.mcu.externaltools.gnu-tools-for-stm32.12.3.rel1.macos64_1.1.0.202410301201/tools/bin/../lib/gcc/arm-none-eabi/12.3.1/thumb/v7e-m+dp/hard/crtbegin.o
                0x08007554                        PROVIDE (__init_array_end = .)

.fini_array     0x08007554        0x4
                [!provide]                        PROVIDE (__fini_array_start = .)
 *(SORT_BY_NAME(.fini_array.*))
 *(.fini_array*)
 .fini_array    0x08007554        0x4 /Applications/STM32CubeIDE.app/Contents/Eclipse/plugins/com.st.stm32cube.ide.mcu.externaltools.gnu-tools-for-stm32.12.3.rel1.macos64_1.1.0.202410301201/tools/bin/../lib/gcc/arm-none-eabi/12.3.1/thumb/v7e-m+dp/hard/crtbegin.o
                [!provide]                        PROVIDE (__fini_array_end = .)
                0x08007558                        _sidata = LOADADDR (.data)

.rel.dyn        0x08007558        0x0
 .rel.iplt      0x08007558        0x0 /Applications/STM32CubeIDE.app/Contents/Eclipse/plugins/com.st.stm32cube.ide.mcu.externaltools.gnu-tools-for-stm32.12.3.rel1.macos64_1.1.0.202410301201/tools/bin/../lib/gcc/arm-none-eabi/12.3.1/thumb/v7e-m+dp/hard/crtbegin.o

.data           0x24000000       0x60 load address 0x08007558
                0x24000000                        . = ALIGN (0x4)
                0x24000000                        _sdata = .
 *(.data)
 *(.data*)
 .data.SystemCoreClock
                0x24000000        0x4 ./Core/Src/system_stm32h7xx.o
                0x24000000                SystemCoreClock
 .data.SystemD2Clock
                0x24000004        0x4 ./Core/Src/system_stm32h7xx.o
                0x24000004                SystemD2Clock
 .data.uwTickPrio
                0x24000008        0x4 ./Drivers/STM32H7xx_HAL_Driver/Src/stm32h7xx_hal.o
                0x24000008                uwTickPrio
 .data.uwTickFreq
                0x2400000c        0x1 ./Drivers/STM32H7xx_HAL_Driver/Src/stm32h7xx_hal.o
                0x2400000c                uwTickFreq
 *fill*         0x2400000d        0x3 
 .data._impure_ptr
                0x24000010        0x4 /Applications/STM32CubeIDE.app/Contents/Eclipse/plugins/com.st.stm32cube.ide.mcu.externaltools.gnu-tools-for-stm32.12.3.rel1.macos64_1.1.0.202410301201/tools/bin/../lib/gcc/arm-none-eabi/12.3.1/../../../../arm-none-eabi/lib/thumb/v7e-m+dp/hard/libc_nano.a(libc_a-impure.o)
                0x24000010                _impure_ptr
 .data._impure_data
                0x24000014       0x4c /Applications/STM32CubeIDE.app/Contents/Eclipse/plugins/com.st.stm32cube.ide.mcu.externaltools.gnu-tools-for-stm32.12.3.rel1.macos64_1.1.0.202410301201/tools/bin/../lib/gcc/arm-none-eabi/12.3.1/../../../../arm-none-eabi/lib/thumb/v7e-m+dp/hard/libc_nano.a(libc_a-impure.o)
                0x24000014                _impure_data
 *(.RamFunc)
 *(.RamFunc*)
                0x24000060                        . = ALIGN (0x4)
                0x24000060                        _edata = .

.igot.plt       0x24000060        0x0 load address 0x080075b8
 .igot.plt      0x24000060        0x0 /Applications/STM32CubeIDE.app/Contents/Eclipse/plugins/com.st.stm32cube.ide.mcu.externaltools.gnu-tools-for-stm32.12.3.rel1.macos64_1.1.0.202410301201/tools/bin/../lib/gcc/arm-none-eabi/12.3.1/thumb/v7e-m+dp/hard/crtbegin.o
                0x24000060                        . = ALIGN (0x4)

.bss            0x24000060     0x1b8c load address 0x080075b8
                0x24000060                        _sbss = .
                0x24000060                        __bss_start__ = _sbss
 *(.bss)
 .bss           0x24000060       0x1c /Applications/STM32CubeIDE.app/Contents/Eclipse/plugins/com.st.stm32cube.ide.mcu.externaltools.gnu-tools-for-stm32.12.3.rel1.macos64_1.1.0.202410301201/tools/bin/../lib/gcc/arm-none-eabi/12.3.1/thumb/v7e-m+dp/hard/crtbegin.o
 *(.bss*)
 .bss.LEDBuffer
                0x2400007c     0x1950 ./Core/Src/main.o
 .bss.LED_Data  0x240019cc       0x1e ./Core/Src/main.o
 *fill*         0x240019ea        0x2 
 .bss.htim4     0x240019ec       0x4c ./Core/Src/tim.o
                0x240019ec                htim4
 .bss.hdma_tim4_ch3
                0x24001a38       0x78 ./Core/Src/tim.o
                0x24001a38                hdma_tim4_ch3
 .bss.uwTick    0x24001ab0        0x4 ./Drivers/STM32H7xx_HAL_Driver/Src/stm32h7xx_hal.o
                0x24001ab0                uwTick
 .bss.__sf      0x24001ab4      0x138 /Applications/STM32CubeIDE.app/Contents/Eclipse/plugins/com.st.stm32cube.ide.mcu.externaltools.gnu-tools-for-stm32.12.3.rel1.macos64_1.1.0.202410301201/tools/bin/../lib/gcc/arm-none-eabi/12.3.1/../../../../arm-none-eabi/lib/thumb/v7e-m+dp/hard/libc_nano.a(libc_a-findfp.o)
                0x24001ab4                __sf
 *(COMMON)
                0x24001bec                        . = ALIGN (0x4)
                0x24001bec                        _ebss = .
                0x24001bec                        __bss_end__ = _ebss

._user_heap_stack
                0x24001bec      0x604 load address 0x080075b8
                0x24001bf0                        . = ALIGN (0x8)
 *fill*         0x24001bec        0x4 
                [!provide]                        PROVIDE (end = .)
                0x24001bf0                        PROVIDE (_end = .)
                0x24001df0                        . = (. + _Min_Heap_Size)
 *fill*         0x24001bf0      0x200 
                0x240021f0                        . = (. + _Min_Stack_Size)
 *fill*         0x24001df0      0x400 
                0x240021f0                        . = ALIGN (0x8)

/DISCARD/
 libc.a(*)
 libm.a(*)
 libgcc.a(*)

.ARM.attributes
                0x00000000       0x2e
 *(.ARM.attributes)
 .ARM.attributes
                0x00000000       0x20 /Applications/STM32CubeIDE.app/Contents/Eclipse/plugins/com.st.stm32cube.ide.mcu.externaltools.gnu-tools-for-stm32.12.3.rel1.macos64_1.1.0.202410301201/tools/bin/../lib/gcc/arm-none-eabi/12.3.1/thumb/v7e-m+dp/hard/crti.o
 .ARM.attributes
                0x00000020       0x32 /Applications/STM32CubeIDE.app/Contents/Eclipse/plugins/com.st.stm32cube.ide.mcu.externaltools.gnu-tools-for-stm32.12.3.rel1.macos64_1.1.0.202410301201/tools/bin/../lib/gcc/arm-none-eabi/12.3.1/thumb/v7e-m+dp/hard/crtbegin.o
 .ARM.attributes
                0x00000052       0x32 ./Core/Src/dma.o
 .ARM.attributes
                0x00000084       0x32 ./Core/Src/gpio.o
 .ARM.attributes
                0x000000b6       0x32 ./Core/Src/main.o
 .ARM.attributes
                0x000000e8       0x32 ./Core/Src/stm32h7xx_hal_msp.o
 .ARM.attributes
                0x0000011a       0x32 ./Core/Src/stm32h7xx_it.o
 .ARM.attributes
                0x0000014c       0x32 ./Core/Src/system_stm32h7xx.o
 .ARM.attributes
                0x0000017e       0x32 ./Core/Src/tim.o
 .ARM.attributes
                0x000001b0       0x21 ./Core/Startup/startup_stm32h753zitx.o
 .ARM.attributes
                0x000001d1       0x32 ./Drivers/STM32H7xx_HAL_Driver/Src/stm32h7xx_hal.o
 .ARM.attributes
                0x00000203       0x32 ./Drivers/STM32H7xx_HAL_Driver/Src/stm32h7xx_hal_cortex.o
 .ARM.attributes
                0x00000235       0x32 ./Drivers/STM32H7xx_HAL_Driver/Src/stm32h7xx_hal_dma.o
 .ARM.attributes
                0x00000267       0x32 ./Drivers/STM32H7xx_HAL_Driver/Src/stm32h7xx_hal_gpio.o
 .ARM.attributes
                0x00000299       0x32 ./Drivers/STM32H7xx_HAL_Driver/Src/stm32h7xx_hal_pwr_ex.o
 .ARM.attributes
                0x000002cb       0x32 ./Drivers/STM32H7xx_HAL_Driver/Src/stm32h7xx_hal_rcc.o
 .ARM.attributes
                0x000002fd       0x32 ./Drivers/STM32H7xx_HAL_Driver/Src/stm32h7xx_hal_tim.o
 .ARM.attributes
                0x0000032f       0x32 ./Drivers/STM32H7xx_HAL_Driver/Src/stm32h7xx_hal_tim_ex.o
 .ARM.attributes
                0x00000361       0x32 /Applications/STM32CubeIDE.app/Contents/Eclipse/plugins/com.st.stm32cube.ide.mcu.externaltools.gnu-tools-for-stm32.12.3.rel1.macos64_1.1.0.202410301201/tools/bin/../lib/gcc/arm-none-eabi/12.3.1/../../../../arm-none-eabi/lib/thumb/v7e-m+dp/hard/libc_nano.a(libc_a-findfp.o)
 .ARM.attributes
                0x00000393       0x32 /Applications/STM32CubeIDE.app/Contents/Eclipse/plugins/com.st.stm32cube.ide.mcu.externaltools.gnu-tools-for-stm32.12.3.rel1.macos64_1.1.0.202410301201/tools/bin/../lib/gcc/arm-none-eabi/12.3.1/../../../../arm-none-eabi/lib/thumb/v7e-m+dp/hard/libc_nano.a(libc_a-memset.o)
 .ARM.attributes
                0x000003c5       0x32 /Applications/STM32CubeIDE.app/Contents/Eclipse/plugins/com.st.stm32cube.ide.mcu.externaltools.gnu-tools-for-stm32.12.3.rel1.macos64_1.1.0.202410301201/tools/bin/../lib/gcc/arm-none-eabi/12.3.1/../../../../arm-none-eabi/lib/thumb/v7e-m+dp/hard/libc_nano.a(libc_a-impure.o)
 .ARM.attributes
                0x000003f7       0x32 /Applications/STM32CubeIDE.app/Contents/Eclipse/plugins/com.st.stm32cube.ide.mcu.externaltools.gnu-tools-for-stm32.12.3.rel1.macos64_1.1.0.202410301201/tools/bin/../lib/gcc/arm-none-eabi/12.3.1/../../../../arm-none-eabi/lib/thumb/v7e-m+dp/hard/libc_nano.a(libc_a-errno.o)
 .ARM.attributes
                0x00000429       0x32 /Applications/STM32CubeIDE.app/Contents/Eclipse/plugins/com.st.stm32cube.ide.mcu.externaltools.gnu-tools-for-stm32.12.3.rel1.macos64_1.1.0.202410301201/tools/bin/../lib/gcc/arm-none-eabi/12.3.1/../../../../arm-none-eabi/lib/thumb/v7e-m+dp/hard/libc_nano.a(libc_a-init.o)
 .ARM.attributes
                0x0000045b       0x32 /Applications/STM32CubeIDE.app/Contents/Eclipse/plugins/com.st.stm32cube.ide.mcu.externaltools.gnu-tools-for-stm32.12.3.rel1.macos64_1.1.0.202410301201/tools/bin/../lib/gcc/arm-none-eabi/12.3.1/../../../../arm-none-eabi/lib/thumb/v7e-m+dp/hard/libm.a(libm_a-pow.o)
 .ARM.attributes
                0x0000048d       0x32 /Applications/STM32CubeIDE.app/Contents/Eclipse/plugins/com.st.stm32cube.ide.mcu.externaltools.gnu-tools-for-stm32.12.3.rel1.macos64_1.1.0.202410301201/tools/bin/../lib/gcc/arm-none-eabi/12.3.1/../../../../arm-none-eabi/lib/thumb/v7e-m+dp/hard/libm.a(libm_a-pow_log_data.o)
 .ARM.attributes
                0x000004bf       0x32 /Applications/STM32CubeIDE.app/Contents/Eclipse/plugins/com.st.stm32cube.ide.mcu.externaltools.gnu-tools-for-stm32.12.3.rel1.macos64_1.1.0.202410301201/tools/bin/../lib/gcc/arm-none-eabi/12.3.1/../../../../arm-none-eabi/lib/thumb/v7e-m+dp/hard/libm.a(libm_a-exp_data.o)
 .ARM.attributes
                0x000004f1       0x32 /Applications/STM32CubeIDE.app/Contents/Eclipse/plugins/com.st.stm32cube.ide.mcu.externaltools.gnu-tools-for-stm32.12.3.rel1.macos64_1.1.0.202410301201/tools/bin/../lib/gcc/arm-none-eabi/12.3.1/../../../../arm-none-eabi/lib/thumb/v7e-m+dp/hard/libm.a(libm_a-math_err.o)
 .ARM.attributes
                0x00000523       0x20 /Applications/STM32CubeIDE.app/Contents/Eclipse/plugins/com.st.stm32cube.ide.mcu.externaltools.gnu-tools-for-stm32.12.3.rel1.macos64_1.1.0.202410301201/tools/bin/../lib/gcc/arm-none-eabi/12.3.1/thumb/v7e-m+dp/hard/crtn.o
OUTPUT(WS2813mini_SPI_Control.elf elf32-littlearm)
LOAD linker stubs
LOAD /Applications/STM32CubeIDE.app/Contents/Eclipse/plugins/com.st.stm32cube.ide.mcu.externaltools.gnu-tools-for-stm32.12.3.rel1.macos64_1.1.0.202410301201/tools/bin/../lib/gcc/arm-none-eabi/12.3.1/../../../../arm-none-eabi/lib/thumb/v7e-m+dp/hard/libc.a
LOAD /Applications/STM32CubeIDE.app/Contents/Eclipse/plugins/com.st.stm32cube.ide.mcu.externaltools.gnu-tools-for-stm32.12.3.rel1.macos64_1.1.0.202410301201/tools/bin/../lib/gcc/arm-none-eabi/12.3.1/../../../../arm-none-eabi/lib/thumb/v7e-m+dp/hard/libm.a
LOAD /Applications/STM32CubeIDE.app/Contents/Eclipse/plugins/com.st.stm32cube.ide.mcu.externaltools.gnu-tools-for-stm32.12.3.rel1.macos64_1.1.0.202410301201/tools/bin/../lib/gcc/arm-none-eabi/12.3.1/thumb/v7e-m+dp/hard/libgcc.a

.debug_info     0x00000000     0xe438
 .debug_info    0x00000000      0x829 ./Core/Src/dma.o
 .debug_info    0x00000829      0x650 ./Core/Src/gpio.o
 .debug_info    0x00000e79      0xf50 ./Core/Src/main.o
 .debug_info    0x00001dc9      0x464 ./Core/Src/stm32h7xx_hal_msp.o
 .debug_info    0x0000222d      0x449 ./Core/Src/stm32h7xx_it.o
 .debug_info    0x00002676      0xdb2 ./Core/Src/system_stm32h7xx.o
 .debug_info    0x00003428      0xf48 ./Core/Src/tim.o
 .debug_info    0x00004370       0x30 ./Core/Startup/startup_stm32h753zitx.o
 .debug_info    0x000043a0     0x1541 ./Drivers/STM32H7xx_HAL_Driver/Src/stm32h7xx_hal.o
 .debug_info    0x000058e1     0x10b7 ./Drivers/STM32H7xx_HAL_Driver/Src/stm32h7xx_hal_cortex.o
 .debug_info    0x00006998      0xc31 ./Drivers/STM32H7xx_HAL_Driver/Src/stm32h7xx_hal_dma.o
 .debug_info    0x000075c9      0xc5a ./Drivers/STM32H7xx_HAL_Driver/Src/stm32h7xx_hal_gpio.o
 .debug_info    0x00008223     0x1012 ./Drivers/STM32H7xx_HAL_Driver/Src/stm32h7xx_hal_pwr_ex.o
 .debug_info    0x00009235      0xe6a ./Drivers/STM32H7xx_HAL_Driver/Src/stm32h7xx_hal_rcc.o
 .debug_info    0x0000a09f     0x2bae ./Drivers/STM32H7xx_HAL_Driver/Src/stm32h7xx_hal_tim.o
 .debug_info    0x0000cc4d     0x17eb ./Drivers/STM32H7xx_HAL_Driver/Src/stm32h7xx_hal_tim_ex.o

.debug_abbrev   0x00000000     0x2002
 .debug_abbrev  0x00000000      0x11e ./Core/Src/dma.o
 .debug_abbrev  0x0000011e      0x189 ./Core/Src/gpio.o
 .debug_abbrev  0x000002a7      0x2d9 ./Core/Src/main.o
 .debug_abbrev  0x00000580       0xdb ./Core/Src/stm32h7xx_hal_msp.o
 .debug_abbrev  0x0000065b      0x16d ./Core/Src/stm32h7xx_it.o
 .debug_abbrev  0x000007c8      0x165 ./Core/Src/system_stm32h7xx.o
 .debug_abbrev  0x0000092d      0x230 ./Core/Src/tim.o
 .debug_abbrev  0x00000b5d       0x24 ./Core/Startup/startup_stm32h753zitx.o
 .debug_abbrev  0x00000b81      0x295 ./Drivers/STM32H7xx_HAL_Driver/Src/stm32h7xx_hal.o
 .debug_abbrev  0x00000e16      0x339 ./Drivers/STM32H7xx_HAL_Driver/Src/stm32h7xx_hal_cortex.o
 .debug_abbrev  0x0000114f      0x248 ./Drivers/STM32H7xx_HAL_Driver/Src/stm32h7xx_hal_dma.o
 .debug_abbrev  0x00001397      0x205 ./Drivers/STM32H7xx_HAL_Driver/Src/stm32h7xx_hal_gpio.o
 .debug_abbrev  0x0000159c      0x2a7 ./Drivers/STM32H7xx_HAL_Driver/Src/stm32h7xx_hal_pwr_ex.o
 .debug_abbrev  0x00001843      0x2c8 ./Drivers/STM32H7xx_HAL_Driver/Src/stm32h7xx_hal_rcc.o
 .debug_abbrev  0x00001b0b      0x276 ./Drivers/STM32H7xx_HAL_Driver/Src/stm32h7xx_hal_tim.o
 .debug_abbrev  0x00001d81      0x281 ./Drivers/STM32H7xx_HAL_Driver/Src/stm32h7xx_hal_tim_ex.o

.debug_aranges  0x00000000      0xca8
 .debug_aranges
                0x00000000       0x20 ./Core/Src/dma.o
 .debug_aranges
                0x00000020       0x20 ./Core/Src/gpio.o
 .debug_aranges
                0x00000040       0x48 ./Core/Src/main.o
 .debug_aranges
                0x00000088       0x20 ./Core/Src/stm32h7xx_hal_msp.o
 .debug_aranges
                0x000000a8       0x68 ./Core/Src/stm32h7xx_it.o
 .debug_aranges
                0x00000110       0x30 ./Core/Src/system_stm32h7xx.o
 .debug_aranges
                0x00000140       0x38 ./Core/Src/tim.o
 .debug_aranges
                0x00000178       0x28 ./Core/Startup/startup_stm32h753zitx.o
 .debug_aranges
                0x000001a0      0x198 ./Drivers/STM32H7xx_HAL_Driver/Src/stm32h7xx_hal.o
 .debug_aranges
                0x00000338      0x130 ./Drivers/STM32H7xx_HAL_Driver/Src/stm32h7xx_hal_cortex.o
 .debug_aranges
                0x00000468       0xa0 ./Drivers/STM32H7xx_HAL_Driver/Src/stm32h7xx_hal_dma.o
 .debug_aranges
                0x00000508       0x58 ./Drivers/STM32H7xx_HAL_Driver/Src/stm32h7xx_hal_gpio.o
 .debug_aranges
                0x00000560      0x158 ./Drivers/STM32H7xx_HAL_Driver/Src/stm32h7xx_hal_pwr_ex.o
 .debug_aranges
                0x000006b8       0x88 ./Drivers/STM32H7xx_HAL_Driver/Src/stm32h7xx_hal_rcc.o
 .debug_aranges
                0x00000740      0x3e0 ./Drivers/STM32H7xx_HAL_Driver/Src/stm32h7xx_hal_tim.o
 .debug_aranges
                0x00000b20      0x188 ./Drivers/STM32H7xx_HAL_Driver/Src/stm32h7xx_hal_tim_ex.o

.debug_rnglists
                0x00000000      0x9bc
 .debug_rnglists
                0x00000000       0x13 ./Core/Src/dma.o
 .debug_rnglists
                0x00000013       0x14 ./Core/Src/gpio.o
 .debug_rnglists
                0x00000027       0x34 ./Core/Src/main.o
 .debug_rnglists
                0x0000005b       0x13 ./Core/Src/stm32h7xx_hal_msp.o
 .debug_rnglists
                0x0000006e       0x49 ./Core/Src/stm32h7xx_it.o
 .debug_rnglists
                0x000000b7       0x21 ./Core/Src/system_stm32h7xx.o
 .debug_rnglists
                0x000000d8       0x27 ./Core/Src/tim.o
 .debug_rnglists
                0x000000ff       0x19 ./Core/Startup/startup_stm32h753zitx.o
 .debug_rnglists
                0x00000118      0x131 ./Drivers/STM32H7xx_HAL_Driver/Src/stm32h7xx_hal.o
 .debug_rnglists
                0x00000249       0xe0 ./Drivers/STM32H7xx_HAL_Driver/Src/stm32h7xx_hal_cortex.o
 .debug_rnglists
                0x00000329       0x82 ./Drivers/STM32H7xx_HAL_Driver/Src/stm32h7xx_hal_dma.o
 .debug_rnglists
                0x000003ab       0x3f ./Drivers/STM32H7xx_HAL_Driver/Src/stm32h7xx_hal_gpio.o
 .debug_rnglists
                0x000003ea      0x103 ./Drivers/STM32H7xx_HAL_Driver/Src/stm32h7xx_hal_pwr_ex.o
 .debug_rnglists
                0x000004ed       0x68 ./Drivers/STM32H7xx_HAL_Driver/Src/stm32h7xx_hal_rcc.o
 .debug_rnglists
                0x00000555      0x328 ./Drivers/STM32H7xx_HAL_Driver/Src/stm32h7xx_hal_tim.o
 .debug_rnglists
                0x0000087d      0x13f ./Drivers/STM32H7xx_HAL_Driver/Src/stm32h7xx_hal_tim_ex.o

.debug_macro    0x00000000    0x37a67
 .debug_macro   0x00000000      0x316 ./Core/Src/dma.o
 .debug_macro   0x00000316      0xad8 ./Core/Src/dma.o
 .debug_macro   0x00000dee      0x238 ./Core/Src/dma.o
 .debug_macro   0x00001026       0x2e ./Core/Src/dma.o
 .debug_macro   0x00001054       0x3b ./Core/Src/dma.o
 .debug_macro   0x0000108f       0x22 ./Core/Src/dma.o
 .debug_macro   0x000010b1       0x8e ./Core/Src/dma.o
 .debug_macro   0x0000113f       0x51 ./Core/Src/dma.o
 .debug_macro   0x00001190      0x103 ./Core/Src/dma.o
 .debug_macro   0x00001293       0x6a ./Core/Src/dma.o
 .debug_macro   0x000012fd      0x1df ./Core/Src/dma.o
 .debug_macro   0x000014dc       0x1c ./Core/Src/dma.o
 .debug_macro   0x000014f8       0x22 ./Core/Src/dma.o
 .debug_macro   0x0000151a       0xfb ./Core/Src/dma.o
 .debug_macro   0x00001615     0x1305 ./Core/Src/dma.o
 .debug_macro   0x0000291a      0x11f ./Core/Src/dma.o
 .debug_macro   0x00002a39       0x27 ./Core/Src/dma.o
 .debug_macro   0x00002a60    0x261ac ./Core/Src/dma.o
 .debug_macro   0x00028c0c       0x6d ./Core/Src/dma.o
 .debug_macro   0x00028c79     0x3d79 ./Core/Src/dma.o
 .debug_macro   0x0002c9f2      0x189 ./Core/Src/dma.o
 .debug_macro   0x0002cb7b       0x61 ./Core/Src/dma.o
 .debug_macro   0x0002cbdc       0x29 ./Core/Src/dma.o
 .debug_macro   0x0002cc05       0x43 ./Core/Src/dma.o
 .debug_macro   0x0002cc48       0x34 ./Core/Src/dma.o
 .debug_macro   0x0002cc7c       0x16 ./Core/Src/dma.o
 .debug_macro   0x0002cc92       0x43 ./Core/Src/dma.o
 .debug_macro   0x0002ccd5       0x34 ./Core/Src/dma.o
 .debug_macro   0x0002cd09       0x10 ./Core/Src/dma.o
 .debug_macro   0x0002cd19       0x58 ./Core/Src/dma.o
 .debug_macro   0x0002cd71       0x8e ./Core/Src/dma.o
 .debug_macro   0x0002cdff       0x1c ./Core/Src/dma.o
 .debug_macro   0x0002ce1b      0x177 ./Core/Src/dma.o
 .debug_macro   0x0002cf92      0x369 ./Core/Src/dma.o
 .debug_macro   0x0002d2fb      0x19b ./Core/Src/dma.o
 .debug_macro   0x0002d496       0x5d ./Core/Src/dma.o
 .debug_macro   0x0002d4f3     0x240e ./Core/Src/dma.o
 .debug_macro   0x0002f901     0x102c ./Core/Src/dma.o
 .debug_macro   0x0003092d      0x154 ./Core/Src/dma.o
 .debug_macro   0x00030a81      0x114 ./Core/Src/dma.o
 .debug_macro   0x00030b95      0x3b6 ./Core/Src/dma.o
 .debug_macro   0x00030f4b       0xac ./Core/Src/dma.o
 .debug_macro   0x00030ff7      0x72d ./Core/Src/dma.o
 .debug_macro   0x00031724      0x228 ./Core/Src/dma.o
 .debug_macro   0x0003194c       0x66 ./Core/Src/dma.o
 .debug_macro   0x000319b2      0x3bb ./Core/Src/dma.o
 .debug_macro   0x00031d6d      0x3e4 ./Core/Src/dma.o
 .debug_macro   0x00032151      0x275 ./Core/Src/dma.o
 .debug_macro   0x000323c6      0x3ca ./Core/Src/dma.o
 .debug_macro   0x00032790      0x408 ./Core/Src/dma.o
 .debug_macro   0x00032b98       0x51 ./Core/Src/dma.o
 .debug_macro   0x00032be9       0x4a ./Core/Src/dma.o
 .debug_macro   0x00032c33      0x22c ./Core/Src/dma.o
 .debug_macro   0x00032e5f       0x67 ./Core/Src/dma.o
 .debug_macro   0x00032ec6       0xa5 ./Core/Src/dma.o
 .debug_macro   0x00032f6b      0x1c4 ./Core/Src/dma.o
 .debug_macro   0x0003312f      0x25e ./Core/Src/dma.o
 .debug_macro   0x0003338d       0x35 ./Core/Src/dma.o
 .debug_macro   0x000333c2      0xafa ./Core/Src/dma.o
 .debug_macro   0x00033ebc      0x29f ./Core/Src/dma.o
 .debug_macro   0x0003415b      0x693 ./Core/Src/dma.o
 .debug_macro   0x000347ee       0xa6 ./Core/Src/dma.o
 .debug_macro   0x00034894      0x5ac ./Core/Src/dma.o
 .debug_macro   0x00034e40       0x2e ./Core/Src/dma.o
 .debug_macro   0x00034e6e       0x52 ./Core/Src/dma.o
 .debug_macro   0x00034ec0      0x131 ./Core/Src/dma.o
 .debug_macro   0x00034ff1       0x1c ./Core/Src/dma.o
 .debug_macro   0x0003500d       0x35 ./Core/Src/dma.o
 .debug_macro   0x00035042       0x10 ./Core/Src/dma.o
 .debug_macro   0x00035052       0x1c ./Core/Src/dma.o
 .debug_macro   0x0003506e       0x16 ./Core/Src/dma.o
 .debug_macro   0x00035084      0x146 ./Core/Src/dma.o
 .debug_macro   0x000351ca       0x34 ./Core/Src/dma.o
 .debug_macro   0x000351fe      0x316 ./Core/Src/gpio.o
 .debug_macro   0x00035514      0x350 ./Core/Src/main.o
 .debug_macro   0x00035864      0x30c ./Core/Src/stm32h7xx_hal_msp.o
 .debug_macro   0x00035b70      0x316 ./Core/Src/stm32h7xx_it.o
 .debug_macro   0x00035e86      0x2a8 ./Core/Src/system_stm32h7xx.o
 .debug_macro   0x0003612e      0x316 ./Core/Src/tim.o
 .debug_macro   0x00036444      0x2d2 ./Drivers/STM32H7xx_HAL_Driver/Src/stm32h7xx_hal.o
 .debug_macro   0x00036716      0x2a8 ./Drivers/STM32H7xx_HAL_Driver/Src/stm32h7xx_hal_cortex.o
 .debug_macro   0x000369be      0x2fc ./Drivers/STM32H7xx_HAL_Driver/Src/stm32h7xx_hal_dma.o
 .debug_macro   0x00036cba      0x2af ./Drivers/STM32H7xx_HAL_Driver/Src/stm32h7xx_hal_gpio.o
 .debug_macro   0x00036f69      0x2e1 ./Drivers/STM32H7xx_HAL_Driver/Src/stm32h7xx_hal_pwr_ex.o
 .debug_macro   0x0003724a      0x2cc ./Drivers/STM32H7xx_HAL_Driver/Src/stm32h7xx_hal_rcc.o
 .debug_macro   0x00037516      0x2a9 ./Drivers/STM32H7xx_HAL_Driver/Src/stm32h7xx_hal_tim.o
 .debug_macro   0x000377bf      0x2a8 ./Drivers/STM32H7xx_HAL_Driver/Src/stm32h7xx_hal_tim_ex.o

.debug_line     0x00000000    0x11673
 .debug_line    0x00000000      0x8fe ./Core/Src/dma.o
 .debug_line    0x000008fe      0x92b ./Core/Src/gpio.o
 .debug_line    0x00001229      0xb15 ./Core/Src/main.o
 .debug_line    0x00001d3e      0x901 ./Core/Src/stm32h7xx_hal_msp.o
 .debug_line    0x0000263f      0x9dd ./Core/Src/stm32h7xx_it.o
 .debug_line    0x0000301c      0xa64 ./Core/Src/system_stm32h7xx.o
 .debug_line    0x00003a80      0x9cd ./Core/Src/tim.o
 .debug_line    0x0000444d       0x7b ./Core/Startup/startup_stm32h753zitx.o
 .debug_line    0x000044c8      0xe24 ./Drivers/STM32H7xx_HAL_Driver/Src/stm32h7xx_hal.o
 .debug_line    0x000052ec      0xe53 ./Drivers/STM32H7xx_HAL_Driver/Src/stm32h7xx_hal_cortex.o
 .debug_line    0x0000613f     0x2787 ./Drivers/STM32H7xx_HAL_Driver/Src/stm32h7xx_hal_dma.o
 .debug_line    0x000088c6      0xcfc ./Drivers/STM32H7xx_HAL_Driver/Src/stm32h7xx_hal_gpio.o
 .debug_line    0x000095c2      0xf47 ./Drivers/STM32H7xx_HAL_Driver/Src/stm32h7xx_hal_pwr_ex.o
 .debug_line    0x0000a509     0x13f4 ./Drivers/STM32H7xx_HAL_Driver/Src/stm32h7xx_hal_rcc.o
 .debug_line    0x0000b8fd     0x3fb2 ./Drivers/STM32H7xx_HAL_Driver/Src/stm32h7xx_hal_tim.o
 .debug_line    0x0000f8af     0x1dc4 ./Drivers/STM32H7xx_HAL_Driver/Src/stm32h7xx_hal_tim_ex.o

.debug_str      0x00000000   0x164aa6
 .debug_str     0x00000000   0x1608e8 ./Core/Src/dma.o
                             0x160da1 (size before relaxing)
 .debug_str     0x001608e8       0xe4 ./Core/Src/gpio.o
                             0x160611 (size before relaxing)
 .debug_str     0x001609cc      0x97b ./Core/Src/main.o
                             0x160daf (size before relaxing)
 .debug_str     0x00161347       0x2c ./Core/Src/stm32h7xx_hal_msp.o
                             0x160546 (size before relaxing)
 .debug_str     0x00161373      0x102 ./Core/Src/stm32h7xx_it.o
                             0x160701 (size before relaxing)
 .debug_str     0x00161475      0x351 ./Core/Src/system_stm32h7xx.o
                             0x15f975 (size before relaxing)
 .debug_str     0x001617c6      0x1ac ./Core/Src/tim.o
                             0x160e17 (size before relaxing)
 .debug_str     0x00161972       0x44 ./Core/Startup/startup_stm32h753zitx.o
                                 0x82 (size before relaxing)
 .debug_str     0x001619b6      0x7ef ./Drivers/STM32H7xx_HAL_Driver/Src/stm32h7xx_hal.o
                             0x16085b (size before relaxing)
 .debug_str     0x001621a5      0x37d ./Drivers/STM32H7xx_HAL_Driver/Src/stm32h7xx_hal_cortex.o
                             0x160296 (size before relaxing)
 .debug_str     0x00162522      0x862 ./Drivers/STM32H7xx_HAL_Driver/Src/stm32h7xx_hal_dma.o
                             0x160070 (size before relaxing)
 .debug_str     0x00162d84      0x101 ./Drivers/STM32H7xx_HAL_Driver/Src/stm32h7xx_hal_gpio.o
                             0x15f8ed (size before relaxing)
 .debug_str     0x00162e85      0x642 ./Drivers/STM32H7xx_HAL_Driver/Src/stm32h7xx_hal_pwr_ex.o
                             0x15fdae (size before relaxing)
 .debug_str     0x001634c7      0x22e ./Drivers/STM32H7xx_HAL_Driver/Src/stm32h7xx_hal_rcc.o
                             0x15fcd1 (size before relaxing)
 .debug_str     0x001636f5      0xe21 ./Drivers/STM32H7xx_HAL_Driver/Src/stm32h7xx_hal_tim.o
                             0x160a70 (size before relaxing)
 .debug_str     0x00164516      0x590 ./Drivers/STM32H7xx_HAL_Driver/Src/stm32h7xx_hal_tim_ex.o
                             0x160398 (size before relaxing)

.comment        0x00000000       0x43
 .comment       0x00000000       0x43 ./Core/Src/dma.o
                                 0x44 (size before relaxing)
 .comment       0x00000043       0x44 ./Core/Src/gpio.o
 .comment       0x00000043       0x44 ./Core/Src/main.o
 .comment       0x00000043       0x44 ./Core/Src/stm32h7xx_hal_msp.o
 .comment       0x00000043       0x44 ./Core/Src/stm32h7xx_it.o
 .comment       0x00000043       0x44 ./Core/Src/system_stm32h7xx.o
 .comment       0x00000043       0x44 ./Core/Src/tim.o
 .comment       0x00000043       0x44 ./Drivers/STM32H7xx_HAL_Driver/Src/stm32h7xx_hal.o
 .comment       0x00000043       0x44 ./Drivers/STM32H7xx_HAL_Driver/Src/stm32h7xx_hal_cortex.o
 .comment       0x00000043       0x44 ./Drivers/STM32H7xx_HAL_Driver/Src/stm32h7xx_hal_dma.o
 .comment       0x00000043       0x44 ./Drivers/STM32H7xx_HAL_Driver/Src/stm32h7xx_hal_gpio.o
 .comment       0x00000043       0x44 ./Drivers/STM32H7xx_HAL_Driver/Src/stm32h7xx_hal_pwr_ex.o
 .comment       0x00000043       0x44 ./Drivers/STM32H7xx_HAL_Driver/Src/stm32h7xx_hal_rcc.o
 .comment       0x00000043       0x44 ./Drivers/STM32H7xx_HAL_Driver/Src/stm32h7xx_hal_tim.o
 .comment       0x00000043       0x44 ./Drivers/STM32H7xx_HAL_Driver/Src/stm32h7xx_hal_tim_ex.o

.debug_frame    0x00000000     0x37c0
 .debug_frame   0x00000000       0x34 ./Core/Src/dma.o
 .debug_frame   0x00000034       0x34 ./Core/Src/gpio.o
 .debug_frame   0x00000068       0xdc ./Core/Src/main.o
 .debug_frame   0x00000144       0x38 ./Core/Src/stm32h7xx_hal_msp.o
 .debug_frame   0x0000017c      0x120 ./Core/Src/stm32h7xx_it.o
 .debug_frame   0x0000029c       0x78 ./Core/Src/system_stm32h7xx.o
 .debug_frame   0x00000314       0xa0 ./Core/Src/tim.o
 .debug_frame   0x000003b4      0x690 ./Drivers/STM32H7xx_HAL_Driver/Src/stm32h7xx_hal.o
 .debug_frame   0x00000a44      0x508 ./Drivers/STM32H7xx_HAL_Driver/Src/stm32h7xx_hal_cortex.o
 .debug_frame   0x00000f4c      0x2b4 ./Drivers/STM32H7xx_HAL_Driver/Src/stm32h7xx_hal_dma.o
 .debug_frame   0x00001200      0x14c ./Drivers/STM32H7xx_HAL_Driver/Src/stm32h7xx_hal_gpio.o
 .debug_frame   0x0000134c      0x580 ./Drivers/STM32H7xx_HAL_Driver/Src/stm32h7xx_hal_pwr_ex.o
 .debug_frame   0x000018cc      0x1f8 ./Drivers/STM32H7xx_HAL_Driver/Src/stm32h7xx_hal_rcc.o
 .debug_frame   0x00001ac4     0x121c ./Drivers/STM32H7xx_HAL_Driver/Src/stm32h7xx_hal_tim.o
 .debug_frame   0x00002ce0      0x6d8 ./Drivers/STM32H7xx_HAL_Driver/Src/stm32h7xx_hal_tim_ex.o
 .debug_frame   0x000033b8      0x144 /Applications/STM32CubeIDE.app/Contents/Eclipse/plugins/com.st.stm32cube.ide.mcu.externaltools.gnu-tools-for-stm32.12.3.rel1.macos64_1.1.0.202410301201/tools/bin/../lib/gcc/arm-none-eabi/12.3.1/../../../../arm-none-eabi/lib/thumb/v7e-m+dp/hard/libc_nano.a(libc_a-findfp.o)
 .debug_frame   0x000034fc       0x20 /Applications/STM32CubeIDE.app/Contents/Eclipse/plugins/com.st.stm32cube.ide.mcu.externaltools.gnu-tools-for-stm32.12.3.rel1.macos64_1.1.0.202410301201/tools/bin/../lib/gcc/arm-none-eabi/12.3.1/../../../../arm-none-eabi/lib/thumb/v7e-m+dp/hard/libc_nano.a(libc_a-memset.o)
 .debug_frame   0x0000351c       0x20 /Applications/STM32CubeIDE.app/Contents/Eclipse/plugins/com.st.stm32cube.ide.mcu.externaltools.gnu-tools-for-stm32.12.3.rel1.macos64_1.1.0.202410301201/tools/bin/../lib/gcc/arm-none-eabi/12.3.1/../../../../arm-none-eabi/lib/thumb/v7e-m+dp/hard/libc_nano.a(libc_a-errno.o)
 .debug_frame   0x0000353c       0x2c /Applications/STM32CubeIDE.app/Contents/Eclipse/plugins/com.st.stm32cube.ide.mcu.externaltools.gnu-tools-for-stm32.12.3.rel1.macos64_1.1.0.202410301201/tools/bin/../lib/gcc/arm-none-eabi/12.3.1/../../../../arm-none-eabi/lib/thumb/v7e-m+dp/hard/libc_nano.a(libc_a-init.o)
 .debug_frame   0x00003568      0x18c /Applications/STM32CubeIDE.app/Contents/Eclipse/plugins/com.st.stm32cube.ide.mcu.externaltools.gnu-tools-for-stm32.12.3.rel1.macos64_1.1.0.202410301201/tools/bin/../lib/gcc/arm-none-eabi/12.3.1/../../../../arm-none-eabi/lib/thumb/v7e-m+dp/hard/libm.a(libm_a-pow.o)
 .debug_frame   0x000036f4       0xcc /Applications/STM32CubeIDE.app/Contents/Eclipse/plugins/com.st.stm32cube.ide.mcu.externaltools.gnu-tools-for-stm32.12.3.rel1.macos64_1.1.0.202410301201/tools/bin/../lib/gcc/arm-none-eabi/12.3.1/../../../../arm-none-eabi/lib/thumb/v7e-m+dp/hard/libm.a(libm_a-math_err.o)

.debug_line_str
                0x00000000       0x66
 .debug_line_str
                0x00000000       0x66 ./Core/Startup/startup_stm32h753zitx.o
