16:49:49 **** Incremental Build of configuration Debug for project STM32Craft ****
make -j16 all 
arm-none-eabi-gcc "../Core/Src/main.c" -mcpu=cortex-m7 -std=gnu11 -g3 -DDEBUG -DUSE_PWR_LDO_SUPPLY -DUSE_HAL_DRIVER -DSTM32H753xx -c -I../Core/Inc -I../Drivers/STM32H7xx_HAL_Driver/Inc -I../Drivers/STM32H7xx_HAL_Driver/Inc/Legacy -I../Drivers/CMSIS/Device/ST/STM32H7xx/Include -I../Drivers/CMSIS/Include -O0 -ffunction-sections -fdata-sections -Wall -fstack-usage -fcyclomatic-complexity -MMD -MP -MF"Core/Src/main.d" -MT"Core/Src/main.o" --specs=nano.specs -mfpu=fpv5-d16 -mfloat-abi=hard -mthumb -o "Core/Src/main.o"
arm-none-eabi-gcc -o "STM32Craft.elf" @"objects.list"   -mcpu=cortex-m7 -T"C:\Users\paran\Desktop\Wonder\STM32_Craft\STM32Craft\STM32H753ZITX_FLASH.ld" --specs=nosys.specs -Wl,-Map="STM32Craft.map" -Wl,--gc-sections -static --specs=nano.specs -mfpu=fpv5-d16 -mfloat-abi=hard -mthumb -Wl,--start-group -lc -lm -Wl,--end-group
Finished building target: STM32Craft.elf
 
arm-none-eabi-size  STM32Craft.elf 
arm-none-eabi-objdump -h -S STM32Craft.elf  > "STM32Craft.list"
   text	   data	    bss	    dec	    hex	filename
   8084	     16	   1584	   9684	   25d4	STM32Craft.elf
Finished building: default.size.stdout
 
Finished building: STM32Craft.list
 

16:49:50 Build Finished. 0 errors, 0 warnings. (took 747ms)

